                                                                                                       ChangeInfo{f94e858 container=AppZoomOut:2:14@253419948 flags=0x0}
                                                                                                    ]
                                                                                                    }
2026-06-16 15:23:38.733   998-998   SurfaceFlinger          surfaceflinger                       D  Display 4633128672291736003 HWC layers:
                                                                                                           DEVICE |           10419590660097 | 00000100 | RGBA_8888    |  123.0  267.0  957.0 2073.0 |    0    0 1080 2340 | Wallpaper BBQ wrapper 5_system#64 (80)
                                                                                                           DEVICE |           10045928507575 | 00002100 | RGBA_8888    |    0.0    0.0 1080.0 2340.0 |    0    0 1080 2340 | Splash Screen com.friday.assistant$_2339#7085 (1)
                                                                                                           DEVICE |           10045928507573 | 00002100 | RGBA_8888    |    0.0    0.0 1080.0  103.0 |    0    0 1080  103 | StatusBar$_2339#88 (5759)
                                                                                                           DEVICE |           12996571038776 | 00002100 | RGBA_8888    |    0.0    0.0   80.0  342.0 | 1000  863 1080 1205 | com.sec.android.app.launcher/com.sam[...]el.app.CocktailBarService$_3026#7038 (1)
                                                                                                           DEVICE |           10045928507556 | 00002100 | RGBA_8888    |    0.0    0.0 1080.0  144.0 |    0 2196 1080 2340 | NavigationBar0$_2339#84 (10658)
                                                                                                    
2026-06-16 15:23:38.741   998-998   SurfaceFlinger          surfaceflinger                       D  Display 4633128672291736003 HWC layers:
                                                                                                           DEVICE |           10045928507575 | 00002100 | RGBA_8888    |    0.0    0.0 1080.0 2340.0 |    0    0 1080 2340 | Splash Screen com.friday.assistant$_2339#7085 (1)
                                                                                                           DEVICE |           10045928507573 | 00002100 | RGBA_8888    |    0.0    0.0 1080.0  103.0 |    0    0 1080  103 | StatusBar$_2339#88 (5759)
                                                                                                           DEVICE |           12996571038776 | 00002100 | RGBA_8888    |    0.0    0.0   80.0  342.0 | 1000  863 1080 1205 | com.sec.android.app.launcher/com.sam[...]el.app.CocktailBarService$_3026#7038 (1)
                                                                                                           DEVICE |           10045928507556 | 00002100 | RGBA_8888    |    0.0    0.0 1080.0  144.0 |    0 2196 1080 2340 | NavigationBar0$_2339#84 (10658)
                                                                                                    
2026-06-16 15:23:38.786 19956-19956 SpeakerVerifier         com.friday.assistant                 I  ONNX Speaker Verification model loaded successfully
2026-06-16 15:23:38.790 19956-19956 CompatChangeReporter    com.friday.assistant                 D  Compat change id reported: 377864165; UID 10527; state: ENABLED
2026-06-16 15:23:38.790 19956-19956 DesktopModeFlags        com.friday.assistant                 D  Toggle override initialized to: OVERRIDE_UNSET
2026-06-16 15:23:38.792 19956-19956 DecorView               com.friday.assistant                 I  setWindowBackground: isPopOver=false color=fffafafa d=android.graphics.drawable.ColorDrawable@9a09281
2026-06-16 15:23:38.801 19956-19956 ViewRootImpl            com.friday.assistant                 D  desktopMode is false
2026-06-16 15:23:38.802 19956-19956 ViewRootImpl            com.friday.assistant                 I  dVRR is disabled
2026-06-16 15:23:38.802 19956-19956 HardwareRenderer        com.friday.assistant                 D  onDisplayChanged. displayId=0 current wxh=1080x2340 mLargest wxh=0x0
2026-06-16 15:23:38.802 19956-19982 HWUI                    com.friday.assistant                 D  setMaxSurfaceArea requested wxh=(1080,2340) requestedSurfaceArea(2527200) mMaxSurfaceArea(2073600)
2026-06-16 15:23:38.802 19956-19956 HardwareRenderer        com.friday.assistant                 D  Set largestWidth and largestHeight as logical resolution. (1080x2340)
2026-06-16 15:23:38.803 19956-19982 NativeCust...ncyManager com.friday.assistant                 D  [NativeCFMS] BpCustomFrequencyManager::BpCustomFrequencyManager()
2026-06-16 15:23:38.804 19956-19998 riday.assistant         com.friday.assistant                 I  [HIDL_FETCH_IMapper] android.hardware.graphics.mapper@4.0: Loaded Mapper successfully.
2026-06-16 15:23:38.805   998-1310  SurfaceFlinger          surfaceflinger                       I  id=7089 createSurf, flag=84004, fc3cd65 com.friday.assistant/com.friday.assistant.ui.screens.MainActivity#7089
2026-06-16 15:23:38.806 19956-19956 InputTransport          com.friday.assistant                 D  Input channel constructed: 'fc3cd65', fd=114
2026-06-16 15:23:38.806 19956-19956 InsetsController        com.friday.assistant                 I  onStateChanged: host=com.friday.assistant/com.friday.assistant.ui.screens.MainActivity, from=android.view.ViewRootImpl.onInsetsStateChanged:3038, state=InsetsState: {mDisplayFrame=Rect(0, 0 - 1080, 2340), mDisplayCutout=DisplayCutout{insets=Rect(0, 103 - 0, 0) waterfall=Insets{left=0, top=0, right=0, bottom=0} boundingRect={Bounds=[Rect(0, 0 - 0, 0), Rect(511, 0 - 569, 103), Rect(0, 0 - 0, 0), Rect(0, 0 - 0, 0)]} cutoutPathParserInfo={CutoutPathParserInfo{displayWidth=1080 displayHeight=2340 physicalDisplayWidth=1080 physicalDisplayHeight=2340 density={3.0} cutoutSpec={M 0,0 H -9.666666666666667 V 34.33333333333333 H 9.666666666666667 V 0 H 0 Z @dp} rotation={0} scale={1.0} physicalPixelDisplaySizeRatio={1.0}}} sideOverrides={}}, mRoundedCorners=RoundedCorners{[RoundedCorner{position=TopLeft, radius=108, center=Point(108, 108)}, RoundedCorner{position=TopRight, radius=108, center=Point(972, 108)}, RoundedCorner{position=BottomRight, radius=108, center=Point(972, 2232)}, RoundedCorner{position=BottomLeft, radius=108, center=Point(108, 2232)}]}  mRoundedCornerFrame=Rect(0, 0 - 1080, 2340), mPrivacyIndicatorBounds=PrivacyIndicatorBounds {static bounds=Rect(948, 0 - 1080, 103) rotation=0}, mDisplayShape=DisplayShape{ spec=-311912193 displayWidth=1080 displayHeight=2340 physicalPixelDisplaySizeRatio=1.0 rotation=0 offsetX=0 offsetY=0 scale=1.0}, mSources= { InsetsSource: {da090000 mType=statusBars mFrame=[0,0][1080,103] mAttachedInsets=null mVisible=true mFlags= mSideHint=TOP mBoundingRects=null}, InsetsSource: {da090005 mType=mandatorySystemGestures mFrame=[0,0][1080,139] mAttachedInsets=null mVisible=true mFlags= mSideHint=TOP mBoundingRects=null}, InsetsSource: {da090006 mType=tappableElement mFrame=[0,0][1080,103] mAttachedInsets=null mVisible=true mFlags= mSideHint=TOP mBoundingRects=null}, InsetsSource: {f8fa0001 mType=navigationBars mFrame=[0,2196][1080,2340] mAttachedInsets=null mVisible=true mFlags= mSideHint=BOTTOM mBoundingRects=null}, InsetsSource: {f8fa0004 mType=systemGestures mFrame=[0,0][0,0] mAttachedInsets=null mVisible=true mFlags= mSideHint=NONE mBoundingRects=null}, InsetsSource: {f8fa0005 mType=mandatorySystemGestures mFrame=[0,2196][1080,2340] mAttachedInsets=null mVisible=true mFlags= mSideHint=BOTTOM mBoundingRects=null}, InsetsSource: {f8fa0006 mType=tappableElement mFrame=[0,2196][1080,2340] mAttachedInsets=null mVisible=true mFlags= mSideHint=BOTTOM mBoundingRects=null}, InsetsSource: {f8fa0024 mType=systemGestures mFrame=[0,0][0,0] mAttachedInsets=null mVisible=true mFlags= mSideHint=NONE mBoundingRects=null}, InsetsSource: {3 mType=ime mFrame=[0,0][0,0] mAttachedInsets=null mVisible=false mFlags=INVALID mSideHint=NONE mBoundingRects=null}, InsetsSource: {27 mType=displayCutout mFrame=[0,0][1080,103] mAttachedInsets=null mVisible=true mFlags= mSideHint=TOP mBoundingRects=null} }
2026-06-16 15:23:38.807 19956-19956 VRI[MainAc...y]@e8151ae com.friday.assistant                 I  synced displayState. AttachInfo displayState=2
2026-06-16 15:23:38.807   998-998   SurfaceFlinger          surfaceflinger                       I  [fc3cd65 com.friday.assistant/com.friday.assistant.ui.screens.MainActivity#7089] attach to parent LayerHierarchy{RequestedLayerState{ActivityRecord{19056459 u0 com.friday.assistant/.ui.screens.MainActivity t65}#7079 parentId=7078} 3 children}
2026-06-16 15:23:38.807 19956-19956 VRI[MainAc...y]@e8151ae com.friday.assistant                 I  setView = com.android.internal.policy.DecorView@7b56561 IsHRR=false mFlingFrameRateChange=0 TM=true
2026-06-16 15:23:38.807 19956-19956 IDS_TAG                 com.friday.assistant                 I  Starting IDS observe window
2026-06-16 15:23:38.807 19956-19956 IDS_TAG                 com.friday.assistant                 I  Getting Shared Preference for com.friday.assistant.core.FridayApplication@69ba723 uid = 10527
2026-06-16 15:23:38.808 19956-19956 IDS_TAG                 com.friday.assistant                 I  App com.friday.assistant.core.FridayApplication@69ba723 has not finished training
2026-06-16 15:23:38.809 19956-19982 HWUI                    com.friday.assistant                 D  HWUI - treat SMPTE_170M as sRGB
2026-06-16 15:23:38.809 19956-19956 IDS_TAG                 com.friday.assistant                 I  Closing IDS observe window
2026-06-16 15:23:38.809 19956-19956 IDS_TAG                 com.friday.assistant                 I  Getting Shared Preference for com.friday.assistant.core.FridayApplication@69ba723 uid = 10527
2026-06-16 15:23:38.809 19956-19956 IDS_TAG                 com.friday.assistant                 I  IDS count updated to 4 for com.friday.assistant.core.FridayApplication@69ba723
2026-06-16 15:23:38.810 19956-19956 WindowOnBackDispatcher  com.friday.assistant                 D  setTopOnBackInvokedCallback (unwrapped): android.app.Activity$$ExternalSyntheticLambda0@1151174
2026-06-16 15:23:38.810  1520-5997  CoreBackPreview         system_server                        D  Window{fc3cd65 u0 com.friday.assistant/com.friday.assistant.ui.screens.MainActivity}: Setting back callback OnBackInvokedCallbackInfo{mCallback=android.window.IOnBackInvokedCallback$Stub$Proxy@42b36c7, mPriority=-1, mIsAnimationCallback=false, mOverrideBehavior=0}
2026-06-16 15:23:38.815   998-998   SurfaceFlinger          surfaceflinger                       I  RequestedLayer [fc3cd65 com.friday.assistant/com.fri[...]sistant.ui.screens.MainActivity#7089] hidden!! flag  from(1) --> to(0)
2026-06-16 15:23:38.862 19956-19956 riday.assistant         com.friday.assistant                 I  hiddenapi: Accessing hidden method Landroid/os/SystemProperties;->addChangeCallback(Ljava/lang/Runnable;)V (runtime_flags=0, domain=platform, api=unsupported) from Landroidx/compose/ui/platform/AndroidComposeView$Companion; (domain=app, TargetSdkVersion=36) using reflection: allowed
2026-06-16 15:23:38.865 19956-19956 VibratorInfo            com.friday.assistant                 E  Invalid frequency profile received from HAL. resonantFrequencyHz=NaN, frequenciesHz=null, outputAccelerationsGs=null
2026-06-16 15:23:38.936 19956-19956 HWUI                    com.friday.assistant                 I  Using FreeType backend (prop=Auto)
2026-06-16 15:23:38.951 19956-19966 riday.assistant         com.friday.assistant                 I  Compiler allocated 5321KB to compile void android.view.ViewRootImpl.performTraversals()
2026-06-16 15:23:38.981 19956-19956 VRI[MainAc...y]@e8151ae com.friday.assistant                 D  WindowInsets changed: 1080x2340 statusBars:[0,103,0,0] navigationBars:[0,0,0,144] mandatorySystemGestures:[0,139,0,144] 
2026-06-16 15:23:39.017  1520-5997  WindowManager           system_server                        I  Relayout Window{fc3cd65 u0 com.friday.assistant/com.friday.assistant.ui.screens.MainActivity}: viewVisibility=0 req=1080x2340 ty=1 d0
2026-06-16 15:23:39.017   998-1052  SurfaceFlinger          surfaceflinger                       I  id=7090 createSurf, flag=44004, com.friday.assistant/com.friday.assistant.ui.screens.MainActivity$_19956#7090
2026-06-16 15:23:39.017  1520-5997  WindowManager           system_server                        D  makeSurface duration=0 name=com.friday.assistant/com.friday.assistant.ui.screens.MainActivity$_19956
2026-06-16 15:23:39.018  1520-5997  WindowManager           system_server                        D  Changing focus from null to Window{fc3cd65 u0 com.friday.assistant/com.friday.assistant.ui.screens.MainActivity} displayId=0 Callers=com.android.server.wm.WindowManagerService.relayoutWindow:1350 com.android.server.wm.Session.relayout:30 android.view.IWindowSession$Stub.onTransact:840 com.android.server.wm.Session.onTransact:1 
2026-06-16 15:23:39.018  1520-5997  InsetsSourceProvider    system_server                        D  updateControlForTarget: control=InsetsSourceControl: {f8fa0001 mType=navigationBars initiallyVisible mSurfacePosition=Point(0, 2196) mInsetsHint=Insets{left=0, top=0, right=0, bottom=144}}, target=Window{fc3cd65 u0 com.friday.assistant/com.friday.assistant.ui.screens.MainActivity}, from=com.android.server.wm.InsetsStateController.onControlTargetChanged:82 com.android.server.wm.InsetsPolicy.updateBarControlTarget:216 com.android.server.wm.DisplayPolicy.updateSystemBarAttributes:439 com.android.server.wm.WindowManagerService.updateFocusedWindowLocked:358 com.android.server.wm.WindowManagerService.relayoutWindow:1350 
2026-06-16 15:23:39.018  1520-5997  InsetsSourceProvider    system_server                        D  updateControlForTarget: control=InsetsSourceControl: {da090000 mType=statusBars initiallyVisible mSurfacePosition=Point(0, 0) mInsetsHint=Insets{left=0, top=103, right=0, bottom=0}}, target=Window{fc3cd65 u0 com.friday.assistant/com.friday.assistant.ui.screens.MainActivity}, from=com.android.server.wm.InsetsStateController.onControlTargetChanged:82 com.android.server.wm.InsetsPolicy.updateBarControlTarget:203 com.android.server.wm.DisplayPolicy.updateSystemBarAttributes:439 com.android.server.wm.WindowManagerService.updateFocusedWindowLocked:358 com.android.server.wm.WindowManagerService.relayoutWindow:1350 
2026-06-16 15:23:39.018  1520-5997  WindowManager           system_server                        D  updateSystemBarAttributes: displayId=0, focusedCanBeNavColorWin=false, win=Window{fc3cd65 u0 com.friday.assistant/com.friday.assistant.ui.screens.MainActivity}, navColorWin=Window{cc5a90f u0 Splash Screen com.friday.assistant}, caller=com.android.server.wm.WindowManagerService.updateFocusedWindowLocked:358 com.android.server.wm.WindowManagerService.relayoutWindow:1350 com.android.server.wm.Session.relayout:30 
2026-06-16 15:23:39.018  1520-5997  SystemKeyManager        system_server                        V  updateFocusedWindow() is called, com.friday.assistant/com.friday.assistant.ui.screens.MainActivity
2026-06-16 15:23:39.019  2339-2339  NavigationBar           com.android.systemui                 D  onSystemBarAttributesChanged() -  displayId:0, appearance:528, packageName: com.friday.assistant (APPEARANCE_LIGHT_NAVIGATION_BARS ), navbarColorManagedByIme:false
2026-06-16 15:23:39.019 19956-19956 libc                    com.friday.assistant                 W  Access denied finding property "vendor.perf.ems.egg"
2026-06-16 15:23:39.019   998-998   SurfaceFlinger          surfaceflinger                       I  [com.friday.assistant/com.friday.assistant.ui.screens.MainActivity$_19956#7090] attach to parent LayerHierarchy{RequestedLayerState{fc3cd65 com.friday.assistant/com.friday.assistant.ui.screens.MainActivity#7089 parentId=7079} 1 children}
2026-06-16 15:23:39.020 19956-19956 BLASTBufferQueue_Java   com.friday.assistant                 I  new BLASTBufferQueue, mName= VRI[MainActivity]@e8151ae mNativeObject= 0xb4000075d85df150 caller= android.view.ViewRootImpl.updateBlastSurfaceIfNeeded:3603 android.view.ViewRootImpl.relayoutWindow:11813 android.view.ViewRootImpl.performTraversals:4840 android.view.ViewRootImpl.doTraversal:3959 android.view.ViewRootImpl$TraversalRunnable.run:13034 android.view.Choreographer$CallbackRecord.run:1961 android.view.Choreographer$CallbackRecord.run:1970 android.view.Choreographer.doCallbacks:1423 android.view.Choreographer.doFrame:1348 android.view.Choreographer$FrameDisplayEventReceiver.run:1930 
2026-06-16 15:23:39.020 19956-19956 BLASTBufferQueue_Java   com.friday.assistant                 I  update, w= 1080 h= 2340 mName = VRI[MainActivity]@e8151ae mNativeObject= 0xb4000075d85df150 sc.mNativeObject= 0xb4000075c85dd910 format= -1 caller= android.view.ViewRootImpl.updateBlastSurfaceIfNeeded:3608 android.view.ViewRootImpl.relayoutWindow:11813 android.view.ViewRootImpl.performTraversals:4840 android.view.ViewRootImpl.doTraversal:3959 android.view.ViewRootImpl$TraversalRunnable.run:13034 android.view.Choreographer$CallbackRecord.run:1961 
2026-06-16 15:23:39.020  1520-1578  SurfaceControl          system_server                        I  apply, lowDebugName=Focus request: fc3cd65 com.friday.assistant/com.friday.assistant.ui.screens.MainActivity, caller=android.view.SurfaceControl$Transaction.apply:3569 android.view.SurfaceControl$Transaction.apply:3519 com.android.server.wm.WindowAnimator.animate:468 com.android.server.wm.WindowAnimator$$ExternalSyntheticLambda1.doFrame:14 android.view.Choreographer$CallbackRecord.run:1959 android.view.Choreographer$CallbackRecord.run:1970 
2026-06-16 15:23:39.020 19956-19956 libc                    com.friday.assistant                 W  Access denied finding property "vendor.perf.ems.egg"
2026-06-16 15:23:39.020 19956-19956 VRI[MainAc...y]@e8151ae com.friday.assistant                 I  Relayout returned: old=(0,0,1080,2340) new=(0,0,1080,2340) relayoutAsync=false req=(1080,2340)0 dur=3 res=0x3 s={true 0xb4000074885f57e0} ch=true seqId=0
2026-06-16 15:23:39.020 19956-19956 VRI[MainAc...y]@e8151ae com.friday.assistant                 I  performConfigurationChange setNightDimText nightDimLevel=0
2026-06-16 15:23:39.021 19956-19956 VRI[MainAc...y]@e8151ae com.friday.assistant                 D  mThreadedRenderer.initialize() mSurface={isValid=true 0xb4000074885f57e0} hwInitialized=true
2026-06-16 15:23:39.029   998-1283  SurfaceFlinger          surfaceflinger                       D  [input] setFocusedWindow: fc3cd65 com.friday.assistant/com.friday.assistant.ui.screens.MainActivity
2026-06-16 15:23:39.029  1520-6837  InputDispatcher         system_server                        D  Once focus requested (0): fc3cd65 com.friday.assistant/com.friday.assistant.ui.screens.MainActivity
2026-06-16 15:23:39.029  1520-6837  InputDispatcher         system_server                        D  Focus request (0): fc3cd65 com.friday.assistant/com.friday.assistant.ui.screens.MainActivity but waiting because NO_WINDOW
2026-06-16 15:23:39.044 19956-19956 VRI[MainAc...y]@e8151ae com.friday.assistant                 D  reportNextDraw android.view.ViewRootImpl.performTraversals:5507 android.view.ViewRootImpl.doTraversal:3959 android.view.ViewRootImpl$TraversalRunnable.run:13034 android.view.Choreographer$CallbackRecord.run:1961 android.view.Choreographer$CallbackRecord.run:1970 
2026-06-16 15:23:39.044 19956-19956 VRI[MainAc...y]@e8151ae com.friday.assistant                 D  Setup new sync=wmsSync-VRI[MainActivity]@e8151ae#0
2026-06-16 15:23:39.044 19956-19956 VRI[MainAc...y]@e8151ae com.friday.assistant                 I  Creating new active sync group VRI[MainActivity]@e8151ae#1
2026-06-16 15:23:39.045 19956-19956 VRI[MainAc...y]@e8151ae com.friday.assistant                 D  registerCallbacksForSync syncBuffer=false
2026-06-16 15:23:39.057 19956-19956 View                    com.friday.assistant                 I  setRequestedFrameRate frameRate=0.0, this=androidx.compose.ui.platform.AndroidComposeView{db03e1a VFED..... ......ID 0,0-1080,2340 aid=1073741824}, caller=android.view.ViewGroup.setRequestedFrameRate:10045 androidx.compose.ui.platform.Api35Impl.setRequestedFrameRate:3822 androidx.compose.ui.platform.AndroidComposeView.dispatchDraw:2114 android.view.View.draw:26758 android.view.View.updateDisplayListIfDirty:25577 
2026-06-16 15:23:39.057 19956-19956 View                    com.friday.assistant                 I  setRequestedFrameRate frameRate=-4.0, this=android.view.View{851e9cb V.ED..... ......I. 0,0-0,0}, caller=androidx.compose.ui.platform.Api35Impl.setRequestedFrameRate:3822 androidx.compose.ui.platform.AndroidComposeView.dispatchDraw:2115 android.view.View.draw:26758 android.view.View.updateDisplayListIfDirty:25577 android.view.View.draw:26477 
2026-06-16 15:23:39.058 19956-19956 View                    com.friday.assistant                 I  setRequestedFrameRate frameRate=NaN, this=androidx.compose.ui.platform.AndroidComposeView{db03e1a VFED..... ........ 0,0-1080,2340 aid=1073741824}, caller=android.view.ViewGroup.setRequestedFrameRate:10045 androidx.compose.ui.platform.Api35Impl.setRequestedFrameRate:3822 androidx.compose.ui.platform.AndroidComposeView.dispatchDraw:2114 android.view.View.draw:26758 android.view.View.updateDisplayListIfDirty:25577 
2026-06-16 15:23:39.058 19956-19956 View                    com.friday.assistant                 I  setRequestedFrameRate frameRate=NaN, this=android.view.View{851e9cb V.ED..... ........ 0,0-0,0}, caller=androidx.compose.ui.platform.Api35Impl.setRequestedFrameRate:3822 androidx.compose.ui.platform.AndroidComposeView.dispatchDraw:2115 android.view.View.draw:26758 android.view.View.updateDisplayListIfDirty:25577 android.view.ViewGroup.recreateChildDisplayList:4881 
2026-06-16 15:23:39.058 19956-19999 VRI[MainAc...y]@e8151ae com.friday.assistant                 D  Received frameDrawingCallback syncResult=0 frameNum=1.
2026-06-16 15:23:39.058 19956-19999 VRI[MainAc...y]@e8151ae com.friday.assistant                 I  mWNT: t=0xb4000075e865f480 mBlastBufferQueue=0xb4000075d85df150 fn= 1 HdrRenderState mRenderHdrSdrRatio=1.0 caller= android.view.ViewRootImpl$12.onFrameDraw:15561 android.view.ThreadedRenderer$1.onFrameDraw:751 <bottom of call stack> 
2026-06-16 15:23:39.058 19956-19999 VRI[MainAc...y]@e8151ae com.friday.assistant                 I  Setting up sync and frameCommitCallback
2026-06-16 15:23:39.066 19956-19982 BLASTBufferQueue        com.friday.assistant                 I  [VRI[MainActivity]@e8151ae#0](f:0,a:0,s:0) onFrameAvailable the first frame is available
2026-06-16 15:23:39.066 19956-19982 VRI[MainAc...y]@e8151ae com.friday.assistant                 I  Received frameCommittedCallback lastAttemptedDrawFrameNum=1 didProduceBuffer=true
2026-06-16 15:23:39.066   998-2901  SurfaceFlinger          surfaceflinger                       I  [com.friday.assistant/com.friday.assistant.ui.screens.MainActivity$_19956#7090] setTransactionState with the first frame. bufferData(ID: 85710367358979, frameNumber: 1)
2026-06-16 15:23:39.067 19956-19982 HWUI                    com.friday.assistant                 D  CFMS:: SetUp Pid : 19956    Tid : 19982
2026-06-16 15:23:39.067 19956-19956 VRI[MainAc...y]@e8151ae com.friday.assistant                 D  reportDrawFinished seqId=0
2026-06-16 15:23:39.067  1520-5997  WindowManager           system_server                        D  finishDrawingWindow: Window{fc3cd65 u0 com.friday.assistant/com.friday.assistant.ui.screens.MainActivity} mDrawState=DRAW_PENDING seqId=0
2026-06-16 15:23:39.068  1520-1578  WindowManager           system_server                        V  Finish starting ActivityRecord{19056459 u0 com.friday.assistant/.ui.screens.MainActivity t65}: first real window is shown, no animation
2026-06-16 15:23:39.068  1520-1578  WindowManager           system_server                        V  Schedule remove starting ActivityRecord{19056459 u0 com.friday.assistant/.ui.screens.MainActivity t65} startingWindow=Window{cc5a90f u0 Splash Screen com.friday.assistant} animate=true Callers=com.android.server.wm.ActivityRecord.removeStartingWindow:178 com.android.server.wm.WindowState.performShowLocked:146 com.android.server.wm.WindowStateAnimator.commitFinishDrawingLocked:73 com.android.server.wm.DisplayContent$$ExternalSyntheticLambda1.accept:350 com.android.server.wm.WindowContainer$ForAllWindowsConsumerWrapper.apply:5 
2026-06-16 15:23:39.068  1520-1578  TaskOrganizerController system_server                        D  applyStartingWindowAnimation, window=Window{fc3cd65 u0 com.friday.assistant/com.friday.assistant.ui.screens.MainActivity}, caller=com.android.server.wm.TaskOrganizerController.getStartingWindowRemovalInfo:135 com.android.server.wm.StartingSurfaceController$StartingSurface.remove:39 com.android.server.wm.ActivityRecord.removeStartingWindowAnimation:167 
2026-06-16 15:23:39.068  1520-1578  WindowManager           system_server                        I  Reparenting to leash, surface=Surface(name=fc3cd65 com.friday.assistant/com.friday.assistant.ui.screens.MainActivity#7089)/@0x9b8d5ea, leashParent=Surface(name=ActivityRecord{19056459 u0 com.friday.assistant/.ui.screens.MainActivity t65}#7079)/@0x1dc90db
2026-06-16 15:23:39.068   998-1310  SurfaceFlinger          surfaceflinger                       I  id=7093 createSurf, flag=24000, Surface(name=fc3cd65 com.friday.assistant/com.friday.assistant.ui.screens.MainActivity#7089)/@0x9b8d5ea - animation-leash of starting_reveal#7093
2026-06-16 15:23:39.068  1520-1578  WindowManager           system_server                        D  makeSurface duration=0 leash=Surface(name=Surface(name=fc3cd65 com.friday.assistant/com.friday.assistant.ui.screens.MainActivity#7089)/@0x9b8d5ea - animation-leash of starting_reveal#7093)/@0x36e9778
2026-06-16 15:23:39.069  1520-1578  WindowManager           system_server                        V  performShowLocked: mDrawState=HAS_DRAWN in Window{fc3cd65 u0 com.friday.assistant/com.friday.assistant.ui.screens.MainActivity}
2026-06-16 15:23:39.069  1520-1574  PkgPredict...erviceImpl system_server                        I  reportToNAP uid:10527 com.friday.assistant/com.friday.assistant.ui.screens.MainActivity thisTime:1031
2026-06-16 15:23:39.070   998-998   SurfaceFlinger          surfaceflinger                       I  [LayerHierarchy{RequestedLayerState{fc3cd65 com.friday.assistant/com.friday.assistant.ui.screens.MainActivity#7089 parentId=7093} 1 children}] reparent to LayerHierarchy{RequestedLayerState{Surface(name=fc3cd65 com.friday.assistant/com.friday.assistant.ui.screens.MainActivity#7089)/@0x9b8d5ea - animation-leash of starting_reveal#7093 parentId=7079} 1 children}
2026-06-16 15:23:39.070   998-998   SurfaceFlinger          surfaceflinger                       I  [Surface(name=fc3cd65 com.friday.assistant/com.friday.assistant.ui.screens.MainActivity#7089)/@0x9b8d5ea - animation-leash of starting_reveal#7093] attach to parent LayerHierarchy{RequestedLayerState{ActivityRecord{19056459 u0 com.friday.assistant/.ui.screens.MainActivity t65}#7079 parentId=7078} 3 children}
2026-06-16 15:23:39.071  1520-1574  ActivityTaskManager     system_server                        I  Displayed com.friday.assistant/.ui.screens.MainActivity for user 0: +1s31ms
2026-06-16 15:23:39.071  1520-1574  Pageboost               system_server                        I  Launch time gathered : pid 19956 com.friday.assistant 1031
2026-06-16 15:23:39.078   998-998   SurfaceFlinger          surfaceflinger                       I  RequestedLayer [com.friday.assistant/com.friday.assistant.ui.screens.MainActivity$_19956#7090] hidden!! flag  from(1) --> to(0)
2026-06-16 15:23:39.081   998-998   SurfaceFlinger          surfaceflinger                       D  Display 4633128672291736003 HWC layers:
                                                                                                           DEVICE |           85710367358979 | 00002102 | RGBA_8888    |    0.0    0.0 1080.0 2280.0 |    0   60 1080 2340 | com.friday.assistant/com.friday.assistant.ui.screens.MainActivity$_19956#7090 (1)
                                                                                                           DEVICE |           10045928507578 | 00002100 | RGBA_8888    |    0.0    0.0 1080.0 2340.0 |    0    0 1080 2340 | Splash Screen com.friday.assistant$_2339#7085 (2)
                                                                                                           DEVICE |           10045928507573 | 00002100 | RGBA_8888    |    0.0    0.0 1080.0  103.0 |    0    0 1080  103 | StatusBar$_2339#88 (5759)
                                                                                                           DEVICE |           12996571038776 | 00002100 | RGBA_8888    |    0.0    0.0   80.0  342.0 | 1000  863 1080 1205 | com.sec.android.app.launcher/com.sam[...]el.app.CocktailBarService$_3026#7038 (1)
                                                                                                           DEVICE |           10045928507565 | 00002100 | RGBA_8888    |    0.0    0.0 1080.0  144.0 |    0 2196 1080 2340 | NavigationBar0$_2339#84 (10660)
                                                                                                    
2026-06-16 15:23:39.081  1520-2771  InputDispatcher         system_server                        D  Focus entered window (0): fc3cd65 com.friday.assistant/com.friday.assistant.ui.screens.MainActivity
2026-06-16 15:23:39.133  1520-5997  WindowManager           system_server                        I  Relayout Window{cc5a90f u0 Splash Screen com.friday.assistant}: viewVisibility=8 req=1080x2340 ty=3 d0
2026-06-16 15:23:39.136  1520-5997  WindowManager           system_server                        D  Starting window removed Window{cc5a90f u0 Splash Screen com.friday.assistant}
2026-06-16 15:23:39.136  1520-5997  WindowManager           system_server                        I  Cancelling animation restarting=false, leash=Surface(name=Surface(name=fc3cd65 com.friday.assistant/com.friday.assistant.ui.screens.MainActivity#7089)/@0x9b8d5ea - animation-leash of starting_reveal#7093)/@0x36e9778
2026-06-16 15:23:39.136  1520-5997  WindowManager           system_server                        I  Reparenting to original parent: Surface(name=ActivityRecord{19056459 u0 com.friday.assistant/.ui.screens.MainActivity t65}#7079)/@0x1dc90db, destroy=false, surface=Surface(name=fc3cd65 com.friday.assistant/com.friday.assistant.ui.screens.MainActivity#7089)/@0x9b8d5ea
2026-06-16 15:23:39.137  1520-5997  WindowManager           system_server                        V  Remove Window{cc5a90f u0 Splash Screen com.friday.assistant}: mSurfaceControl=Surface(name=Splash Screen com.friday.assistant$_2339#7085)/@0x4166e8d mAnimatingExit=false mRemoveOnExit=false mHasSurface=true surfaceShowing=true animating=false app-animation=false callers=com.android.server.wm.Session.remove:15 android.view.IWindowSession$Stub.onTransact:813 com.android.server.wm.Session.onTransact:1 android.os.Binder.execTransactInternal:1514 android.os.Binder.execTransact:1454 <bottom of call stack> 
2026-06-16 15:23:39.137  1520-5997  WindowManager           system_server                        D  updateSystemBarAttributes: displayId=0, focusedCanBeNavColorWin=false, win=Window{fc3cd65 u0 com.friday.assistant/com.friday.assistant.ui.screens.MainActivity}, navColorWin=Window{fc3cd65 u0 com.friday.assistant/com.friday.assistant.ui.screens.MainActivity}, caller=com.android.server.wm.DisplayPolicy.finishPostLayoutPolicyLw:17 com.android.server.wm.RootWindowContainer.applySurfaceChangesTransaction$1:188 com.android.server.wm.RootWindowContainer.performSurfacePlacement:59 
2026-06-16 15:23:39.147   998-998   SurfaceFlinger          surfaceflinger                       I  [LayerHierarchy{RequestedLayerState{fc3cd65 com.friday.assistant/com.friday.assistant.ui.screens.MainActivity#7089 parentId=7079} 1 children}] reparent to LayerHierarchy{RequestedLayerState{ActivityRecord{19056459 u0 com.friday.assistant/.ui.screens.MainActivity t65}#7079 parentId=7078} 4 children}
2026-06-16 15:23:39.147   998-998   SurfaceFlinger          surfaceflinger                       I  [LayerHierarchy{RequestedLayerState{cc5a90f Splash Screen com.friday.assistant#7081 z=2147483647} 1 children}] reparent to OffscreenRoot
2026-06-16 15:23:39.147   998-998   SurfaceFlinger          surfaceflinger                       I  [LayerHierarchy{RequestedLayerState{cc5a90f Splash Screen com.friday.assistant#7081 z=2147483647} 1 children}] RelativeParent to null
2026-06-16 15:23:39.147   998-998   SurfaceFlinger          surfaceflinger                       I  [LayerHierarchy{RequestedLayerState{Splash Screen com.friday.assistant$_2339#7085} no children}] reparent to OffscreenRoot
2026-06-16 15:23:39.147   998-998   SurfaceFlinger          surfaceflinger                       I  [LayerHierarchy{RequestedLayerState{Splash Screen com.friday.assistant$_2339#7085} no children}] RelativeParent to null
2026-06-16 15:23:39.147   998-998   SurfaceFlinger          surfaceflinger                       I  [LayerHierarchy{RequestedLayerState{Surface(name=fc3cd65 com.friday.assistant/com.friday.assistant.ui.screens.MainActivity#7089)/@0x9b8d5ea - animation-leash of starting_reveal#7093} no children}] reparent to OffscreenRoot
2026-06-16 15:23:39.147   998-998   SurfaceFlinger          surfaceflinger                       I  [LayerHierarchy{RequestedLayerState{Surface(name=fc3cd65 com.friday.assistant/com.friday.assistant.ui.screens.MainActivity#7089)/@0x9b8d5ea - animation-leash of starting_reveal#7093} no children}] RelativeParent to null
2026-06-16 15:23:39.148   998-998   SurfaceFlinger          surfaceflinger                       I  id=7085 Removed Splash Screen com.friday.assistant$_2339#7085 (152)
2026-06-16 15:23:39.148   998-998   SurfaceFlinger          surfaceflinger                       I  id=7093 Removed Surface(name=fc3cd65 com.friday.assistant/com.friday.assistant.ui.screens.MainActivity#7089)/@0x9b8d5ea - animation-leash of starting_reveal#7093 (152)
2026-06-16 15:23:39.148   998-998   SurfaceFlinger          surfaceflinger                       I  id=7081 Removed cc5a90f Splash Screen com.friday.assistant#7081 (152)
2026-06-16 15:23:39.149  1520-1577  SGM:FgCheckThread       system_server                        D  getForegroundApp(), foregroundPkgName=com.friday.assistant
2026-06-16 15:23:39.149   998-998   SurfaceFlinger          surfaceflinger                       D  Display 4633128672291736003 HWC layers:
                                                                                                           DEVICE |           85710367358979 | 00002102 | RGBA_8888    |    0.0    0.0 1080.0 2340.0 |    0    0 1080 2340 | com.friday.assistant/com.friday.assistant.ui.screens.MainActivity$_19956#7090 (1)
                                                                                                           DEVICE |           10045928507579 | 00002100 | RGBA_8888    |    0.0    0.0 1080.0  103.0 |    0    0 1080  103 | StatusBar$_2339#88 (5760)
                                                                                                           DEVICE |           12996571038776 | 00002100 | RGBA_8888    |    0.0    0.0   80.0  342.0 | 1000  863 1080 1205 | com.sec.android.app.launcher/com.sam[...]el.app.CocktailBarService$_3026#7038 (1)
                                                                                                           DEVICE |           10045928507565 | 00002100 | RGBA_8888    |    0.0    0.0 1080.0  144.0 |    0 2196 1080 2340 | NavigationBar0$_2339#84 (10660)
                                                                                                    
2026-06-16 15:23:39.156   998-998   SurfaceFlinger          surfaceflinger                       I  destroyed cc5a90f Splash Screen com.friday.assistant#7081
2026-06-16 15:23:39.156   998-998   SurfaceFlinger          surfaceflinger                       I  destroyed Surface(name=fc3cd65 com.friday.assistant/com.friday.assistant.ui.screens.MainActivity#7089)/@0x9b8d5ea - animation-leash of starting_reveal#7093
2026-06-16 15:23:39.156   998-998   SurfaceFlinger          surfaceflinger                       I  destroyed Splash Screen com.friday.assistant$_2339#7085
2026-06-16 15:23:39.156   998-998   SurfaceFlinger          surfaceflinger                       I  id=7081 Destroyed cc5a90f Splash Screen com.friday.assistant#7081
2026-06-16 15:23:39.156   998-998   SurfaceFlinger          surfaceflinger                       I  id=7093 Destroyed Surface(name=fc3cd65 com.friday.assistant/com.friday.assistant.ui.screens.MainActivity#7089)/@0x9b8d5ea - animation-leash of starting_reveal#7093
2026-06-16 15:23:39.156   998-998   SurfaceFlinger          surfaceflinger                       I  id=7085 Destroyed Splash Screen com.friday.assistant$_2339#7085
2026-06-16 15:23:39.159  1520-1575  SGM:GameManager         system_server                        D  identifyForegroundApp. com.friday.assistant, mCurrentUserId: 0, callerUserId: 0
2026-06-16 15:23:39.159  1520-1575  SGM:GameManager         system_server                        D  identifyForegroundApp. com.friday.assistant, mCurrentUserId: 0, callerUserId: 0
2026-06-16 15:23:39.168 13912-14792 SAMSUNGWALLET           com.samsung.android.spay             I  [Hint_SimpleHintProcessMonitor] isHomePackageRunning topPkgName = com.friday.assistant, topClsName = com.friday.assistant.ui.screens.MainActivity, return false , se : false
2026-06-16 15:23:39.172 13912-14792 SAMSUNGWALLET           com.samsung.android.spay             I  [Hint_SimpleHintProcessMonitor] isHomePackageRunning topPkgName = com.friday.assistant, topClsName = com.friday.assistant.ui.screens.MainActivity, return false , se : false
2026-06-16 15:23:39.289  1520-2034  MdnieScena...rolService system_server                        D   packageName : com.friday.assistant    className : com.friday.assistant.ui.screens.MainActivity
2026-06-16 15:23:39.518  1520-1577  SGM:GameManager         system_server                        D  identifyForegroundApp. com.friday.assistant, mCurrentUserId: 0, callerUserId: 0
2026-06-16 15:23:39.984 19956-19967 riday.assistant         com.friday.assistant                 I  Background concurrent mark compact GC freed 47MB AllocSpace bytes, 8(228KB) LOS objects, 21% free, 175MB/223MB, paused 3.177ms,1.438ms total 146.428ms
2026-06-16 15:23:40.236 19956-19967 riday.assistant         com.friday.assistant                 I  Background young concurrent mark compact GC freed 7376KB AllocSpace bytes, 0(0B) LOS objects, 0% free, 233MB/233MB, paused 4.052ms,2.116ms total 180.924ms
2026-06-16 15:23:40.335 19956-19956 riday.assistant         com.friday.assistant                 I  Waiting for a blocking GC Alloc
2026-06-16 15:23:40.385 19956-19967 riday.assistant         com.friday.assistant                 I  Clamp target GC heap from 297MB to 256MB
2026-06-16 15:23:40.385 19956-19967 riday.assistant         com.friday.assistant                 I  Background concurrent mark compact GC freed 6204KB AllocSpace bytes, 0(0B) LOS objects, 2% free, 249MB/256MB, paused 4.094ms,1.891ms total 149.402ms
2026-06-16 15:23:40.385 19956-19956 riday.assistant         com.friday.assistant                 I  WaitForGcToComplete blocked Alloc on Background for 50.385ms
2026-06-16 15:23:40.410 19956-19956 riday.assistant         com.friday.assistant                 I  Waiting for a blocking GC Alloc
2026-06-16 15:23:40.448 19956-19956 riday.assistant         com.friday.assistant                 I  WaitForGcToComplete blocked Alloc on Background for 37.542ms
2026-06-16 15:23:40.462 19956-19956 riday.assistant         com.friday.assistant                 I  Waiting for a blocking GC Alloc
2026-06-16 15:23:40.524 19956-19967 riday.assistant         com.friday.assistant                 I  Clamp target GC heap from 303MB to 256MB
2026-06-16 15:23:40.524 19956-19956 riday.assistant         com.friday.assistant                 I  WaitForGcToComplete blocked Alloc on Background for 61.895ms
2026-06-16 15:23:40.525 19956-19969 riday.assistant         com.friday.assistant                 I  Waiting for a blocking GC Alloc
2026-06-16 15:23:40.526 19956-19956 riday.assistant         com.friday.assistant                 I  Waiting for a blocking GC Alloc
2026-06-16 15:23:40.546 19956-19969 riday.assistant         com.friday.assistant                 I  WaitForGcToComplete blocked Alloc on Background for 20.517ms
2026-06-16 15:23:40.546 19956-19956 riday.assistant         com.friday.assistant                 I  WaitForGcToComplete blocked Alloc on Background for 19.732ms
2026-06-16 15:23:40.546 19956-19956 riday.assistant         com.friday.assistant                 I  Starting a blocking GC Alloc
2026-06-16 15:23:40.585 19956-20012 riday.assistant         com.friday.assistant                 I  Waiting for a blocking GC Alloc
2026-06-16 15:23:40.617 19956-19956 riday.assistant         com.friday.assistant                 I  Clamp target GC heap from 303MB to 256MB
2026-06-16 15:23:40.617 19956-19956 riday.assistant         com.friday.assistant                 I  Alloc concurrent mark compact GC freed 40KB AllocSpace bytes, 0(0B) LOS objects, 0% free, 255MB/256MB, paused 52us,934us total 71.115ms
2026-06-16 15:23:40.617 19956-19956 riday.assistant         com.friday.assistant                 I  Forcing collection of SoftReferences for 112B allocation
2026-06-16 15:23:40.618 19956-19967 riday.assistant         com.friday.assistant                 I  WaitForGcToComplete blocked Background on Alloc for 71.505ms
2026-06-16 15:23:40.618 19956-20012 riday.assistant         com.friday.assistant                 I  WaitForGcToComplete blocked Alloc on Alloc for 33.073ms
2026-06-16 15:23:40.739 19956-19956 riday.assistant         com.friday.assistant                 I  Clamp target GC heap from 296MB to 256MB
2026-06-16 15:23:40.739 19956-19956 riday.assistant         com.friday.assistant                 I  Alloc concurrent mark compact GC freed 7248KB AllocSpace bytes, 1(52KB) LOS objects, 2% free, 248MB/256MB, paused 50us,1.020ms total 121.075ms
2026-06-16 15:23:40.739 19956-19967 riday.assistant         com.friday.assistant                 I  WaitForGcToComplete blocked Background on Alloc for 120.656ms
2026-06-16 15:23:40.788 19956-19956 riday.assistant         com.friday.assistant                 I  Waiting for a blocking GC Alloc
2026-06-16 15:23:40.801 19956-19967 riday.assistant         com.friday.assistant                 I  Background young concurrent mark compact GC freed 1096KB AllocSpace bytes, 0(0B) LOS objects, 0% free, 255MB/256MB, paused 6.721ms,2.261ms total 52.024ms
2026-06-16 15:23:40.802 19956-19969 riday.assistant         com.friday.assistant                 I  Starting a blocking GC Alloc
2026-06-16 15:23:40.802 19956-19956 riday.assistant         com.friday.assistant                 I  WaitForGcToComplete blocked Alloc on Alloc for 13.762ms
2026-06-16 15:23:40.802 19956-19956 riday.assistant         com.friday.assistant                 I  Starting a blocking GC Alloc
2026-06-16 15:23:40.802 19956-19956 riday.assistant         com.friday.assistant                 I  Waiting for a blocking GC Alloc
2026-06-16 15:23:40.896 19956-19969 riday.assistant         com.friday.assistant                 I  Clamp target GC heap from 303MB to 256MB
2026-06-16 15:23:40.896 19956-19969 riday.assistant         com.friday.assistant                 I  Alloc concurrent mark compact GC freed 252KB AllocSpace bytes, 0(0B) LOS objects, 0% free, 255MB/256MB, paused 72us,1.612ms total 94.396ms
2026-06-16 15:23:40.896 19956-19956 riday.assistant         com.friday.assistant                 I  WaitForGcToComplete blocked Alloc on Alloc for 94.159ms
2026-06-16 15:23:40.896 19956-19956 riday.assistant         com.friday.assistant                 I  Forcing collection of SoftReferences for 96B allocation
2026-06-16 15:23:40.910 19956-19969 riday.assistant         com.friday.assistant                 I  Forcing collection of SoftReferences for 24B allocation
2026-06-16 15:23:40.910 19956-19969 riday.assistant         com.friday.assistant                 I  Waiting for a blocking GC Alloc
2026-06-16 15:23:41.014 19956-19956 riday.assistant         com.friday.assistant                 I  Clamp target GC heap from 303MB to 256MB
2026-06-16 15:23:41.014 19956-19956 riday.assistant         com.friday.assistant                 I  Alloc concurrent mark compact GC freed 4096B AllocSpace bytes, 0(0B) LOS objects, 0% free, 255MB/256MB, paused 48us,1.042ms total 117.501ms
2026-06-16 15:23:41.014 19956-19956 riday.assistant         com.friday.assistant                 W  Throwing OutOfMemoryError "Failed to allocate a 96 byte allocation with 278560 free bytes and 272KB until OOM, target footprint 268435456, growth limit 268435456; giving up on allocation because <1% of heap free after GC." (VmSize 19273544 kB)
2026-06-16 15:23:41.015 19956-19969 riday.assistant         com.friday.assistant                 I  WaitForGcToComplete blocked Alloc on Alloc for 104.913ms
2026-06-16 15:23:41.021 19956-19956 AndroidRuntime          com.friday.assistant                 E  FATAL EXCEPTION: main (Fix with AI)
                                                                                                    Process: com.friday.assistant, PID: 19956
                                                                                                    java.lang.OutOfMemoryError: Failed to allocate a 96 byte allocation with 278560 free bytes and 272KB until OOM, target footprint 268435456, growth limit 268435456; giving up on allocation because <1% of heap free after GC.
                                                                                                    	at java.lang.StringFactory.newStringFromChars(Native Method)
                                                                                                    	at java.lang.StringFactory.newStringFromChars(StringFactory.java:124)
                                                                                                    	at java.io.BufferedReader.readLine(BufferedReader.java:369)
                                                                                                    	at java.io.BufferedReader.readLine(BufferedReader.java:403)
                                                                                                    	at kotlin.io.LinesSequence$iterator$1.hasNext(ReadWrite.kt:85)
                                                                                                    	at kotlin.io.TextStreamsKt.forEachLine(ReadWrite.kt:160)
                                                                                                    	at kotlin.io.FilesKt__FileReadWriteKt.forEachLine(FileReadWrite.kt:244)
                                                                                                    	at kotlin.io.FilesKt__FileReadWriteKt.readLines(FileReadWrite.kt:273)
                                                                                                    	at kotlin.io.FilesKt__FileReadWriteKt.readLines$default(FileReadWrite.kt:271)
                                                                                                    	at com.friday.assistant.ui.screens.MainActivity.readLogs(MainActivity.kt:866)
                                                                                                    	at com.friday.assistant.ui.screens.MainActivity.access$readLogs(MainActivity.kt:55)
                                                                                                    	at com.friday.assistant.ui.screens.MainActivity$DashboardScreen$3$9$1.invokeSuspend(MainActivity.kt:805)
                                                                                                    	at kotlin.coroutines.jvm.internal.BaseContinuationImpl.resumeWith(ContinuationImpl.kt:33)
                                                                                                    	at kotlinx.coroutines.DispatchedTask.run(DispatchedTask.kt:101)
                                                                                                    	at androidx.compose.ui.platform.AndroidUiDispatcher.performTrampolineDispatch(AndroidUiDispatcher.android.kt:79)
                                                                                                    	at androidx.compose.ui.platform.AndroidUiDispatcher.access$performTrampolineDispatch(AndroidUiDispatcher.android.kt:41)
                                                                                                    	at androidx.compose.ui.platform.AndroidUiDispatcher$dispatchCallback$1.doFrame(AndroidUiDispatcher.android.kt:68)
                                                                                                    	at android.view.Choreographer$CallbackRecord.run(Choreographer.java:1959)
                                                                                                    	at android.view.Choreographer$CallbackRecord.run(Choreographer.java:1970)
                                                                                                    	at android.view.Choreographer.doCallbacks(Choreographer.java:1423)
                                                                                                    	at android.view.Choreographer.doFrame(Choreographer.java:1338)
