2026-06-16 15:24:21.216  2339-2569  InsetsController        com.android.systemui                 I  onStateChanged: host=Splash Screen com.friday.assistant, from=android.view.ViewRootImpl.onInsetsStateChanged:3038, state=InsetsState: {mDisplayFrame=Rect(0, 0 - 1080, 2340), mDisplayCutout=DisplayCutout{insets=Rect(0, 103 - 0, 0) waterfall=Insets{left=0, top=0, right=0, bottom=0} boundingRect={Bounds=[Rect(0, 0 - 0, 0), Rect(511, 0 - 569, 103), Rect(0, 0 - 0, 0), Rect(0, 0 - 0, 0)]} cutoutPathParserInfo={CutoutPathParserInfo{displayWidth=1080 displayHeight=2340 physicalDisplayWidth=1080 physicalDisplayHeight=2340 density={3.0} cutoutSpec={M 0,0 H -9.666666666666667 V 34.33333333333333 H 9.666666666666667 V 0 H 0 Z @dp} rotation={0} scale={1.0} physicalPixelDisplaySizeRatio={1.0}}} sideOverrides={}}, mRoundedCorners=RoundedCorners{[RoundedCorner{position=TopLeft, radius=108, center=Point(108, 108)}, RoundedCorner{position=TopRight, radius=108, center=Point(972, 108)}, RoundedCorner{position=BottomRight, radius=108, center=Point(972, 2232)}, RoundedCorner{position=BottomLeft, radius=108, center=Point(108, 2232)}]}  mRoundedCornerFrame=Rect(0, 0 - 1080, 2340), mPrivacyIndicatorBounds=PrivacyIndicatorBounds {static bounds=Rect(948, 0 - 1080, 103) rotation=0}, mDisplayShape=DisplayShape{ spec=-311912193 displayWidth=1080 displayHeight=2340 physicalPixelDisplaySizeRatio=1.0 rotation=0 offsetX=0 offsetY=0 scale=1.0}, mSources= { InsetsSource: {da090000 mType=statusBars mFrame=[0,0][1080,103] mAttachedInsets=null mVisible=true mFlags= mSideHint=TOP mBoundingRects=null}, InsetsSource: {da090005 mType=mandatorySystemGestures mFrame=[0,0][1080,139] mAttachedInsets=null mVisible=true mFlags= mSideHint=TOP mBoundingRects=null}, InsetsSource: {da090006 mType=tappableElement mFrame=[0,0][1080,103] mAttachedInsets=null mVisible=true mFlags= mSideHint=TOP mBoundingRects=null}, InsetsSource: {f8fa0001 mType=navigationBars mFrame=[0,2196][1080,2340] mAttachedInsets=null mVisible=true mFlags= mSideHint=BOTTOM mBoundingRects=null}, InsetsSource: {f8fa0004 mType=systemGestures mFrame=[0,0][0,0] mAttachedInsets=null mVisible=true mFlags= mSideHint=NONE mBoundingRects=null}, InsetsSource: {f8fa0005 mType=mandatorySystemGestures mFrame=[0,2196][1080,2340] mAttachedInsets=null mVisible=true mFlags= mSideHint=BOTTOM mBoundingRects=null}, InsetsSource: {f8fa0006 mType=tappableElement mFrame=[0,2196][1080,2340] mAttachedInsets=null mVisible=true mFlags= mSideHint=BOTTOM mBoundingRects=null}, InsetsSource: {f8fa0024 mType=systemGestures mFrame=[0,0][0,0] mAttachedInsets=null mVisible=true mFlags= mSideHint=NONE mBoundingRects=null}, InsetsSource: {3 mType=ime mFrame=[0,0][0,0] mAttachedInsets=null mVisible=false mFlags=INVALID mSideHint=NONE mBoundingRects=null}, InsetsSource: {27 mType=displayCutout mFrame=[0,0][1080,103] mAttachedInsets=null mVisible=true mFlags= mSideHint=TOP mBoundingRects=null} }
2026-06-16 15:24:21.219   998-998   SurfaceFlinger          surfaceflinger                       I  RequestedLayer [e0637ab Splash Screen com.friday.assistant#7131] hidden!! flag  from(1) --> to(0)
2026-06-16 15:24:21.219   998-998   SurfaceFlinger          surfaceflinger                       I  [e0637ab Splash Screen com.friday.assistant#7131] attach to parent LayerHierarchy{RequestedLayerState{ActivityRecord{229227092 u0 com.friday.assistant/.ui.screens.MainActivity t66}#7129 parentId=7128} 1 children}
2026-06-16 15:24:21.219   998-998   SurfaceFlinger          surfaceflinger                       I  [5f36e66 ActivityRecordInputSink com.friday.assistant/.ui.screens.MainActivity#7132] attach to parent LayerHierarchy{RequestedLayerState{ActivityRecord{229227092 u0 com.friday.assistant/.ui.screens.MainActivity t66}#7129 parentId=7128} 2 children}
2026-06-16 15:24:21.219  1520-7394  WindowManager           system_server                        I  Relayout Window{e0637ab u0 Splash Screen com.friday.assistant}: viewVisibility=0 req=1080x2340 ty=3 d0
2026-06-16 15:24:21.221   998-1310  SurfaceFlinger          surfaceflinger                       I  id=7135 createSurf, flag=44004, Splash Screen com.friday.assistant$_2339#7135
2026-06-16 15:24:21.221  1520-7394  WindowManager           system_server                        D  makeSurface duration=2 name=Splash Screen com.friday.assistant$_2339
2026-06-16 15:24:21.221  1520-7394  WindowManager           system_server                        D  updateSystemBarAttributes: displayId=0, focusedCanBeNavColorWin=false, win=Window{9626064 u0 com.sec.android.app.launcher/com.sec.android.app.launcher.activities.LauncherActivity}, navColorWin=Window{e0637ab u0 Splash Screen com.friday.assistant}, caller=com.android.server.wm.DisplayPolicy.finishPostLayoutPolicyLw:17 com.android.server.wm.RootWindowContainer.applySurfaceChangesTransaction$1:188 com.android.server.wm.RootWindowContainer.performSurfacePlacement:59 
2026-06-16 15:24:21.222  1520-7394  InsetsSourceProvider    system_server                        D  updateControlForTarget: control=InsetsSourceControl: {f8fa0001 mType=navigationBars initiallyVisible mSurfacePosition=Point(0, 2196) mInsetsHint=Insets{left=0, top=0, right=0, bottom=144}}, target=Window{e0637ab u0 Splash Screen com.friday.assistant}, from=com.android.server.wm.InsetsStateController.onControlTargetChanged:82 com.android.server.wm.InsetsPolicy.updateBarControlTarget:216 com.android.server.wm.DisplayPolicy.updateSystemBarAttributes:439 com.android.server.wm.WindowManagerService.updateFocusedWindowLocked:358 com.android.server.wm.WindowManagerService.relayoutWindow:1350 
2026-06-16 15:24:21.222  1520-7394  InsetsSourceProvider    system_server                        D  updateControlForTarget: control=InsetsSourceControl: {da090000 mType=statusBars initiallyVisible mSurfacePosition=Point(0, 0) mInsetsHint=Insets{left=0, top=103, right=0, bottom=0}}, target=Window{e0637ab u0 Splash Screen com.friday.assistant}, from=com.android.server.wm.InsetsStateController.onControlTargetChanged:82 com.android.server.wm.InsetsPolicy.updateBarControlTarget:203 com.android.server.wm.DisplayPolicy.updateSystemBarAttributes:439 com.android.server.wm.WindowManagerService.updateFocusedWindowLocked:358 com.android.server.wm.WindowManagerService.relayoutWindow:1350 
2026-06-16 15:24:21.222  1520-7394  WindowManager           system_server                        D  updateSystemBarAttributes: displayId=0, focusedCanBeNavColorWin=false, win=Window{e0637ab u0 Splash Screen com.friday.assistant}, navColorWin=Window{e0637ab u0 Splash Screen com.friday.assistant}, caller=com.android.server.wm.WindowManagerService.updateFocusedWindowLocked:358 com.android.server.wm.WindowManagerService.relayoutWindow:1350 com.android.server.wm.Session.relayout:30 
2026-06-16 15:24:21.222  3392-3478  RequestManager_FLP      com.sec.location.nsflp2              I  onOpChanged, op=0 / packageName=com.friday.assistant
2026-06-16 15:24:21.226  2339-2339  NavigationBar           com.android.systemui                 D  onSystemBarAttributesChanged() -  displayId:0, appearance:24, packageName: com.friday.assistant (APPEARANCE_LIGHT_STATUS_BARS APPEARANCE_LIGHT_NAVIGATION_BARS ), navbarColorManagedByIme:false
2026-06-16 15:24:21.227   998-998   SurfaceFlinger          surfaceflinger                       I  [Splash Screen com.friday.assistant$_2339#7135] attach to parent LayerHierarchy{RequestedLayerState{e0637ab Splash Screen com.friday.assistant#7131 parentId=7129 z=2147483647} 1 children}
2026-06-16 15:24:21.228 20443-20443 ApplicationLoaders      com.friday.assistant                 D  Returning zygote-cached class loader: /system_ext/framework/androidx.window.extensions.jar
2026-06-16 15:24:21.228 20443-20443 ApplicationLoaders      com.friday.assistant                 D  Returning zygote-cached class loader: /system_ext/framework/androidx.window.sidecar.jar
2026-06-16 15:24:21.228   998-2759  SurfaceFlinger          surfaceflinger                       I  [Splash Screen com.friday.assistant$_2339#7135] setTransactionState with the first frame. bufferData(ID: 10045928507590, frameNumber: 1)
2026-06-16 15:24:21.230  3026-3112  HoneySpace...askUseCase com.sec.android.app.launcher         I  topTasks 66 ComponentInfo{com.friday.assistant/com.friday.assistant.ui.screens.MainActivity}[displayId=0]
2026-06-16 15:24:21.232  1520-2880  WindowManager           system_server                        D  finishDrawingWindow: Window{e0637ab u0 Splash Screen com.friday.assistant} mDrawState=DRAW_PENDING seqId=0
2026-06-16 15:24:21.232  1520-2880  WindowManager           system_server                        V  Finishing drawing window Window{e0637ab u0 Splash Screen com.friday.assistant}: mDrawState=DRAW_PENDING
2026-06-16 15:24:21.232  1520-2880  WindowManager           system_server                        V  Draw state now committed in Window{e0637ab u0 Splash Screen com.friday.assistant}
2026-06-16 15:24:21.232  1520-1578  WindowManager           system_server                        V  performShowLocked: mDrawState=HAS_DRAWN in Window{e0637ab u0 Splash Screen com.friday.assistant}
2026-06-16 15:24:21.237  2339-2569  InsetsSourceConsumer    com.android.systemui                 I  applyRequestedVisibilityToControl: visible=true, type=navigationBars, host=Splash Screen com.friday.assistant
2026-06-16 15:24:21.237  2339-2569  InsetsSourceConsumer    com.android.systemui                 I  applyRequestedVisibilityToControl: visible=true, type=statusBars, host=Splash Screen com.friday.assistant
2026-06-16 15:24:21.244   998-998   SurfaceFlinger          surfaceflinger                       I  RequestedLayer [Splash Screen com.friday.assistant$_2339#7135] hidden!! flag  from(1) --> to(0)
2026-06-16 15:24:21.256   998-998   SurfaceFlinger          surfaceflinger                       D  Display 4633128672291736003 HWC layers:
                                                                                                           CLIENT |           10419590660096 | 00000100 | RGBA_8888    |    0.0    0.0 1080.0 2340.0 |    0    0 1080 2340 | Wallpaper BBQ wrapper 5_system#64 (81)
                                                                                                           CLIENT |           12996571038797 | 00002100 | RGBA_8888    |    0.0    0.0 1080.0 2340.0 |    0    0 1080 2340 | com.sec.android.app.launcher/com.sec[...]tivities.LauncherActivity$_3026#7122 (blurRegions) (8)
                                                                                                           CLIENT |           10045928507590 | 00002100 | RGBA_8888    |    0.0    0.0 1080.0 1671.0 |  283 1171  578 1626 | Splash Screen com.friday.assistant$_2339#7135 (1)
                                                                                                           DEVICE |           10045928507589 | 00002100 | RGBA_8888    |    0.0    0.0 1080.0  103.0 |    0    0 1080  103 | StatusBar$_2339#88 (5790)
                                                                                                           DEVICE |           12996571038800 | 00002100 | RGBA_8888    |    0.0    0.0   80.0  342.0 | 1000  863 1080 1205 | com.sec.android.app.launcher/com.sam[...]el.app.CocktailBarService$_3026#7126 (1)
                                                                                                           DEVICE |           10045928507564 | 00002100 | RGBA_8888    |    0.0    0.0 10
2026-06-16 15:24:21.447 20443-20443 nativeloader            com.friday.assistant                 D  Configuring clns-9 for other apk /data/app/~~qBqwpmLZQ0Qawf6cWVyYPw==/com.friday.assistant-cX-Lc8Y7UPDe_CaBqhpFOA==/base.apk. target_sdk_version=36, uses_libraries=, library_path=/data/app/~~qBqwpmLZQ0Qawf6cWVyYPw==/com.friday.assistant-cX-Lc8Y7UPDe_CaBqhpFOA==/lib/arm64:/data/app/~~qBqwpmLZQ0Qawf6cWVyYPw==/com.friday.assistant-cX-Lc8Y7UPDe_CaBqhpFOA==/base.apk!/lib/arm64-v8a, permitted_path=/data:/mnt/expand:/data/user/0/com.friday.assistant
2026-06-16 15:24:21.451 20443-20443 GraphicsEnvironment     com.friday.assistant                 V  Currently set values for:
2026-06-16 15:24:21.451 20443-20443 GraphicsEnvironment     com.friday.assistant                 V    angle_gl_driver_selection_pkgs=[]
2026-06-16 15:24:21.451 20443-20443 GraphicsEnvironment     com.friday.assistant                 V    angle_gl_driver_selection_values=[]
2026-06-16 15:24:21.451 20443-20443 GraphicsEnvironment     com.friday.assistant                 V  com.friday.assistant is not listed in per-application setting
2026-06-16 15:24:21.451 20443-20443 GraphicsEnvironment     com.friday.assistant                 V  ANGLE allowlist from config: com.dreamgames.royalmatch com.dts.freefiremax com.dxx.firenow com.gramgames.mergedragons com.ludo.king com.mojang.minecraftpe com.my.defense com.nintendo.zaka com.os.airforce com.playrix.fishdomdd.gplay io.teslatech.callbreak jp.konami.prospia net.peakgames.toonblast
2026-06-16 15:24:21.451 20443-20443 GraphicsEnvironment     com.friday.assistant                 V  No special selections for ANGLE, returning default driver choice
2026-06-16 15:24:21.451 20443-20443 GraphicsEnvironment     com.friday.assistant                 V  App is not on the allowlist for updatable production driver.
2026-06-16 15:24:21.473 20443-20443 FridayLogger            com.friday.assistant                 I  FridayLogger initialized. Log file path: /storage/emulated/0/Android/data/com.friday.assistant/files/friday_debug_logs.txt
2026-06-16 15:24:21.475 20443-20443 FridayApplication       com.friday.assistant                 I  Initializing Project Friday Application
2026-06-16 15:24:21.486 20443-20443 FridayApplication       com.friday.assistant                 D  Notification channel created
2026-06-16 15:24:21.487  1520-6673  SGM:FgCheckThread       system_server                        D  notifyAppCreated(), packageName: com.friday.assistant, userId: 0, sendRet: true
2026-06-16 15:24:21.488  1520-1956  SGM:FgCheckThread       system_server                        D  onLooperPrepared(), msg: MSG_APP_CREATE, pkgName: com.friday.assistant, userId: 0
2026-06-16 15:24:21.488  1520-6673  SGM:FgCheckThread       system_server                        D    sendRunningComponentFocus(), pkgName: com.friday.assistant, userId: 0
2026-06-16 15:24:21.488  1520-6673  InputDispatcher         system_server                        D  Focused application(0): ActivityRecord{229227092 u0 com.friday.assistant/.ui.screens.MainActivity t66}
2026-06-16 15:24:21.488  1520-1956  SGM:FgCheckThread       system_server                        D  onLooperPrepared(), msg: MSG_TASK_FOCUSED, pkgName: com.friday.assistant, userId: 0
2026-06-16 15:24:21.488  1520-1956  SGM:FgCheckThread       system_server                        D    handleTaskFocused(), pkgName: com.friday.assistant, userID:0
2026-06-16 15:24:21.488  1520-1956  SGM:FgCheckThread       system_server                        D    handleResume(). pkgName: com.friday.assistant, userId: 0, category: non-game
2026-06-16 15:24:21.488  1520-1956  SGM:FgCheckThread       system_server                        D  notifyFocusInOut(). of pkg: com.friday.assistant, type: 4, isSecGameFamily: false, userId: 0
2026-06-16 15:24:21.488  1520-6673  ActivityTaskManager     system_server                        D  scheduleTopResumedActivityChanged, onTop=true, r=ActivityRecord{229227092 u0 com.friday.assistant/.ui.screens.MainActivity t66}, caller=com.android.server.wm.ActivityTaskSupervisor.scheduleTopResumedActivityStateIfNeeded:18 com.android.server.wm.ActivityTaskSupervisor.updateTopResumedActivityIfNeeded:94 com.android.server.wm.TaskFragment.setResumedActivity:29 com.android.server.wm.ActivityRecord.setState:100 com.android.server.wm.ActivityTaskSupervisor.realStartActivityLocked:533 com.android.server.wm.RootWindowContainer.attachApplication:100 
2026-06-16 15:24:21.489  1520-6673  GraphicsStatsService    system_server                        D  requestRenderEngineFor(com.friday.assistant)
2026-06-16 15:24:21.489 20443-20443 ActivityThread          com.friday.assistant                 D  com.friday.assistant will use render engine as VK
2026-06-16 15:24:21.489 20443-20443 HWUI                    com.friday.assistant                 D  HWUI - treat SMPTE_170M as sRGB
2026-06-16 15:24:21.490 20443-20466 DisplayManager          com.friday.assistant                 I  Choreographer implicitly registered for the refresh rate.
2026-06-16 15:24:21.492 20443-20466 HWUI                    com.friday.assistant                 D  CacheManager constructor. deviceInfo=(1080, 1920)
2026-06-16 15:24:21.492 20443-20466 vulkan                  com.friday.assistant                 D  searching for layers in '/data/app/~~qBqwpmLZQ0Qawf6cWVyYPw==/com.friday.assistant-cX-Lc8Y7UPDe_CaBqhpFOA==/lib/arm64'
2026-06-16 15:24:21.492 20443-20466 vulkan                  com.friday.assistant                 D  searching for layers in '/data/app/~~qBqwpmLZQ0Qawf6cWVyYPw==/com.friday.assistant-cX-Lc8Y7UPDe_CaBqhpFOA==/base.apk!/lib/arm64-v8a'
2026-06-16 15:24:21.492 20443-20466 XGL                     com.friday.assistant                 V  ----------------------------------------------------------------------
2026-06-16 15:24:21.492 20443-20466 XGL                     com.friday.assistant                 V  SUMD version compiled date     = 2026-01-09 09:57 - KST
2026-06-16 15:24:21.492 20443-20466 XGL                     com.friday.assistant                 V  SUMD version revision number   = 1900168dcb
2026-06-16 15:24:21.492 20443-20466 XGL                     com.friday.assistant                 V  SUMD version info              = Driver version: 24.0.534, git hash: 1900168dcb
2026-06-16 15:24:21.492 20443-20466 XGL                     com.friday.assistant                 V  ----------------------------------------------------------------------
2026-06-16 15:24:21.492 20443-20466 XGL                     com.friday.assistant                 V  Entering: Create
2026-06-16 15:24:21.495  3392-3478  RequestManager_FLP      com.sec.location.nsflp2              I  onOpChanged, op=0 / packageName=com.friday.assistant
2026-06-16 15:24:21.497  1520-1575  SGM:GameManager         system_server                        D  identifyForegroundApp. com.friday.assistant, mCurrentUserId: 0, callerUserId: 0
2026-06-16 15:24:21.497  1520-1575  SGM:GameManager         system_server                        D  identifyForegroundApp. com.friday.assistant, mCurrentUserId: 0, callerUserId: 0
2026-06-16 15:24:21.500 20443-20443 DesktopExperienceFlags  com.friday.assistant                 D  Toggle override initialized to: false
2026-06-16 15:24:21.502 20443-20443 ashmem                  com.friday.assistant                 E  Pinning is deprecated since Android Q. Please use trim or other methods.
2026-06-16 15:24:21.503  3026-3026  HoneySpace...rViewModel com.sec.android.app.launcher         I  cocktailHostRepository.edgePanelOperation NoteResumeComponent(componentName=ComponentInfo{com.friday.assistant/com.friday.assistant.ui.screens.MainActivity})
2026-06-16 15:24:21.504  3026-3026  HoneySpace...ivityUtils com.sec.android.app.launcher         I  HomePackage : com.sec.android.app.launcher, resumePackageName : com.friday.assistant, className : com.friday.assistant.ui.screens.MainActivity
2026-06-16 15:24:21.505 20443-20443 MainActivity            com.friday.assistant                 I  MainActivity onCreate
2026-06-16 15:24:21.506 20443-20466 XGL                     com.friday.assistant                 V  Exiting: Create
2026-06-16 15:24:21.506  1520-1577  SGM:GameManager         system_server                        D  identifyGamePackage. com.friday.assistant, mCurrentUserId: 0, callingMethodInfo: com.samsung.android.game.SemGameManager.isGamePackage(SemGameManager.java:106)
2026-06-16 15:24:21.506  1520-1577  SGM:SemGameManager      system_server                        D  isGamePackage(), pkgName=com.friday.assistant, ret=false
2026-06-16 15:24:21.506  1520-1577  SGM:FgCheckThread       system_server                        D  noteResumeComponent(), received pkgName: com.friday.assistant, userId: 0
2026-06-16 15:24:21.506  1520-1956  SGM:FgCheckThread       system_server                        D  onLooperPrepared(), msg: MSG_APP_RESUME, pkgName: com.friday.assistant, userid: 0
2026-06-16 15:24:21.507  6395-25945 SDHMS:k                 com.sec.android.sdhms                I  handleResumeComponent : put = com.friday.assistant, userid = 0 instanceid =163056370
2026-06-16 15:24:21.514 20443-20443 nativeloader            com.friday.assistant                 D  Load /data/app/~~qBqwpmLZQ0Qawf6cWVyYPw==/com.friday.assistant-cX-Lc8Y7UPDe_CaBqhpFOA==/base.apk!/lib/arm64-v8a/libonnxruntime4j_jni.so using class loader ns clns-9 (caller=/data/app/~~qBqwpmLZQ0Qawf6cWVyYPw==/com.friday.assistant-cX-Lc8Y7UPDe_CaBqhpFOA==/base.apk): ok
2026-06-16 15:24:21.514  1520-2675  SGM:GameManager         system_server                        D  identifyGamePackage. com.friday.assistant, mCurrentUserId: 0, callingMethodInfo: com.samsung.android.game.IGameManagerService$Stub.onTransact(IGameManagerService.java:247)
2026-06-16 15:24:21.582 20443-20443 libc                    com.friday.assistant                 W  Access denied finding property "ro.mediatek.platform"
2026-06-16 15:24:21.620  1520-2034  MdnieScena...rolService system_server                        D   packageName : com.friday.assistant    className : com.friday.assistant.ui.screens.MainActivity
2026-06-16 15:24:21.887  1520-2675  WindowManager           system_server                        V  Finish Transition: TransitionRecord{d2d45a7 id=532 type=OPEN flags=0x0 parallelCollectType=NONE recentsDisplayId=-1 c=[
                                                                                                       ChangeInfo{6b7e43e container=Task{1bbc978 #6 type=home I=com.sec.android.app.launcher/.activities.LauncherActivity} flags=0x10}
                                                                                                       ChangeInfo{9cb429f container=WindowedMagnification:0:31@79480339 flags=0x0}
                                                                                                       ChangeInfo{fd1ffec container=RemoteWallpaperAnim:1:1@129416433 flags=0x0}
                                                                                                       ChangeInfo{4ec0fb5 container=WallpaperWindowToken{86bb5ad showWhenLocked=false}_<system> flags=0x0}
                                                                                                       ChangeInfo{4a064a container=ActivityRecord{142158892 u0 com.sec.android.app.launcher/.activities.LauncherActivity t6} flags=0x0}
                                                                                                       ChangeInfo{4ab69bb container=WallpaperWindowToken{8ef7fb7 showWhenLocked=true}_<lock> flags=0x0}
                                                                                                       ChangeInfo{8d52ed8 container=Task{9021dfd #66 type=standard A=10527:com.friday.assistant} flags=0x10}
                                                                                                       ChangeInfo{a1af231 container=Task{a75751e #1 type=home} flags=0x10}
                                                                                                       ChangeInfo{62a3d16 container=Display{#0 state=ON size=1080x2340 ROTATION_0} flags=0x0}
                                                                                                       ChangeInfo{39ce697 container=DefaultTaskDisplayArea_d0@192290299 flags=0x0}
                                                                                                       ChangeInfo{7da6084 container=ActivityRecord{229227092 u0 com.friday.assistant/.ui.screens.MainActivity t66} flags=0x0}
                                                                                                       ChangeInfo{b7b806d container=AppZoomOut:2:14@253419948 flags=0x0}
                                                                                                    ]
                                                                                                    }, caller=com.android.server.wm.WindowOrganizerController.finishTransitionInner:34 com.android.server.wm.WindowOrganizerController.finishAllTransitions:60 android.window.IWindowOrganizerController$Stub.onTransact:292 
2026-06-16 15:24:21.888  1520-2675  ChangeTran...Controller system_server                        D  onTransitionFinished: TransitionRecord{d2d45a7 id=532 type=OPEN flags=0x0 parallelCollectType=NONE recentsDisplayId=-1 c=[
                                                                                                       ChangeInfo{6b7e43e container=Task{1bbc978 #6 type=home I=com.sec.android.app.launcher/.activities.LauncherActivity} flags=0x10}
                                                                                                       ChangeInfo{9cb429f container=WindowedMagnification:0:31@79480339 flags=0x0}
                                                                                                       ChangeInfo{fd1ffec container=RemoteWallpaperAnim:1:1@129416433 flags=0x0}
                                                                                                       ChangeInfo{4ec0fb5 container=WallpaperWindowToken{86bb5ad showWhenLocked=false}_<system> flags=0x0}
                                                                                                       ChangeInfo{4a064a container=ActivityRecord{142158892 u0 com.sec.android.app.launcher/.activities.LauncherActivity t6} flags=0x0}
                                                                                                       ChangeInfo{4ab69bb container=WallpaperWindowToken{8ef7fb7 showWhenLocked=true}_<lock> flags=0x0}
                                                                                                       ChangeInfo{8d52ed8 container=Task{9021dfd #66 type=standard A=10527:com.friday.assistant} flags=0x10}
                                                                                                       ChangeInfo{a1af231 container=Task{a75751e #1 type=home} flags=0x10}
                                                                                                       ChangeInfo{62a3d16 container=Display{#0 state=ON size=1080x2340 ROTATION_0} flags=0x0}
                                                                                                       ChangeInfo{39ce697 container=DefaultTaskDisplayArea_d0@192290299 flags=0x0}
                                                                                                       ChangeInfo{7da6084 container=ActivityRecord{229227092 u0 com.friday.assistant/.ui.screens.MainActivity t66} flags=0x0}
                                                                                                       ChangeInfo{b7b806d container=AppZoomOut:2:14@253419948 flags=0x0}
                                                                                                    ]
                                                                                                    }
2026-06-16 15:24:21.894   998-998   SurfaceFlinger          surfaceflinger                       D  Display 4633128672291736003 HWC layers:
                                                                                                           DEVICE |           10419590660097 | 00000100 | RGBA_8888    |  123.0  267.0  957.0 2073.0 |    0    0 1080 2340 | Wallpaper BBQ wrapper 5_system#64 (82)
                                                                                                           DEVICE |           10045928507590 | 00002100 | RGBA_8888    |    0.0    0.0 1080.0 2340.0 |    0    0 1080 2340 | Splash Screen com.friday.assistant$_2339#7135 (1)
                                                                                                           DEVICE |           10045928507588 | 00002100 | RGBA_8888    |    0.0    0.0 1080.0  103.0 |    0    0 1080  103 | StatusBar$_2339#88 (5806)
                                                                                                           DEVICE |           12996571038800 | 00002100 | RGBA_8888    |    0.0    0.0   80.0  342.0 | 1000  863 1080 1205 | com.sec.android.app.launcher/com.sam[...]el.app.CocktailBarService$_3026#7126 (1)
                                                                                                           DEVICE |           10045928507556 | 00002100 | RGBA_8888    |    0.0    0.0 1080.0  144.0 |    0 2196 1080 2340 | NavigationBar0$_2339#84 (10710)
                                                                                                    
2026-06-16 15:24:21.901   998-998   SurfaceFlinger          surfaceflinger                       D  Display 4633128672291736003 HWC layers:
                                                                                                           DEVICE |           10045928507590 | 00002100 | RGBA_8888    |    0.0    0.0 1080.0 2340.0 |    0    0 1080 2340 | Splash Screen com.friday.assistant$_2339#7135 (1)
                                                                                                           DEVICE |           10045928507588 | 00002100 | RGBA_8888    |    0.0    0.0 1080.0  103.0 |    0    0 1080  103 | StatusBar$_2339#88 (5806)
                                                                                                           DEVICE |           12996571038800 | 00002100 | RGBA_8888    |    0.0    0.0   80.0  342.0 | 1000  863 1080 1205 | com.sec.android.app.launcher/com.sam[...]el.app.CocktailBarService$_3026#7126 (1)
                                                                                                           DEVICE |           10045928507556 | 00002100 | RGBA_8888    |    0.0    0.0 1080.0  144.0 |    0 2196 1080 2340 | NavigationBar0$_2339#84 (10710)
                                                                                                    
2026-06-16 15:24:21.913 20443-20443 SpeakerVerifier         com.friday.assistant                 I  ONNX Speaker Verification model loaded successfully
2026-06-16 15:24:21.917 20443-20443 CompatChangeReporter    com.friday.assistant                 D  Compat change id reported: 377864165; UID 10527; state: ENABLED
2026-06-16 15:24:21.917 20443-20443 DesktopModeFlags        com.friday.assistant                 D  Toggle override initialized to: OVERRIDE_UNSET
2026-06-16 15:24:21.918 20443-20443 DecorView               com.friday.assistant                 I  setWindowBackground: isPopOver=false color=fffafafa d=android.graphics.drawable.ColorDrawable@9a09281
2026-06-16 15:24:21.928 20443-20443 ViewRootImpl            com.friday.assistant                 D  desktopMode is false
2026-06-16 15:24:21.929 20443-20443 ViewRootImpl            com.friday.assistant                 I  dVRR is disabled
2026-06-16 15:24:21.929 20443-20443 HardwareRenderer        com.friday.assistant                 D  onDisplayChanged. displayId=0 current wxh=1080x2340 mLargest wxh=0x0
2026-06-16 15:24:21.929 20443-20443 HardwareRenderer        com.friday.assistant                 D  Set largestWidth and largestHeight as logical resolution. (1080x2340)
2026-06-16 15:24:21.929 20443-20466 HWUI                    com.friday.assistant                 D  setMaxSurfaceArea requested wxh=(1080,2340) requestedSurfaceArea(2527200) mMaxSurfaceArea(2073600)
2026-06-16 15:24:21.930 20443-20466 NativeCust...ncyManager com.friday.assistant                 D  [NativeCFMS] BpCustomFrequencyManager::BpCustomFrequencyManager()
2026-06-16 15:24:21.931 20443-20482 riday.assistant         com.friday.assistant                 I  [HIDL_FETCH_IMapper] android.hardware.graphics.mapper@4.0: Loaded Mapper successfully.
2026-06-16 15:24:21.932   998-1053  SurfaceFlinger          surfaceflinger                       I  id=7139 createSurf, flag=84004, a3a3b09 com.friday.assistant/com.friday.assistant.ui.screens.MainActivity#7139
2026-06-16 15:24:21.932 20443-20443 InputTransport          com.friday.assistant                 D  Input channel constructed: 'a3a3b09', fd=114
2026-06-16 15:24:21.933 20443-20443 InsetsController        com.friday.assistant                 I  onStateChanged: host=com.friday.assistant/com.friday.assistant.ui.screens.MainActivity, from=android.view.ViewRootImpl.onInsetsStateChanged:3038, state=InsetsState: {mDisplayFrame=Rect(0, 0 - 1080, 2340), mDisplayCutout=DisplayCutout{insets=Rect(0, 103 - 0, 0) waterfall=Insets{left=0, top=0, right=0, bottom=0} boundingRect={Bounds=[Rect(0, 0 - 0, 0), Rect(511, 0 - 569, 103), Rect(0, 0 - 0, 0), Rect(0, 0 - 0, 0)]} cutoutPathParserInfo={CutoutPathParserInfo{displayWidth=1080 displayHeight=2340 physicalDisplayWidth=1080 physicalDisplayHeight=2340 density={3.0} cutoutSpec={M 0,0 H -9.666666666666667 V 34.33333333333333 H 9.666666666666667 V 0 H 0 Z @dp} rotation={0} scale={1.0} physicalPixelDisplaySizeRatio={1.0}}} sideOverrides={}}, mRoundedCorners=RoundedCorners{[RoundedCorner{position=TopLeft, radius=108, center=Point(108, 108)}, RoundedCorner{position=TopRight, radius=108, center=Point(972, 108)}, RoundedCorner{position=BottomRight, radius=108, center=Point(972, 2232)}, RoundedCorner{position=BottomLeft, radius=108, center=Point(108, 2232)}]}  mRoundedCornerFrame=Rect(0, 0 - 1080, 2340), mPrivacyIndicatorBounds=PrivacyIndicatorBounds {static bounds=Rect(948, 0 - 1080, 103) rotation=0}, mDisplayShape=DisplayShape{ spec=-311912193 displayWidth=1080 displayHeight=2340 physicalPixelDisplaySizeRatio=1.0 rotation=0 offsetX=0 offsetY=0 scale=1.0}, mSources= { InsetsSource: {da090000 mType=statusBars mFrame=[0,0][1080,103] mAttachedInsets=null mVisible=true mFlags= mSideHint=TOP mBoundingRects=null}, InsetsSource: {da090005 mType=mandatorySystemGestures mFrame=[0,0][1080,139] mAttachedInsets=null mVisible=true mFlags= mSideHint=TOP mBoundingRects=null}, InsetsSource: {da090006 mType=tappableElement mFrame=[0,0][1080,103] mAttachedInsets=null mVisible=true mFlags= mSideHint=TOP mBoundingRects=null}, InsetsSource: {f8fa0001 mType=navigationBars mFrame=[0,2196][1080,2340] mAttachedInsets=null mVisible=true mFlags= mSideHint=BOTTOM mBoundingRects=null}, InsetsSource: {f8fa0004 mType=systemGestures mFrame=[0,0][0,0] mAttachedInsets=null mVisible=true mFlags= mSideHint=NONE mBoundingRects=null}, InsetsSource: {f8fa0005 mType=mandatorySystemGestures mFrame=[0,2196][1080,2340] mAttachedInsets=null mVisible=true mFlags= mSideHint=BOTTOM mBoundingRects=null}, InsetsSource: {f8fa0006 mType=tappableElement mFrame=[0,2196][1080,2340] mAttachedInsets=null mVisible=true mFlags= mSideHint=BOTTOM mBoundingRects=null}, InsetsSource: {f8fa0024 mType=systemGestures mFrame=[0,0][0,0] mAttachedInsets=null mVisible=true mFlags= mSideHint=NONE mBoundingRects=null}, InsetsSource: {3 mType=ime mFrame=[0,0][0,0] mAttachedInsets=null mVisible=false mFlags=INVALID mSideHint=NONE mBoundingRects=null}, InsetsSource: {27 mType=displayCutout mFrame=[0,0][1080,103] mAttachedInsets=null mVisible=true mFlags= mSideHint=TOP mBoundingRects=null} }
2026-06-16 15:24:21.933 20443-20443 VRI[MainAc...y]@e8151ae com.friday.assistant                 I  synced displayState. AttachInfo displayState=2
2026-06-16 15:24:21.933   998-998   SurfaceFlinger          surfaceflinger                       I  [a3a3b09 com.friday.assistant/com.friday.assistant.ui.screens.MainActivity#7139] attach to parent LayerHierarchy{RequestedLayerState{ActivityRecord{229227092 u0 com.friday.assistant/.ui.screens.MainActivity t66}#7129 parentId=7128} 3 children}
2026-06-16 15:24:21.934 20443-20443 VRI[MainAc...y]@e8151ae com.friday.assistant                 I  setView = com.android.internal.policy.DecorView@7b56561 IsHRR=false mFlingFrameRateChange=0 TM=true
2026-06-16 15:24:21.934 20443-20443 IDS_TAG                 com.friday.assistant                 I  Starting IDS observe window
2026-06-16 15:24:21.934 20443-20443 IDS_TAG                 com.friday.assistant                 I  Getting Shared Preference for com.friday.assistant.core.FridayApplication@69ba723 uid = 10527
2026-06-16 15:24:21.935 20443-20443 IDS_TAG                 com.friday.assistant                 I  App com.friday.assistant.core.FridayApplication@69ba723 has not finished training
2026-06-16 15:24:21.935 20443-20466 HWUI                    com.friday.assistant                 D  HWUI - treat SMPTE_170M as sRGB
2026-06-16 15:24:21.935 20443-20443 IDS_TAG                 com.friday.assistant                 I  Closing IDS observe window
2026-06-16 15:24:21.935 20443-20443 IDS_TAG                 com.friday.assistant                 I  Getting Shared Preference for com.friday.assistant.core.FridayApplication@69ba723 uid = 10527
2026-06-16 15:24:21.935 20443-20443 IDS_TAG                 com.friday.assistant                 I  IDS count updated to 5 for com.friday.assistant.core.FridayApplication@69ba723
2026-06-16 15:24:21.936 20443-20443 WindowOnBackDispatcher  com.friday.assistant                 D  setTopOnBackInvokedCallback (unwrapped): android.app.Activity$$ExternalSyntheticLambda0@1151174
2026-06-16 15:24:21.936  1520-5997  CoreBackPreview         system_server                        D  Window{a3a3b09 u0 com.friday.assistant/com.friday.assistant.ui.screens.MainActivity}: Setting back callback OnBackInvokedCallbackInfo{mCallback=android.window.IOnBackInvokedCallback$Stub$Proxy@58e974b, mPriority=-1, mIsAnimationCallback=false, mOverrideBehavior=0}
2026-06-16 15:24:21.942   998-998   SurfaceFlinger          surfaceflinger                       I  RequestedLayer [a3a3b09 com.friday.assistant/com.fri[...]sistant.ui.screens.MainActivity#7139] hidden!! flag  from(1) --> to(0)
2026-06-16 15:24:21.989 20443-20443 riday.assistant         com.friday.assistant                 I  hiddenapi: Accessing hidden method Landroid/os/SystemProperties;->addChangeCallback(Ljava/lang/Runnable;)V (runtime_flags=0, domain=platform, api=unsupported) from Landroidx/compose/ui/platform/AndroidComposeView$Companion; (domain=app, TargetSdkVersion=36) using reflection: allowed
2026-06-16 15:24:21.992 20443-20443 VibratorInfo            com.friday.assistant                 E  Invalid frequency profile received from HAL. resonantFrequencyHz=NaN, frequenciesHz=null, outputAccelerationsGs=null
2026-06-16 15:24:22.062 20443-20443 HWUI                    com.friday.assistant                 I  Using FreeType backend (prop=Auto)
2026-06-16 15:24:22.077 20443-20449 riday.assistant         com.friday.assistant                 I  Compiler allocated 5321KB to compile void android.view.ViewRootImpl.performTraversals()
2026-06-16 15:24:22.107 20443-20443 VRI[MainAc...y]@e8151ae com.friday.assistant                 D  WindowInsets changed: 1080x2340 statusBars:[0,103,0,0] navigationBars:[0,0,0,144] mandatorySystemGestures:[0,139,0,144] 
2026-06-16 15:24:22.142  1520-5997  WindowManager           system_server                        I  Relayout Window{a3a3b09 u0 com.friday.assistant/com.friday.assistant.ui.screens.MainActivity}: viewVisibility=0 req=1080x2340 ty=1 d0
2026-06-16 15:24:22.142   998-1053  SurfaceFlinger          surfaceflinger                       I  id=7140 createSurf, flag=44004, com.friday.assistant/com.friday.assistant.ui.screens.MainActivity$_20443#7140
2026-06-16 15:24:22.143  1520-5997  WindowManager           system_server                        D  makeSurface duration=0 name=com.friday.assistant/com.friday.assistant.ui.screens.MainActivity$_20443
2026-06-16 15:24:22.143  1520-5997  WindowManager           system_server                        D  Changing focus from null to Window{a3a3b09 u0 com.friday.assistant/com.friday.assistant.ui.screens.MainActivity} displayId=0 Callers=com.android.server.wm.WindowManagerService.relayoutWindow:1350 com.android.server.wm.Session.relayout:30 android.view.IWindowSession$Stub.onTransact:840 com.android.server.wm.Session.onTransact:1 
2026-06-16 15:24:22.144  1520-5997  InsetsSourceProvider    system_server                        D  updateControlForTarget: control=InsetsSourceControl: {f8fa0001 mType=navigationBars initiallyVisible mSurfacePosition=Point(0, 2196) mInsetsHint=Insets{left=0, top=0, right=0, bottom=144}}, target=Window{a3a3b09 u0 com.friday.assistant/com.friday.assistant.ui.screens.MainActivity}, from=com.android.server.wm.InsetsStateController.onControlTargetChanged:82 com.android.server.wm.InsetsPolicy.updateBarControlTarget:216 com.android.server.wm.DisplayPolicy.updateSystemBarAttributes:439 com.android.server.wm.WindowManagerService.updateFocusedWindowLocked:358 com.android.server.wm.WindowManagerService.relayoutWindow:1350 
2026-06-16 15:24:22.144  1520-5997  InsetsSourceProvider    system_server                        D  updateControlForTarget: control=InsetsSourceControl: {da090000 mType=statusBars initiallyVisible mSurfacePosition=Point(0, 0) mInsetsHint=Insets{left=0, top=103, right=0, bottom=0}}, target=Window{a3a3b09 u0 com.friday.assistant/com.friday.assistant.ui.screens.MainActivity}, from=com.android.server.wm.InsetsStateController.onControlTargetChanged:82 com.android.server.wm.InsetsPolicy.updateBarControlTarget:203 com.android.server.wm.DisplayPolicy.updateSystemBarAttributes:439 com.android.server.wm.WindowManagerService.updateFocusedWindowLocked:358 com.android.server.wm.WindowManagerService.relayoutWindow:1350 
2026-06-16 15:24:22.144  1520-5997  WindowManager           system_server                        D  updateSystemBarAttributes: displayId=0, focusedCanBeNavColorWin=false, win=Window{a3a3b09 u0 com.friday.assistant/com.friday.assistant.ui.screens.MainActivity}, navColorWin=Window{e0637ab u0 Splash Screen com.friday.assistant}, caller=com.android.server.wm.WindowManagerService.updateFocusedWindowLocked:358 com.android.server.wm.WindowManagerService.relayoutWindow:1350 com.android.server.wm.Session.relayout:30 
2026-06-16 15:24:22.144  1520-5997  SystemKeyManager        system_server                        V  updateFocusedWindow() is called, com.friday.assistant/com.friday.assistant.ui.screens.MainActivity
2026-06-16 15:24:22.144  2339-2339  NavigationBar           com.android.systemui                 D  onSystemBarAttributesChanged() -  displayId:0, appearance:528, packageName: com.friday.assistant (APPEARANCE_LIGHT_NAVIGATION_BARS ), navbarColorManagedByIme:false
2026-06-16 15:24:22.145 20443-20443 libc                    com.friday.assistant                 W  Access denied finding property "vendor.perf.ems.egg"
2026-06-16 15:24:22.145 20443-20443 BLASTBufferQueue_Java   com.friday.assistant                 I  new BLASTBufferQueue, mName= VRI[MainActivity]@e8151ae mNativeObject= 0xb4000075d864a800 caller= android.view.ViewRootImpl.updateBlastSurfaceIfNeeded:3603 android.view.ViewRootImpl.relayoutWindow:11813 android.view.ViewRootImpl.performTraversals:4840 android.view.ViewRootImpl.doTraversal:3959 android.view.ViewRootImpl$TraversalRunnable.run:13034 android.view.Choreographer$CallbackRecord.run:1961 android.view.Choreographer$CallbackRecord.run:1970 android.view.Choreographer.doCallbacks:1423 android.view.Choreographer.doFrame:1348 android.view.Choreographer$FrameDisplayEventReceiver.run:1930 
2026-06-16 15:24:22.145 20443-20443 BLASTBufferQueue_Java   com.friday.assistant                 I  update, w= 1080 h= 2340 mName = VRI[MainActivity]@e8151ae mNativeObject= 0xb4000075d864a800 sc.mNativeObject= 0xb4000075c85ddb50 format= -1 caller= android.view.ViewRootImpl.updateBlastSurfaceIfNeeded:3608 android.view.ViewRootImpl.relayoutWindow:11813 android.view.ViewRootImpl.performTraversals:4840 android.view.ViewRootImpl.doTraversal:3959 android.view.ViewRootImpl$TraversalRunnable.run:13034 android.view.Choreographer$CallbackRecord.run:1961 
2026-06-16 15:24:22.145 20443-20443 libc                    com.friday.assistant                 W  Access denied finding property "vendor.perf.ems.egg"
2026-06-16 15:24:22.146 20443-20443 VRI[MainAc...y]@e8151ae com.friday.assistant                 I  Relayout returned: old=(0,0,1080,2340) new=(0,0,1080,2340) relayoutAsync=false req=(1080,2340)0 dur=3 res=0x3 s={true 0xb4000074885f37b0} ch=true seqId=0
2026-06-16 15:24:22.146 20443-20443 VRI[MainAc...y]@e8151ae com.friday.assistant                 I  performConfigurationChange setNightDimText nightDimLevel=0
2026-06-16 15:24:22.146   998-998   SurfaceFlinger          surfaceflinger                       I  [com.friday.assistant/com.friday.assistant.ui.screens.MainActivity$_20443#7140] attach to parent LayerHierarchy{RequestedLayerState{a3a3b09 com.friday.assistant/com.friday.assistant.ui.screens.MainActivity#7139 parentId=7129} 1 children}
2026-06-16 15:24:22.146  1520-1578  SurfaceControl          system_server                        I  apply, lowDebugName=Focus request: a3a3b09 com.friday.assistant/com.friday.assistant.ui.screens.MainActivity, caller=android.view.SurfaceControl$Transaction.apply:3569 android.view.SurfaceControl$Transaction.apply:3519 com.android.server.wm.WindowAnimator.animate:468 com.android.server.wm.WindowAnimator$$ExternalSyntheticLambda1.doFrame:14 android.view.Choreographer$CallbackRecord.run:1959 android.view.Choreographer$CallbackRecord.run:1970 
2026-06-16 15:24:22.147 20443-20443 VRI[MainAc...y]@e8151ae com.friday.assistant                 D  mThreadedRenderer.initialize() mSurface={isValid=true 0xb4000074885f37b0} hwInitialized=true
2026-06-16 15:24:22.156   998-1283  SurfaceFlinger          surfaceflinger                       D  [input] setFocusedWindow: a3a3b09 com.friday.assistant/com.friday.assistant.ui.screens.MainActivity
2026-06-16 15:24:22.156  1520-2880  InputDispatcher         system_server                        D  Once focus requested (0): a3a3b09 com.friday.assistant/com.friday.assistant.ui.screens.MainActivity
2026-06-16 15:24:22.156  1520-2880  InputDispatcher         system_server                        D  Focus request (0): a3a3b09 com.friday.assistant/com.friday.assistant.ui.screens.MainActivity but waiting because NO_WINDOW
2026-06-16 15:24:22.170 20443-20443 VRI[MainAc...y]@e8151ae com.friday.assistant                 D  reportNextDraw android.view.ViewRootImpl.performTraversals:5507 android.view.ViewRootImpl.doTraversal:3959 android.view.ViewRootImpl$TraversalRunnable.run:13034 android.view.Choreographer$CallbackRecord.run:1961 android.view.Choreographer$CallbackRecord.run:1970 
2026-06-16 15:24:22.170 20443-20443 VRI[MainAc...y]@e8151ae com.friday.assistant                 D  Setup new sync=wmsSync-VRI[MainActivity]@e8151ae#0
2026-06-16 15:24:22.170 20443-20443 VRI[MainAc...y]@e8151ae com.friday.assistant                 I  Creating new active sync group VRI[MainActivity]@e8151ae#1
2026-06-16 15:24:22.170 20443-20443 VRI[MainAc...y]@e8151ae com.friday.assistant                 D  registerCallbacksForSync syncBuffer=false
2026-06-16 15:24:22.183 20443-20443 View                    com.friday.assistant                 I  setRequestedFrameRate frameRate=0.0, this=androidx.compose.ui.platform.AndroidComposeView{db03e1a VFED..... ......ID 0,0-1080,2340 aid=1073741824}, caller=android.view.ViewGroup.setRequestedFrameRate:10045 androidx.compose.ui.platform.Api35Impl.setRequestedFrameRate:3822 androidx.compose.ui.platform.AndroidComposeView.dispatchDraw:2114 android.view.View.draw:26758 android.view.View.updateDisplayListIfDirty:25577 
2026-06-16 15:24:22.183 20443-20443 View                    com.friday.assistant                 I  setRequestedFrameRate frameRate=-4.0, this=android.view.View{851e9cb V.ED..... ......I. 0,0-0,0}, caller=androidx.compose.ui.platform.Api35Impl.setRequestedFrameRate:3822 androidx.compose.ui.platform.AndroidComposeView.dispatchDraw:2115 android.view.View.draw:26758 android.view.View.updateDisplayListIfDirty:25577 android.view.View.draw:26477 
2026-06-16 15:24:22.183 20443-20443 View                    com.friday.assistant                 I  setRequestedFrameRate frameRate=NaN, this=androidx.compose.ui.platform.AndroidComposeView{db03e1a VFED..... ........ 0,0-1080,2340 aid=1073741824}, caller=android.view.ViewGroup.setRequestedFrameRate:10045 androidx.compose.ui.platform.Api35Impl.setRequestedFrameRate:3822 androidx.compose.ui.platform.AndroidComposeView.dispatchDraw:2114 android.view.View.draw:26758 android.view.View.updateDisplayListIfDirty:25577 
2026-06-16 15:24:22.184 20443-20443 View                    com.friday.assistant                 I  setRequestedFrameRate frameRate=NaN, this=android.view.View{851e9cb V.ED..... ........ 0,0-0,0}, caller=androidx.compose.ui.platform.Api35Impl.setRequestedFrameRate:3822 androidx.compose.ui.platform.AndroidComposeView.dispatchDraw:2115 android.view.View.draw:26758 android.view.View.updateDisplayListIfDirty:25577 android.view.ViewGroup.recreateChildDisplayList:4881 
2026-06-16 15:24:22.184 20443-20483 VRI[MainAc...y]@e8151ae com.friday.assistant                 D  Received frameDrawingCallback syncResult=0 frameNum=1.
2026-06-16 15:24:22.184 20443-20483 VRI[MainAc...y]@e8151ae com.friday.assistant                 I  mWNT: t=0xb4000075e85ee670 mBlastBufferQueue=0xb4000075d864a800 fn= 1 HdrRenderState mRenderHdrSdrRatio=1.0 caller= android.view.ViewRootImpl$12.onFrameDraw:15561 android.view.ThreadedRenderer$1.onFrameDraw:751 <bottom of call stack> 
2026-06-16 15:24:22.184 20443-20483 VRI[MainAc...y]@e8151ae com.friday.assistant                 I  Setting up sync and frameCommitCallback
2026-06-16 15:24:22.191 20443-20466 BLASTBufferQueue        com.friday.assistant                 I  [VRI[MainActivity]@e8151ae#0](f:0,a:0,s:0) onFrameAvailable the first frame is available
2026-06-16 15:24:22.192 20443-20466 VRI[MainAc...y]@e8151ae com.friday.assistant                 I  Received frameCommittedCallback lastAttemptedDrawFrameNum=1 didProduceBuffer=true
