                                                                                                       ChangeInfo{e7edf11 container=Task{5f24dd9 #64 type=standard A=10527:com.friday.assistant} flags=0x10}
                                                                                                       ChangeInfo{c225876 container=RemoteWallpaperAnim:1:1@129416433 flags=0x0}
                                                                                                       ChangeInfo{2d7ce77 container=WallpaperWindowToken{86bb5ad showWhenLocked=false}_<system> flags=0x0}
                                                                                                       ChangeInfo{dd55ae4 container=ActivityRecord{142158892 u0 com.sec.android.app.launcher/.activities.LauncherActivity t6} flags=0x0}
                                                                                                       ChangeInfo{5e15b4d container=WallpaperWindowToken{8ef7fb7 showWhenLocked=true}_<lock> flags=0x0}
                                                                                                       ChangeInfo{5538602 container=Task{a75751e #1 type=home} flags=0x10}
                                                                                                       ChangeInfo{ef0db13 container=Display{#0 state=ON size=1080x2340 ROTATION_0} flags=0x0}
                                                                                                       ChangeInfo{2ff4150 container=DefaultTaskDisplayArea_d0@192290299 flags=0x0}
                                                                                                       ChangeInfo{755f49 container=AppZoomOut:2:14@253419948 flags=0x0}
                                                                                                    ]
                                                                                                    }, caller=com.android.server.wm.WindowOrganizerController.finishTransitionInner:34 com.android.server.wm.WindowOrganizerController.finishAllTransitions:60 android.window.IWindowOrganizerController$Stub.onTransact:292 
2026-06-16 15:23:14.537  1520-2731  ChangeTran...Controller system_server                        D  onTransitionFinished: TransitionRecord{170e323 id=526 type=OPEN flags=0x0 parallelCollectType=NONE recentsDisplayId=-1 c=[
                                                                                                       ChangeInfo{6c52baa container=Task{1bbc978 #6 type=home I=com.sec.android.app.launcher/.activities.LauncherActivity} flags=0x10}
                                                                                                       ChangeInfo{4bd939b container=ActivityRecord{39292960 u0 com.friday.assistant/.ui.screens.MainActivity t64} flags=0x0}
                                                                                                       ChangeInfo{c934338 container=WindowedMagnification:0:31@79480339 flags=0x0}
                                                                                                       ChangeInfo{e7edf11 container=Task{5f24dd9 #64 type=standard A=10527:com.friday.assistant} flags=0x10}
                                                                                                       ChangeInfo{c225876 container=RemoteWallpaperAnim:1:1@129416433 flags=0x0}
                                                                                                       ChangeInfo{2d7ce77 container=WallpaperWindowToken{86bb5ad showWhenLocked=false}_<system> flags=0x0}
                                                                                                       ChangeInfo{dd55ae4 container=ActivityRecord{142158892 u0 com.sec.android.app.launcher/.activities.LauncherActivity t6} flags=0x0}
                                                                                                       ChangeInfo{5e15b4d container=WallpaperWindowToken{8ef7fb7 showWhenLocked=true}_<lock> flags=0x0}
                                                                                                       ChangeInfo{5538602 container=Task{a75751e #1 type=home} flags=0x10}
                                                                                                       ChangeInfo{ef0db13 container=Display{#0 state=ON size=1080x2340 ROTATION_0} flags=0x0}
                                                                                                       ChangeInfo{2ff4150 container=DefaultTaskDisplayArea_d0@192290299 flags=0x0}
                                                                                                       ChangeInfo{755f49 container=AppZoomOut:2:14@253419948 flags=0x0}
                                                                                                    ]
                                                                                                    }
2026-06-16 15:23:14.543   998-998   SurfaceFlinger          surfaceflinger                       D  Display 4633128672291736003 HWC layers:
                                                                                                           DEVICE |           10419590660096 | 00000100 | RGBA_8888    |  123.0  267.0  957.0 2073.0 |    0    0 1080 2340 | Wallpaper BBQ wrapper 5_system#64 (79)
                                                                                                           DEVICE |           10045928507569 | 00002100 | RGBA_8888    |    0.0    0.0 1080.0 2340.0 |    0    0 1080 2340 | Splash Screen com.friday.assistant$_2339#7059 (1)
                                                                                                           DEVICE |           10045928507573 | 00002100 | RGBA_8888    |    0.0    0.0 1080.0  103.0 |    0    0 1080  103 | StatusBar$_2339#88 (5715)
                                                                                                           DEVICE |           12996571038776 | 00002100 | RGBA_8888    |    0.0    0.0   80.0  342.0 | 1000  863 1080 1205 | com.sec.android.app.launcher/com.sam[...]el.app.CocktailBarService$_3026#7038 (1)
                                                                                                           DEVICE |           10045928507560 | 00002100 | RGBA_8888    |    0.0    0.0 1080.0  144.0 |    0 2196 1080 2340 | NavigationBar0$_2339#84 (10625)
                                                                                                    
2026-06-16 15:23:14.551   998-998   SurfaceFlinger          surfaceflinger                       D  Display 4633128672291736003 HWC layers:
                                                                                                           DEVICE |           10045928507569 | 00002100 | RGBA_8888    |    0.0    0.0 1080.0 2340.0 |    0    0 1080 2340 | Splash Screen com.friday.assistant$_2339#7059 (1)
                                                                                                           DEVICE |           10045928507573 | 00002100 | RGBA_8888    |    0.0    0.0 1080.0  103.0 |    0    0 1080  103 | StatusBar$_2339#88 (5715)
                                                                                                           DEVICE |           12996571038776 | 00002100 | RGBA_8888    |    0.0    0.0   80.0  342.0 | 1000  863 1080 1205 | com.sec.android.app.launcher/com.sam[...]el.app.CocktailBarService$_3026#7038 (1)
                                                                                                           DEVICE |           10045928507560 | 00002100 | RGBA_8888    |    0.0    0.0 1080.0  144.0 |    0 2196 1080 2340 | NavigationBar0$_2339#84 (10625)
                                                                                                    
2026-06-16 15:23:14.613 19750-19750 SpeakerVerifier         com.friday.assistant                 I  ONNX Speaker Verification model loaded successfully
2026-06-16 15:23:14.617 19750-19750 CompatChangeReporter    com.friday.assistant                 D  Compat change id reported: 377864165; UID 10527; state: ENABLED
2026-06-16 15:23:14.617 19750-19750 DesktopModeFlags        com.friday.assistant                 D  Toggle override initialized to: OVERRIDE_UNSET
2026-06-16 15:23:14.619 19750-19750 DecorView               com.friday.assistant                 I  setWindowBackground: isPopOver=false color=fffafafa d=android.graphics.drawable.ColorDrawable@9a09281
2026-06-16 15:23:14.629 19750-19750 ViewRootImpl            com.friday.assistant                 D  desktopMode is false
2026-06-16 15:23:14.629 19750-19750 ViewRootImpl            com.friday.assistant                 I  dVRR is disabled
2026-06-16 15:23:14.630 19750-19750 HardwareRenderer        com.friday.assistant                 D  onDisplayChanged. displayId=0 current wxh=1080x2340 mLargest wxh=0x0
2026-06-16 15:23:14.630 19750-19750 HardwareRenderer        com.friday.assistant                 D  Set largestWidth and largestHeight as logical resolution. (1080x2340)
2026-06-16 15:23:14.630 19750-19777 HWUI                    com.friday.assistant                 D  setMaxSurfaceArea requested wxh=(1080,2340) requestedSurfaceArea(2527200) mMaxSurfaceArea(2073600)
2026-06-16 15:23:14.630 19750-19777 NativeCust...ncyManager com.friday.assistant                 D  [NativeCFMS] BpCustomFrequencyManager::BpCustomFrequencyManager()
2026-06-16 15:23:14.631 19750-19792 riday.assistant         com.friday.assistant                 I  [HIDL_FETCH_IMapper] android.hardware.graphics.mapper@4.0: Loaded Mapper successfully.
2026-06-16 15:23:14.632   998-2901  SurfaceFlinger          surfaceflinger                       I  id=7065 createSurf, flag=84004, 1be5ac9 com.friday.assistant/com.friday.assistant.ui.screens.MainActivity#7065
2026-06-16 15:23:14.633 19750-19750 InputTransport          com.friday.assistant                 D  Input channel constructed: '1be5ac9', fd=114
2026-06-16 15:23:14.633 19750-19750 InsetsController        com.friday.assistant                 I  onStateChanged: host=com.friday.assistant/com.friday.assistant.ui.screens.MainActivity, from=android.view.ViewRootImpl.onInsetsStateChanged:3038, state=InsetsState: {mDisplayFrame=Rect(0, 0 - 1080, 2340), mDisplayCutout=DisplayCutout{insets=Rect(0, 103 - 0, 0) waterfall=Insets{left=0, top=0, right=0, bottom=0} boundingRect={Bounds=[Rect(0, 0 - 0, 0), Rect(511, 0 - 569, 103), Rect(0, 0 - 0, 0), Rect(0, 0 - 0, 0)]} cutoutPathParserInfo={CutoutPathParserInfo{displayWidth=1080 displayHeight=2340 physicalDisplayWidth=1080 physicalDisplayHeight=2340 density={3.0} cutoutSpec={M 0,0 H -9.666666666666667 V 34.33333333333333 H 9.666666666666667 V 0 H 0 Z @dp} rotation={0} scale={1.0} physicalPixelDisplaySizeRatio={1.0}}} sideOverrides={}}, mRoundedCorners=RoundedCorners{[RoundedCorner{position=TopLeft, radius=108, center=Point(108, 108)}, RoundedCorner{position=TopRight, radius=108, center=Point(972, 108)}, RoundedCorner{position=BottomRight, radius=108, center=Point(972, 2232)}, RoundedCorner{position=BottomLeft, radius=108, center=Point(108, 2232)}]}  mRoundedCornerFrame=Rect(0, 0 - 1080, 2340), mPrivacyIndicatorBounds=PrivacyIndicatorBounds {static bounds=Rect(948, 0 - 1080, 103) rotation=0}, mDisplayShape=DisplayShape{ spec=-311912193 displayWidth=1080 displayHeight=2340 physicalPixelDisplaySizeRatio=1.0 rotation=0 offsetX=0 offsetY=0 scale=1.0}, mSources= { InsetsSource: {da090000 mType=statusBars mFrame=[0,0][1080,103] mAttachedInsets=null mVisible=true mFlags= mSideHint=TOP mBoundingRects=null}, InsetsSource: {da090005 mType=mandatorySystemGestures mFrame=[0,0][1080,139] mAttachedInsets=null mVisible=true mFlags= mSideHint=TOP mBoundingRects=null}, InsetsSource: {da090006 mType=tappableElement mFrame=[0,0][1080,103] mAttachedInsets=null mVisible=true mFlags= mSideHint=TOP mBoundingRects=null}, InsetsSource: {f8fa0001 mType=navigationBars mFrame=[0,2196][1080,2340] mAttachedInsets=null mVisible=true mFlags= mSideHint=BOTTOM mBoundingRects=null}, InsetsSource: {f8fa0004 mType=systemGestures mFrame=[0,0][0,0] mAttachedInsets=null mVisible=true mFlags= mSideHint=NONE mBoundingRects=null}, InsetsSource: {f8fa0005 mType=mandatorySystemGestures mFrame=[0,2196][1080,2340] mAttachedInsets=null mVisible=true mFlags= mSideHint=BOTTOM mBoundingRects=null}, InsetsSource: {f8fa0006 mType=tappableElement mFrame=[0,2196][1080,2340] mAttachedInsets=null mVisible=true mFlags= mSideHint=BOTTOM mBoundingRects=null}, InsetsSource: {f8fa0024 mType=systemGestures mFrame=[0,0][0,0] mAttachedInsets=null mVisible=true mFlags= mSideHint=NONE mBoundingRects=null}, InsetsSource: {3 mType=ime mFrame=[0,0][0,0] mAttachedInsets=null mVisible=false mFlags=INVALID mSideHint=NONE mBoundingRects=null}, InsetsSource: {27 mType=displayCutout mFrame=[0,0][1080,103] mAttachedInsets=null mVisible=true mFlags= mSideHint=TOP mBoundingRects=null} }
2026-06-16 15:23:14.634 19750-19750 VRI[MainAc...y]@e8151ae com.friday.assistant                 I  synced displayState. AttachInfo displayState=2
2026-06-16 15:23:14.634   998-998   SurfaceFlinger          surfaceflinger                       I  [1be5ac9 com.friday.assistant/com.friday.assistant.ui.screens.MainActivity#7065] attach to parent LayerHierarchy{RequestedLayerState{ActivityRecord{39292960 u0 com.friday.assistant/.ui.screens.MainActivity t64}#7055 parentId=7054} 3 children}
2026-06-16 15:23:14.635 19750-19750 VRI[MainAc...y]@e8151ae com.friday.assistant                 I  setView = com.android.internal.policy.DecorView@7b56561 IsHRR=false mFlingFrameRateChange=0 TM=true
2026-06-16 15:23:14.635 19750-19750 IDS_TAG                 com.friday.assistant                 I  Starting IDS observe window
2026-06-16 15:23:14.635 19750-19750 IDS_TAG                 com.friday.assistant                 I  Getting Shared Preference for com.friday.assistant.core.FridayApplication@69ba723 uid = 10527
2026-06-16 15:23:14.636 19750-19750 IDS_TAG                 com.friday.assistant                 I  App com.friday.assistant.core.FridayApplication@69ba723 has not finished training
2026-06-16 15:23:14.636 19750-19777 HWUI                    com.friday.assistant                 D  HWUI - treat SMPTE_170M as sRGB
2026-06-16 15:23:14.636 19750-19750 IDS_TAG                 com.friday.assistant                 I  Closing IDS observe window
2026-06-16 15:23:14.636 19750-19750 IDS_TAG                 com.friday.assistant                 I  Getting Shared Preference for com.friday.assistant.core.FridayApplication@69ba723 uid = 10527
2026-06-16 15:23:14.637 19750-19750 IDS_TAG                 com.friday.assistant                 I  IDS count updated to 3 for com.friday.assistant.core.FridayApplication@69ba723
2026-06-16 15:23:14.637 19750-19750 WindowOnBackDispatcher  com.friday.assistant                 D  setTopOnBackInvokedCallback (unwrapped): android.app.Activity$$ExternalSyntheticLambda0@1151174
2026-06-16 15:23:14.637  1520-3218  CoreBackPreview         system_server                        D  Window{1be5ac9 u0 com.friday.assistant/com.friday.assistant.ui.screens.MainActivity}: Setting back callback OnBackInvokedCallbackInfo{mCallback=android.window.IOnBackInvokedCallback$Stub$Proxy@4dbb90b, mPriority=-1, mIsAnimationCallback=false, mOverrideBehavior=0}
2026-06-16 15:23:14.642   998-998   SurfaceFlinger          surfaceflinger                       I  RequestedLayer [1be5ac9 com.friday.assistant/com.fri[...]sistant.ui.screens.MainActivity#7065] hidden!! flag  from(1) --> to(0)
2026-06-16 15:23:14.692 19750-19750 riday.assistant         com.friday.assistant                 I  hiddenapi: Accessing hidden method Landroid/os/SystemProperties;->addChangeCallback(Ljava/lang/Runnable;)V (runtime_flags=0, domain=platform, api=unsupported) from Landroidx/compose/ui/platform/AndroidComposeView$Companion; (domain=app, TargetSdkVersion=36) using reflection: allowed
2026-06-16 15:23:14.697 19750-19750 VibratorInfo            com.friday.assistant                 E  Invalid frequency profile received from HAL. resonantFrequencyHz=NaN, frequenciesHz=null, outputAccelerationsGs=null
2026-06-16 15:23:14.770 19750-19750 HWUI                    com.friday.assistant                 I  Using FreeType backend (prop=Auto)
2026-06-16 15:23:14.775 19750-19754 riday.assistant         com.friday.assistant                 I  Compiler allocated 5321KB to compile void android.view.ViewRootImpl.performTraversals()
2026-06-16 15:23:14.818 19750-19750 VRI[MainAc...y]@e8151ae com.friday.assistant                 D  WindowInsets changed: 1080x2340 statusBars:[0,103,0,0] navigationBars:[0,0,0,144] mandatorySystemGestures:[0,139,0,144] 
2026-06-16 15:23:14.857  1520-3196  WindowManager           system_server                        I  Relayout Window{1be5ac9 u0 com.friday.assistant/com.friday.assistant.ui.screens.MainActivity}: viewVisibility=0 req=1080x2340 ty=1 d0
2026-06-16 15:23:14.857   998-1053  SurfaceFlinger          surfaceflinger                       I  id=7066 createSurf, flag=44004, com.friday.assistant/com.friday.assistant.ui.screens.MainActivity$_19750#7066
2026-06-16 15:23:14.857  1520-3196  WindowManager           system_server                        D  makeSurface duration=0 name=com.friday.assistant/com.friday.assistant.ui.screens.MainActivity$_19750
2026-06-16 15:23:14.858  1520-3196  WindowManager           system_server                        D  Changing focus from null to Window{1be5ac9 u0 com.friday.assistant/com.friday.assistant.ui.screens.MainActivity} displayId=0 Callers=com.android.server.wm.WindowManagerService.relayoutWindow:1350 com.android.server.wm.Session.relayout:30 android.view.IWindowSession$Stub.onTransact:840 com.android.server.wm.Session.onTransact:1 
2026-06-16 15:23:14.858  1520-3196  InsetsSourceProvider    system_server                        D  updateControlForTarget: control=InsetsSourceControl: {f8fa0001 mType=navigationBars initiallyVisible mSurfacePosition=Point(0, 2196) mInsetsHint=Insets{left=0, top=0, right=0, bottom=144}}, target=Window{1be5ac9 u0 com.friday.assistant/com.friday.assistant.ui.screens.MainActivity}, from=com.android.server.wm.InsetsStateController.onControlTargetChanged:82 com.android.server.wm.InsetsPolicy.updateBarControlTarget:216 com.android.server.wm.DisplayPolicy.updateSystemBarAttributes:439 com.android.server.wm.WindowManagerService.updateFocusedWindowLocked:358 com.android.server.wm.WindowManagerService.relayoutWindow:1350 
2026-06-16 15:23:14.859  1520-3196  InsetsSourceProvider    system_server                        D  updateControlForTarget: control=InsetsSourceControl: {da090000 mType=statusBars initiallyVisible mSurfacePosition=Point(0, 0) mInsetsHint=Insets{left=0, top=103, right=0, bottom=0}}, target=Window{1be5ac9 u0 com.friday.assistant/com.friday.assistant.ui.screens.MainActivity}, from=com.android.server.wm.InsetsStateController.onControlTargetChanged:82 com.android.server.wm.InsetsPolicy.updateBarControlTarget:203 com.android.server.wm.DisplayPolicy.updateSystemBarAttributes:439 com.android.server.wm.WindowManagerService.updateFocusedWindowLocked:358 com.android.server.wm.WindowManagerService.relayoutWindow:1350 
2026-06-16 15:23:14.859  1520-3196  WindowManager           system_server                        D  updateSystemBarAttributes: displayId=0, focusedCanBeNavColorWin=false, win=Window{1be5ac9 u0 com.friday.assistant/com.friday.assistant.ui.screens.MainActivity}, navColorWin=Window{ba34367 u0 Splash Screen com.friday.assistant}, caller=com.android.server.wm.WindowManagerService.updateFocusedWindowLocked:358 com.android.server.wm.WindowManagerService.relayoutWindow:1350 com.android.server.wm.Session.relayout:30 
2026-06-16 15:23:14.859  1520-3196  SystemKeyManager        system_server                        V  updateFocusedWindow() is called, com.friday.assistant/com.friday.assistant.ui.screens.MainActivity
2026-06-16 15:23:14.859  2339-2339  NavigationBar           com.android.systemui                 D  onSystemBarAttributesChanged() -  displayId:0, appearance:528, packageName: com.friday.assistant (APPEARANCE_LIGHT_NAVIGATION_BARS ), navbarColorManagedByIme:false
2026-06-16 15:23:14.860 19750-19750 libc                    com.friday.assistant                 W  Access denied finding property "vendor.perf.ems.egg"
2026-06-16 15:23:14.860 19750-19750 BLASTBufferQueue_Java   com.friday.assistant                 I  new BLASTBufferQueue, mName= VRI[MainActivity]@e8151ae mNativeObject= 0xb4000075d86346a0 caller= android.view.ViewRootImpl.updateBlastSurfaceIfNeeded:3603 android.view.ViewRootImpl.relayoutWindow:11813 android.view.ViewRootImpl.performTraversals:4840 android.view.ViewRootImpl.doTraversal:3959 android.view.ViewRootImpl$TraversalRunnable.run:13034 android.view.Choreographer$CallbackRecord.run:1961 android.view.Choreographer$CallbackRecord.run:1970 android.view.Choreographer.doCallbacks:1423 android.view.Choreographer.doFrame:1348 android.view.Choreographer$FrameDisplayEventReceiver.run:1930 
2026-06-16 15:23:14.860 19750-19750 BLASTBufferQueue_Java   com.friday.assistant                 I  update, w= 1080 h= 2340 mName = VRI[MainActivity]@e8151ae mNativeObject= 0xb4000075d86346a0 sc.mNativeObject= 0xb4000075c85ddd90 format= -1 caller= android.view.ViewRootImpl.updateBlastSurfaceIfNeeded:3608 android.view.ViewRootImpl.relayoutWindow:11813 android.view.ViewRootImpl.performTraversals:4840 android.view.ViewRootImpl.doTraversal:3959 android.view.ViewRootImpl$TraversalRunnable.run:13034 android.view.Choreographer$CallbackRecord.run:1961 
2026-06-16 15:23:14.860 19750-19750 libc                    com.friday.assistant                 W  Access denied finding property "vendor.perf.ems.egg"
2026-06-16 15:23:14.861 19750-19750 VRI[MainAc...y]@e8151ae com.friday.assistant                 I  Relayout returned: old=(0,0,1080,2340) new=(0,0,1080,2340) relayoutAsync=false req=(1080,2340)0 dur=3 res=0x3 s={true 0xb4000074885f4490} ch=true seqId=0
2026-06-16 15:23:14.861 19750-19750 VRI[MainAc...y]@e8151ae com.friday.assistant                 I  performConfigurationChange setNightDimText nightDimLevel=0
2026-06-16 15:23:14.861 19750-19750 VRI[MainAc...y]@e8151ae com.friday.assistant                 D  mThreadedRenderer.initialize() mSurface={isValid=true 0xb4000074885f4490} hwInitialized=true
2026-06-16 15:23:14.864   998-998   SurfaceFlinger          surfaceflinger                       I  [com.friday.assistant/com.friday.assistant.ui.screens.MainActivity$_19750#7066] attach to parent LayerHierarchy{RequestedLayerState{1be5ac9 com.friday.assistant/com.friday.assistant.ui.screens.MainActivity#7065 parentId=7055} 1 children}
2026-06-16 15:23:14.864  1520-1578  SurfaceControl          system_server                        I  apply, lowDebugName=Focus request: 1be5ac9 com.friday.assistant/com.friday.assistant.ui.screens.MainActivity, caller=android.view.SurfaceControl$Transaction.apply:3569 android.view.SurfaceControl$Transaction.apply:3519 com.android.server.wm.WindowAnimator.animate:468 com.android.server.wm.WindowAnimator$$ExternalSyntheticLambda1.doFrame:14 android.view.Choreographer$CallbackRecord.run:1959 android.view.Choreographer$CallbackRecord.run:1970 
2026-06-16 15:23:14.874   998-1283  SurfaceFlinger          surfaceflinger                       D  [input] setFocusedWindow: 1be5ac9 com.friday.assistant/com.friday.assistant.ui.screens.MainActivity
2026-06-16 15:23:14.874  1520-6837  InputDispatcher         system_server                        D  Once focus requested (0): 1be5ac9 com.friday.assistant/com.friday.assistant.ui.screens.MainActivity
2026-06-16 15:23:14.874  1520-6837  InputDispatcher         system_server                        D  Focus request (0): 1be5ac9 com.friday.assistant/com.friday.assistant.ui.screens.MainActivity but waiting because NO_WINDOW
2026-06-16 15:23:14.885 19750-19750 VRI[MainAc...y]@e8151ae com.friday.assistant                 D  reportNextDraw android.view.ViewRootImpl.performTraversals:5507 android.view.ViewRootImpl.doTraversal:3959 android.view.ViewRootImpl$TraversalRunnable.run:13034 android.view.Choreographer$CallbackRecord.run:1961 android.view.Choreographer$CallbackRecord.run:1970 
2026-06-16 15:23:14.885 19750-19750 VRI[MainAc...y]@e8151ae com.friday.assistant                 D  Setup new sync=wmsSync-VRI[MainActivity]@e8151ae#0
2026-06-16 15:23:14.885 19750-19750 VRI[MainAc...y]@e8151ae com.friday.assistant                 I  Creating new active sync group VRI[MainActivity]@e8151ae#1
2026-06-16 15:23:14.886 19750-19750 VRI[MainAc...y]@e8151ae com.friday.assistant                 D  registerCallbacksForSync syncBuffer=false
2026-06-16 15:23:14.898 19750-19750 View                    com.friday.assistant                 I  setRequestedFrameRate frameRate=0.0, this=androidx.compose.ui.platform.AndroidComposeView{db03e1a VFED..... ......ID 0,0-1080,2340 aid=1073741824}, caller=android.view.ViewGroup.setRequestedFrameRate:10045 androidx.compose.ui.platform.Api35Impl.setRequestedFrameRate:3822 androidx.compose.ui.platform.AndroidComposeView.dispatchDraw:2114 android.view.View.draw:26758 android.view.View.updateDisplayListIfDirty:25577 
2026-06-16 15:23:14.898 19750-19750 View                    com.friday.assistant                 I  setRequestedFrameRate frameRate=-4.0, this=android.view.View{851e9cb V.ED..... ......I. 0,0-0,0}, caller=androidx.compose.ui.platform.Api35Impl.setRequestedFrameRate:3822 androidx.compose.ui.platform.AndroidComposeView.dispatchDraw:2115 android.view.View.draw:26758 android.view.View.updateDisplayListIfDirty:25577 android.view.View.draw:26477 
2026-06-16 15:23:14.899 19750-19750 View                    com.friday.assistant                 I  setRequestedFrameRate frameRate=NaN, this=androidx.compose.ui.platform.AndroidComposeView{db03e1a VFED..... ........ 0,0-1080,2340 aid=1073741824}, caller=android.view.ViewGroup.setRequestedFrameRate:10045 androidx.compose.ui.platform.Api35Impl.setRequestedFrameRate:3822 androidx.compose.ui.platform.AndroidComposeView.dispatchDraw:2114 android.view.View.draw:26758 android.view.View.updateDisplayListIfDirty:25577 
2026-06-16 15:23:14.899 19750-19750 View                    com.friday.assistant                 I  setRequestedFrameRate frameRate=NaN, this=android.view.View{851e9cb V.ED..... ........ 0,0-0,0}, caller=androidx.compose.ui.platform.Api35Impl.setRequestedFrameRate:3822 androidx.compose.ui.platform.AndroidComposeView.dispatchDraw:2115 android.view.View.draw:26758 android.view.View.updateDisplayListIfDirty:25577 android.view.ViewGroup.recreateChildDisplayList:4881 
2026-06-16 15:23:14.899 19750-19793 VRI[MainAc...y]@e8151ae com.friday.assistant                 D  Received frameDrawingCallback syncResult=0 frameNum=1.
2026-06-16 15:23:14.899 19750-19793 VRI[MainAc...y]@e8151ae com.friday.assistant                 I  mWNT: t=0xb4000075e8667cf0 mBlastBufferQueue=0xb4000075d86346a0 fn= 1 HdrRenderState mRenderHdrSdrRatio=1.0 caller= android.view.ViewRootImpl$12.onFrameDraw:15561 android.view.ThreadedRenderer$1.onFrameDraw:751 <bottom of call stack> 
2026-06-16 15:23:14.899 19750-19793 VRI[MainAc...y]@e8151ae com.friday.assistant                 I  Setting up sync and frameCommitCallback
2026-06-16 15:23:14.907 19750-19777 BLASTBufferQueue        com.friday.assistant                 I  [VRI[MainActivity]@e8151ae#0](f:0,a:0,s:0) onFrameAvailable the first frame is available
2026-06-16 15:23:14.907 19750-19777 VRI[MainAc...y]@e8151ae com.friday.assistant                 I  Received frameCommittedCallback lastAttemptedDrawFrameNum=1 didProduceBuffer=true
2026-06-16 15:23:14.907   998-2901  SurfaceFlinger          surfaceflinger                       I  [com.friday.assistant/com.friday.assistant.ui.screens.MainActivity$_19750#7066] setTransactionState with the first frame. bufferData(ID: 84825604096003, frameNumber: 1)
2026-06-16 15:23:14.908 19750-19777 HWUI                    com.friday.assistant                 D  CFMS:: SetUp Pid : 19750    Tid : 19777
2026-06-16 15:23:14.909 19750-19750 VRI[MainAc...y]@e8151ae com.friday.assistant                 D  reportDrawFinished seqId=0
2026-06-16 15:23:14.909  1520-3196  WindowManager           system_server                        D  finishDrawingWindow: Window{1be5ac9 u0 com.friday.assistant/com.friday.assistant.ui.screens.MainActivity} mDrawState=DRAW_PENDING seqId=0
2026-06-16 15:23:14.909 19750-19750 Choreographer           com.friday.assistant                 I  Skipped 30 frames!  The application may be doing too much work on its main thread.
2026-06-16 15:23:14.909  1520-1578  WindowManager           system_server                        V  Finish starting ActivityRecord{39292960 u0 com.friday.assistant/.ui.screens.MainActivity t64}: first real window is shown, no animation
2026-06-16 15:23:14.910  1520-1578  WindowManager           system_server                        V  Schedule remove starting ActivityRecord{39292960 u0 com.friday.assistant/.ui.screens.MainActivity t64} startingWindow=Window{ba34367 u0 Splash Screen com.friday.assistant} animate=true Callers=com.android.server.wm.ActivityRecord.removeStartingWindow:178 com.android.server.wm.WindowState.performShowLocked:146 com.android.server.wm.WindowStateAnimator.commitFinishDrawingLocked:73 com.android.server.wm.DisplayContent$$ExternalSyntheticLambda1.accept:350 com.android.server.wm.WindowContainer$ForAllWindowsConsumerWrapper.apply:5 
2026-06-16 15:23:14.910  1520-1578  TaskOrganizerController system_server                        D  applyStartingWindowAnimation, window=Window{1be5ac9 u0 com.friday.assistant/com.friday.assistant.ui.screens.MainActivity}, caller=com.android.server.wm.TaskOrganizerController.getStartingWindowRemovalInfo:135 com.android.server.wm.StartingSurfaceController$StartingSurface.remove:39 com.android.server.wm.ActivityRecord.removeStartingWindowAnimation:167 
2026-06-16 15:23:14.910  1520-1578  WindowManager           system_server                        I  Reparenting to leash, surface=Surface(name=1be5ac9 com.friday.assistant/com.friday.assistant.ui.screens.MainActivity#7065)/@0x4af8e7e, leashParent=Surface(name=ActivityRecord{39292960 u0 com.friday.assistant/.ui.screens.MainActivity t64}#7055)/@0xf9e3fdf
2026-06-16 15:23:14.910   998-1310  SurfaceFlinger          surfaceflinger                       I  id=7069 createSurf, flag=24000, Surface(name=1be5ac9 com.friday.assistant/com.friday.assistant.ui.screens.MainActivity#7065)/@0x4af8e7e - animation-leash of starting_reveal#7069
2026-06-16 15:23:14.910  1520-1578  WindowManager           system_server                        D  makeSurface duration=0 leash=Surface(name=Surface(name=1be5ac9 com.friday.assistant/com.friday.assistant.ui.screens.MainActivity#7065)/@0x4af8e7e - animation-leash of starting_reveal#7069)/@0x351542c
2026-06-16 15:23:14.911  1520-1578  WindowManager           system_server                        V  performShowLocked: mDrawState=HAS_DRAWN in Window{1be5ac9 u0 com.friday.assistant/com.friday.assistant.ui.screens.MainActivity}
2026-06-16 15:23:14.912  1520-1574  PkgPredict...erviceImpl system_server                        I  reportToNAP uid:10527 com.friday.assistant/com.friday.assistant.ui.screens.MainActivity thisTime:1060
2026-06-16 15:23:14.914   998-998   SurfaceFlinger          surfaceflinger                       I  [LayerHierarchy{RequestedLayerState{1be5ac9 com.friday.assistant/com.friday.assistant.ui.screens.MainActivity#7065 parentId=7069} 1 children}] reparent to LayerHierarchy{RequestedLayerState{Surface(name=1be5ac9 com.friday.assistant/com.friday.assistant.ui.screens.MainActivity#7065)/@0x4af8e7e - animation-leash of starting_reveal#7069 parentId=7055} 1 children}
2026-06-16 15:23:14.914   998-998   SurfaceFlinger          surfaceflinger                       I  [Surface(name=1be5ac9 com.friday.assistant/com.friday.assistant.ui.screens.MainActivity#7065)/@0x4af8e7e - animation-leash of starting_reveal#7069] attach to parent LayerHierarchy{RequestedLayerState{ActivityRecord{39292960 u0 com.friday.assistant/.ui.screens.MainActivity t64}#7055 parentId=7054} 3 children}
2026-06-16 15:23:14.917  1520-1574  ActivityTaskManager     system_server                        I  Displayed com.friday.assistant/.ui.screens.MainActivity for user 0: +1s60ms
2026-06-16 15:23:14.917  1520-1574  Pageboost               system_server                        I  Launch time gathered : pid 19750 com.friday.assistant 1060
2026-06-16 15:23:14.922   998-998   SurfaceFlinger          surfaceflinger                       I  RequestedLayer [com.friday.assistant/com.friday.assistant.ui.screens.MainActivity$_19750#7066] hidden!! flag  from(1) --> to(0)
2026-06-16 15:23:14.925   998-998   SurfaceFlinger          surfaceflinger                       D  Display 4633128672291736003 HWC layers:
                                                                                                           DEVICE |           84825604096003 | 00002102 | RGBA_8888    |    0.0    0.0 1080.0 2280.0 |    0   60 1080 2340 | com.friday.assistant/com.friday.assistant.ui.screens.MainActivity$_19750#7066 (1)
                                                                                                           DEVICE |           10045928507572 | 00002100 | RGBA_8888    |    0.0    0.0 1080.0 2340.0 |    0    0 1080 2340 | Splash Screen com.friday.assistant$_2339#7059 (2)
                                                                                                           DEVICE |           10045928507573 | 00002100 | RGBA_8888    |    0.0    0.0 1080.0  103.0 |    0    0 1080  103 | StatusBar$_2339#88 (5715)
                                                                                                           DEVICE |           12996571038776 | 00002100 | RGBA_8888    |    0.0    0.0   80.0  342.0 | 1000  863 1080 1205 | com.sec.android.app.launcher/com.sam[...]el.app.CocktailBarService$_3026#7038 (1)
                                                                                                           DEVICE |           10045928507564 | 00002100 | RGBA_8888    |    0.0    0.0 1080.0  144.0 |    0 2196 1080 2340 | NavigationBar0$_2339#84 (10627)
                                                                                                    
2026-06-16 15:23:14.925  1520-6837  InputDispatcher         system_server                        D  Focus entered window (0): 1be5ac9 com.friday.assistant/com.friday.assistant.ui.screens.MainActivity
2026-06-16 15:23:14.976  1520-7207  WindowManager           system_server                        I  Relayout Window{ba34367 u0 Splash Screen com.friday.assistant}: viewVisibility=8 req=1080x2340 ty=3 d0
2026-06-16 15:23:14.979  1520-3196  WindowManager           system_server                        D  Starting window removed Window{ba34367 u0 Splash Screen com.friday.assistant}
2026-06-16 15:23:14.979  1520-3196  WindowManager           system_server                        I  Cancelling animation restarting=false, leash=Surface(name=Surface(name=1be5ac9 com.friday.assistant/com.friday.assistant.ui.screens.MainActivity#7065)/@0x4af8e7e - animation-leash of starting_reveal#7069)/@0x351542c
2026-06-16 15:23:14.979  1520-3196  WindowManager           system_server                        I  Reparenting to original parent: Surface(name=ActivityRecord{39292960 u0 com.friday.assistant/.ui.screens.MainActivity t64}#7055)/@0xf9e3fdf, destroy=false, surface=Surface(name=1be5ac9 com.friday.assistant/com.friday.assistant.ui.screens.MainActivity#7065)/@0x4af8e7e
2026-06-16 15:23:14.979  1520-3196  WindowManager           system_server                        V  Remove Window{ba34367 u0 Splash Screen com.friday.assistant}: mSurfaceControl=Surface(name=Splash Screen com.friday.assistant$_2339#7059)/@0xeaa4bd7 mAnimatingExit=false mRemoveOnExit=false mHasSurface=true surfaceShowing=true animating=false app-animation=false callers=com.android.server.wm.Session.remove:15 android.view.IWindowSession$Stub.onTransact:813 com.android.server.wm.Session.onTransact:1 android.os.Binder.execTransactInternal:1514 android.os.Binder.execTransact:1454 <bottom of call stack> 
2026-06-16 15:23:14.980  1520-3196  WindowManager           system_server                        D  updateSystemBarAttributes: displayId=0, focusedCanBeNavColorWin=false, win=Window{1be5ac9 u0 com.friday.assistant/com.friday.assistant.ui.screens.MainActivity}, navColorWin=Window{1be5ac9 u0 com.friday.assistant/com.friday.assistant.ui.screens.MainActivity}, caller=com.android.server.wm.DisplayPolicy.finishPostLayoutPolicyLw:17 com.android.server.wm.RootWindowContainer.applySurfaceChangesTransaction$1:188 com.android.server.wm.RootWindowContainer.performSurfacePlacement:59 
2026-06-16 15:23:14.991  1520-1577  SGM:FgCheckThread       system_server                        D  getForegroundApp(), foregroundPkgName=com.friday.assistant
2026-06-16 15:23:14.992   998-998   SurfaceFlinger          surfaceflinger                       I  [LayerHierarchy{RequestedLayerState{1be5ac9 com.friday.assistant/com.friday.assistant.ui.screens.MainActivity#7065 parentId=7055} 1 children}] reparent to LayerHierarchy{RequestedLayerState{ActivityRecord{39292960 u0 com.friday.assistant/.ui.screens.MainActivity t64}#7055 parentId=7054} 4 children}
2026-06-16 15:23:14.992   998-998   SurfaceFlinger          surfaceflinger                       I  [LayerHierarchy{RequestedLayerState{ba34367 Splash Screen com.friday.assistant#7057 z=2147483647} 1 children}] reparent to OffscreenRoot
2026-06-16 15:23:14.992   998-998   SurfaceFlinger          surfaceflinger                       I  [LayerHierarchy{RequestedLayerState{ba34367 Splash Screen com.friday.assistant#7057 z=2147483647} 1 children}] RelativeParent to null
2026-06-16 15:23:14.992   998-998   SurfaceFlinger          surfaceflinger                       I  [LayerHierarchy{RequestedLayerState{Splash Screen com.friday.assistant$_2339#7059} no children}] reparent to OffscreenRoot
2026-06-16 15:23:14.992   998-998   SurfaceFlinger          surfaceflinger                       I  [LayerHierarchy{RequestedLayerState{Splash Screen com.friday.assistant$_2339#7059} no children}] RelativeParent to null
2026-06-16 15:23:14.992   998-998   SurfaceFlinger          surfaceflinger                       I  [LayerHierarchy{RequestedLayerState{Surface(name=1be5ac9 com.friday.assistant/com.friday.assistant.ui.screens.MainActivity#7065)/@0x4af8e7e - animation-leash of starting_reveal#7069} no children}] reparent to OffscreenRoot
2026-06-16 15:23:14.992   998-998   SurfaceFlinger          surfaceflinger                       I  [LayerHierarchy{RequestedLayerState{Surface(name=1be5ac9 com.friday.assistant/com.friday.assistant.ui.screens.MainActivity#7065)/@0x4af8e7e - animation-leash of starting_reveal#7069} no children}] RelativeParent to null
2026-06-16 15:23:14.992   998-998   SurfaceFlinger          surfaceflinger                       I  id=7059 Removed Splash Screen com.friday.assistant$_2339#7059 (151)
2026-06-16 15:23:14.992   998-998   SurfaceFlinger          surfaceflinger                       I  id=7069 Removed Surface(name=1be5ac9 com.friday.assistant/com.friday.assistant.ui.screens.MainActivity#7065)/@0x4af8e7e - animation-leash of starting_reveal#7069 (151)
2026-06-16 15:23:14.992   998-998   SurfaceFlinger          surfaceflinger                       I  id=7057 Removed ba34367 Splash Screen com.friday.assistant#7057 (151)
2026-06-16 15:23:14.994   998-998   SurfaceFlinger          surfaceflinger                       D  Display 4633128672291736003 HWC layers:
                                                                                                           DEVICE |           84825604096003 | 00002102 | RGBA_8888    |    0.0    0.0 1080.0 2340.0 |    0    0 1080 2340 | com.friday.assistant/com.friday.assistant.ui.screens.MainActivity$_19750#7066 (1)
                                                                                                           DEVICE |           10045928507558 | 00002100 | RGBA_8888    |    0.0    0.0 1080.0  103.0 |    0    0 1080  103 | StatusBar$_2339#88 (5716)
                                                                                                           DEVICE |           12996571038776 | 00002100 | RGBA_8888    |    0.0    0.0   80.0  342.0 | 1000  863 1080 1205 | com.sec.android.app.launcher/com.sam[...]el.app.CocktailBarService$_3026#7038 (1)
                                                                                                           DEVICE |           10045928507564 | 00002100 | RGBA_8888    |    0.0    0.0 1080.0  144.0 |    0 2196 1080 2340 | NavigationBar0$_2339#84 (10627)
                                                                                                    
2026-06-16 15:23:15.000   998-998   SurfaceFlinger          surfaceflinger                       I  destroyed Surface(name=1be5ac9 com.friday.assistant/com.friday.assistant.ui.screens.MainActivity#7065)/@0x4af8e7e - animation-leash of starting_reveal#7069
2026-06-16 15:23:15.000   998-998   SurfaceFlinger          surfaceflinger                       I  destroyed ba34367 Splash Screen com.friday.assistant#7057
2026-06-16 15:23:15.000   998-998   SurfaceFlinger          surfaceflinger                       I  destroyed Splash Screen com.friday.assistant$_2339#7059
2026-06-16 15:23:15.001   998-998   SurfaceFlinger          surfaceflinger                       I  id=7069 Destroyed Surface(name=1be5ac9 com.friday.assistant/com.friday.assistant.ui.screens.MainActivity#7065)/@0x4af8e7e - animation-leash of starting_reveal#7069
2026-06-16 15:23:15.001   998-998   SurfaceFlinger          surfaceflinger                       I  id=7057 Destroyed ba34367 Splash Screen com.friday.assistant#7057
2026-06-16 15:23:15.001   998-998   SurfaceFlinger          surfaceflinger                       I  id=7059 Destroyed Splash Screen com.friday.assistant$_2339#7059
2026-06-16 15:23:15.003  1520-1575  SGM:GameManager         system_server                        D  identifyForegroundApp. com.friday.assistant, mCurrentUserId: 0, callerUserId: 0
2026-06-16 15:23:15.003  1520-1575  SGM:GameManager         system_server                        D  identifyForegroundApp. com.friday.assistant, mCurrentUserId: 0, callerUserId: 0
2026-06-16 15:23:15.012 13912-14792 SAMSUNGWALLET           com.samsung.android.spay             I  [Hint_SimpleHintProcessMonitor] isHomePackageRunning topPkgName = com.friday.assistant, topClsName = com.friday.assistant.ui.screens.MainActivity, return false , se : false
2026-06-16 15:23:15.015 13912-14792 SAMSUNGWALLET           com.samsung.android.spay             I  [Hint_SimpleHintProcessMonitor] isHomePackageRunning topPkgName = com.friday.assistant, topClsName = com.friday.assistant.ui.screens.MainActivity, return false , se : false
2026-06-16 15:23:15.132  1520-2034  MdnieScena...rolService system_server                        D   packageName : com.friday.assistant    className : com.friday.assistant.ui.screens.MainActivity
2026-06-16 15:23:15.360  1520-1577  SGM:GameManager         system_server                        D  identifyForegroundApp. com.friday.assistant, mCurrentUserId: 0, callerUserId: 0
2026-06-16 15:23:15.972 19750-19755 riday.assistant         com.friday.assistant                 I  Background concurrent mark compact GC freed 47MB AllocSpace bytes, 8(228KB) LOS objects, 20% free, 187MB/235MB, paused 3.107ms,2.113ms total 234.042ms
2026-06-16 15:23:16.260 19750-19755 riday.assistant         com.friday.assistant                 I  Background young concurrent mark compact GC freed 7776KB AllocSpace bytes, 0(0B) LOS objects, 0% free, 242MB/242MB, paused 4.071ms,3.997ms total 268.815ms
2026-06-16 15:23:16.363 19750-19755 riday.assistant         com.friday.assistant                 I  Clamp target GC heap from 298MB to 256MB
2026-06-16 15:23:16.363 19750-19755 riday.assistant         com.friday.assistant                 I  Background concurrent mark compact GC freed 6788KB AllocSpace bytes, 0(0B) LOS objects, 2% free, 250MB/256MB, paused 4.146ms,979us total 102.320ms
2026-06-16 15:23:16.411 19750-19750 riday.assistant         com.friday.assistant                 I  Waiting for a blocking GC Alloc
2026-06-16 15:23:16.426 19750-19806 riday.assistant         com.friday.assistant                 I  Waiting for a blocking GC Alloc
2026-06-16 15:23:16.483 19750-19755 riday.assistant         com.friday.assistant                 I  Clamp target GC heap from 303MB to 256MB
2026-06-16 15:23:16.483 19750-19750 riday.assistant         com.friday.assistant                 I  WaitForGcToComplete blocked Alloc on Background for 71.926ms
2026-06-16 15:23:16.483 19750-19806 riday.assistant         com.friday.assistant                 I  WaitForGcToComplete blocked Alloc on Background for 56.733ms
2026-06-16 15:23:16.487 19750-19750 riday.assistant         com.friday.assistant                 I  Waiting for a blocking GC Alloc
2026-06-16 15:23:16.507 19750-19750 riday.assistant         com.friday.assistant                 I  WaitForGcToComplete blocked Alloc on Background for 19.460ms
2026-06-16 15:23:16.508 19750-19750 riday.assistant         com.friday.assistant                 I  Waiting for a blocking GC Alloc
2026-06-16 15:23:16.583 19750-19755 riday.assistant         com.friday.assistant                 I  Clamp target GC heap from 303MB to 256MB
2026-06-16 15:23:16.583 19750-19750 riday.assistant         com.friday.assistant                 I  WaitForGcToComplete blocked Alloc on Background for 74.906ms
2026-06-16 15:23:16.583 19750-19757 riday.assistant         com.friday.assistant                 I  Waiting for a blocking GC Alloc
2026-06-16 15:23:16.584 19750-19750 riday.assistant         com.friday.assistant                 I  Waiting for a blocking GC Alloc
2026-06-16 15:23:16.602 19750-19757 riday.assistant         com.friday.assistant                 I  WaitForGcToComplete blocked Alloc on Background for 18.864ms
2026-06-16 15:23:16.602 19750-19750 riday.assistant         com.friday.assistant                 I  WaitForGcToComplete blocked Alloc on Background for 18.532ms
2026-06-16 15:23:16.602 19750-19750 riday.assistant         com.friday.assistant                 I  Starting a blocking GC Alloc
2026-06-16 15:23:16.675 19750-19750 riday.assistant         com.friday.assistant                 I  Clamp target GC heap from 303MB to 256MB
2026-06-16 15:23:16.675 19750-19750 riday.assistant         com.friday.assistant                 I  Alloc concurrent mark compact GC freed 32KB AllocSpace bytes, 0(0B) LOS objects, 0% free, 255MB/256MB, paused 57us,838us total 73.227ms
2026-06-16 15:23:16.676 19750-19750 riday.assistant         com.friday.assistant                 I  Forcing collection of SoftReferences for 112B allocation
2026-06-16 15:23:16.676 19750-19755 riday.assistant         com.friday.assistant                 I  WaitForGcToComplete blocked Background on Alloc for 73.296ms
2026-06-16 15:23:16.676 19750-19757 riday.assistant         com.friday.assistant                 I  Waiting for a blocking GC Alloc
2026-06-16 15:23:16.795 19750-19750 riday.assistant         com.friday.assistant                 I  Clamp target GC heap from 296MB to 256MB
2026-06-16 15:23:16.795 19750-19750 riday.assistant         com.friday.assistant                 I  Alloc concurrent mark compact GC freed 7188KB AllocSpace bytes, 1(52KB) LOS objects, 2% free, 248MB/256MB, paused 57us,907us total 119.797ms
2026-06-16 15:23:16.795 19750-19755 riday.assistant         com.friday.assistant                 I  WaitForGcToComplete blocked Background on Alloc for 119.832ms
2026-06-16 15:23:16.795 19750-19757 riday.assistant         com.friday.assistant                 I  WaitForGcToComplete blocked Alloc on Alloc for 119.828ms
2026-06-16 15:23:16.840 19750-19750 riday.assistant         com.friday.assistant                 I  Waiting for a blocking GC Alloc
2026-06-16 15:23:16.841 19750-19750 riday.assistant         com.friday.assistant                 I  Starting a blocking GC Alloc
2026-06-16 15:23:16.841 19750-19757 riday.assistant         com.friday.assistant                 I  Waiting for a blocking GC Alloc
2026-06-16 15:23:16.917 19750-19750 riday.assistant         com.friday.assistant                 I  Clamp target GC heap from 303MB to 256MB
2026-06-16 15:23:16.917 19750-19750 riday.assistant         com.friday.assistant                 I  Alloc concurrent mark compact GC freed 620KB AllocSpace bytes, 0(0B) LOS objects, 0% free, 255MB/256MB, paused 49us,876us total 75.967ms
2026-06-16 15:23:16.917 19750-19750 riday.assistant         com.friday.assistant                 I  Forcing collection of SoftReferences for 96B allocation
2026-06-16 15:23:16.917 19750-19757 riday.assistant         com.friday.assistant                 I  WaitForGcToComplete blocked Alloc on Alloc for 75.914ms
2026-06-16 15:23:17.035 19750-19750 riday.assistant         com.friday.assistant                 I  Clamp target GC heap from 303MB to 256MB
2026-06-16 15:23:17.035 19750-19750 riday.assistant         com.friday.assistant                 I  Alloc concurrent mark compact GC freed 36KB AllocSpace bytes, 0(0B) LOS objects, 0% free, 255MB/256MB, paused 51us,897us total 117.796ms
2026-06-16 15:23:17.038 19750-19750 riday.assistant         com.friday.assistant                 W  Throwing OutOfMemoryError "Failed to allocate a 96 byte allocation with 585760 free bytes and 572KB until OOM, target footprint 268435456, growth limit 268435456; giving up on allocation because <1% of heap free after GC." (VmSize 19298120 kB)
2026-06-16 15:23:17.048 19750-19750 AndroidRuntime          com.friday.assistant                 E  FATAL EXCEPTION: main (Fix with AI)
                                                                                                    Process: com.friday.assistant, PID: 19750
