2026-06-16 15:23:01.506 17597-17959 ProcStatsManager        com.android.settings                 W  No process com.friday.assistant/10525 for service com.friday.assistant.ui.FridayService
2026-06-16 15:23:01.506 17597-17959 ProcStatsManager        com.android.settings                 W  No process com.friday.assistant/10527 for service com.friday.assistant.ui.FridayService
2026-06-16 15:23:13.765  1520-2045  Pageboost               system_server                        I  start alp : com.friday.assistant
2026-06-16 15:23:13.768  1520-2305  Pageboost               system_server                        I  alp skip : com.friday.assistant , 2
2026-06-16 15:23:13.807  1520-1641  ActivityManager         system_server                        I  Start proc 19750:com.friday.assistant/u0a527 for activelaunch {com.friday.assistant/com.friday.assistant.ui.screens.MainActivity}
2026-06-16 15:23:13.820 19750-19750 Zygote                  zygote64                             I  Process 19750 created for com.friday.assistant
2026-06-16 15:23:13.844 19750-19750 nativeloader            com.friday.assistant                 D  Load libframework-connectivity-tiramisu-jni.so using APEX ns com_android_tethering for caller /apex/com.android.tethering/javalib/framework-connectivity-t.jar: ok
2026-06-16 15:23:13.847 19750-19750 ActivityThread          com.friday.assistant                 D  setConscryptValidator
2026-06-16 15:23:13.847 19750-19750 ActivityThread          com.friday.assistant                 D  setConscryptValidator - put
2026-06-16 15:23:13.850  3026-19690 HoneySpace...sitoryImpl com.sec.android.app.launcher         I  sendSuggestedAppsLaunchTarget: ComponentInfo{com.friday.assistant/com.friday.assistant.ui.screens.MainActivity}
2026-06-16 15:23:13.851  1520-7207  Pageboost               system_server                        I  onAppLaunch : com.friday.assistant
2026-06-16 15:23:13.851  3026-3088  HoneySpace...ggingUtils com.sec.android.app.launcher         I  SA Logging screenID: 201 eventId: 1001 detail: {PackageName=com.friday.assistant, det=3} value: -1
2026-06-16 15:23:13.853  1520-7207  WindowManager           system_server                        V  Collecting in transition 526: ActivityRecord{39292960 u0 com.friday.assistant/.ui.screens.MainActivity, caller=com.android.server.wm.TransitionController.collect:7 com.android.server.wm.ActivityStarter.startActivityUnchecked:98 com.android.server.wm.ActivityStarter.executeRequest:3737 com.android.server.wm.ActivityStarter.execute:1751 com.android.server.wm.ActivityTaskManagerService.startActivityAsUser:95 
2026-06-16 15:23:13.853  1520-7207  WindowManager           system_server                        V  DesktopModeLaunchParamsModifier: phase= 0 task=null activity=ActivityRecord{39292960 u0 com.friday.assistant/.ui.screens.MainActivity t-1} display-from-option=0 display-id=0 task-display-area-windowing-mode=1 suggested-display-area=DefaultTaskDisplayArea_d0@192290299 task null, skipping
2026-06-16 15:23:13.853  1520-7207  WindowManager           system_server                        V  TaskLaunchParamsModifier:phase=0 task=null activity=ActivityRecord{39292960 u0 com.friday.assistant/.ui.screens.MainActivity t-1} display-from-option=0 display-id=0 task-display-area-windowing-mode=1 suggested-display-area=DefaultTaskDisplayArea_d0@192290299
2026-06-16 15:23:13.853  1520-7207  [secipm]                system_server                        D  mSecIpmManager AppTouchDown com.friday.assistant dex files
2026-06-16 15:23:13.853  1520-7207  WindowManager           system_server                        V  DesktopModeLaunchParamsModifier: phase= 3 task=null activity=ActivityRecord{39292960 u0 com.friday.assistant/.ui.screens.MainActivity t-1} display-from-option=0 display-id=0 task-display-area-windowing-mode=1 suggested-display-area=DefaultTaskDisplayArea_d0@192290299 task null, skipping
2026-06-16 15:23:13.853  1520-7207  WindowManager           system_server                        V  TaskLaunchParamsModifier:phase=3 task=null activity=ActivityRecord{39292960 u0 com.friday.assistant/.ui.screens.MainActivity t-1} display-from-option=0 display-id=0 task-display-area-windowing-mode=1 suggested-display-area=DefaultTaskDisplayArea_d0@192290299 inherit-from-source=fullscreen non-freeform-task-display-area display-area=DefaultTaskDisplayArea_d0@192290299 default-portrait freeform-size-mismatch=Rect(81, 564 - 999, 1734)
2026-06-16 15:23:13.855  1520-7207  WindowManager           system_server                        V  DesktopModeLaunchParamsModifier: phase= 3 task=Task{5f24dd9 #64 type=standard A=10527:com.friday.assistant} activity=ActivityRecord{39292960 u0 com.friday.assistant/.ui.screens.MainActivity t-1} display-from-option=0 display-id=0 task-display-area-windowing-mode=1 suggested-display-area=DefaultTaskDisplayArea_d0@192290299 non-desktop, skipping
2026-06-16 15:23:13.855  1520-7207  WindowManager           system_server                        V  TaskLaunchParamsModifier:phase=3 task=Task{5f24dd9 #64 type=standard A=10527:com.friday.assistant} activity=ActivityRecord{39292960 u0 com.friday.assistant/.ui.screens.MainActivity t-1} display-from-option=0 display-id=0 task-display-area-windowing-mode=1 suggested-display-area=DefaultTaskDisplayArea_d0@192290299 inherit-from-source=fullscreen non-freeform-task-display-area display-area=DefaultTaskDisplayArea_d0@192290299 default-portrait freeform-size-mismatch=Rect(81, 564 - 999, 1734)
2026-06-16 15:23:13.855  1520-7207  WindowManager           system_server                        V  Collecting in transition 526: Task{5f24dd9 #64 type=standard A=10527:com.friday.assistant}, caller=com.android.server.wm.Transition.collectExistenceChange:40 com.android.server.wm.ActivityStarter.setNewTask:43 com.android.server.wm.ActivityStarter.startActivityInner:2225 com.android.server.wm.ActivityStarter.startActivityUnchecked:111 com.android.server.wm.ActivityStarter.executeRequest:3737 
2026-06-16 15:23:13.855   998-1053  SurfaceFlinger          surfaceflinger                       I  id=7055 createSurf, flag=84004, ActivityRecord{39292960 u0 com.friday.assistant/.ui.screens.MainActivity t64}#7055
2026-06-16 15:23:13.855  1520-7207  WindowManager           system_server                        V  Add starting ActivityRecord{39292960 u0 com.friday.assistant/.ui.screens.MainActivity t64}: startingData=SplashScreenStartingData{c648e7f removeAfterTransaction= 0}
2026-06-16 15:23:13.855  1520-7207  WindowManager           system_server                        V  Added starting ActivityRecord{39292960 u0 com.friday.assistant/.ui.screens.MainActivity t64}: startingWindow=null startingView=com.android.server.wm.StartingSurfaceController$StartingSurface@f758e4c
2026-06-16 15:23:13.856  1520-7207  WindowManager           system_server                        V  Collecting in transition 526: ActivityRecord{39292960 u0 com.friday.assistant/.ui.screens.MainActivity t64}, caller=com.android.server.wm.TransitionController.collect:7 com.android.server.wm.ActivityRecord.setVisibility:132 com.android.server.wm.EnsureActivitiesVisibleHelper.process:432 com.android.server.wm.TaskFragment.updateActivityVisibilities:12 com.android.server.wm.Task$$ExternalSyntheticLambda36.accept:37 
2026-06-16 15:23:13.856  1520-7207  WindowManager           system_server                        V  Collecting in transition 526: ActivityRecord{39292960 u0 com.friday.assistant/.ui.screens.MainActivity t64}, caller=com.android.server.wm.TransitionController.collect:7 com.android.server.wm.ActivityRecord.setVisibility:132 com.android.server.wm.TaskFragment.resumeTopActivity:2400 com.android.server.wm.Task.resumeTopActivityInnerLocked:125 com.android.server.wm.Task.resumeTopActivityUncheckedLocked:23 
2026-06-16 15:23:13.857  1520-7207  WindowManager           system_server                        V  Collecting in transition 526: ActivityRecord{39292960 u0 com.friday.assistant/.ui.screens.MainActivity t64}, caller=com.android.server.wm.TransitionController.collect:7 com.android.server.wm.ActivityRecord.setVisibility:132 com.android.server.wm.TaskFragment.resumeTopActivity:2400 com.android.server.wm.Task.resumeTopActivityInnerLocked:154 com.android.server.wm.Task.resumeTopActivityUncheckedLocked:23 
2026-06-16 15:23:13.857  1520-7207  WindowManager           system_server                        V  Collecting in transition 526: ActivityRecord{39292960 u0 com.friday.assistant/.ui.screens.MainActivity t64}, caller=com.android.server.wm.Transition.collectExistenceChange:40 com.android.server.wm.ActivityStarter.handleStartResult:754 com.android.server.wm.ActivityStarter.startActivityUnchecked:124 com.android.server.wm.ActivityStarter.executeRequest:3737 com.android.server.wm.ActivityStarter.execute:1751 
2026-06-16 15:23:13.857  1520-7207  WindowManager           system_server                        V  Requesting StartTransition: TransitionRecord{170e323 id=526 type=OPEN flags=0x0 parallelCollectType=NONE recentsDisplayId=-1 c=[
                                                                                                       ChangeInfo{6c52baa container=Task{1bbc978 #6 type=home I=com.sec.android.app.launcher/.activities.LauncherActivity} flags=0x0}
                                                                                                       ChangeInfo{4bd939b container=ActivityRecord{39292960 u0 com.friday.assistant/.ui.screens.MainActivity t64} flags=0x0}
                                                                                                       ChangeInfo{c934338 container=WindowedMagnification:0:31@79480339 flags=0x0}
                                                                                                       ChangeInfo{e7edf11 container=Task{5f24dd9 #64 type=standard A=10527:com.friday.assistant} flags=0x0}
                                                                                                       ChangeInfo{c225876 container=RemoteWallpaperAnim:1:1@129416433 flags=0x0}
                                                                                                       ChangeInfo{2d7ce77 container=WallpaperWindowToken{86bb5ad showWhenLocked=false}_<system> flags=0x0}
                                                                                                       ChangeInfo{dd55ae4 container=ActivityRecord{142158892 u0 com.sec.android.app.launcher/.activities.LauncherActivity t6} flags=0x0}
                                                                                                       ChangeInfo{5e15b4d container=WallpaperWindowToken{8ef7fb7 showWhenLocked=true}_<lock> flags=0x0}
                                                                                                       ChangeInfo{5538602 container=Task{a75751e #1 type=home} flags=0x0}
                                                                                                       ChangeInfo{ef0db13 container=Display{#0 state=ON size=1080x2340 ROTATION_0} flags=0x0}
                                                                                                       ChangeInfo{2ff4150 container=DefaultTaskDisplayArea_d0@192290299 flags=0x0}
                                                                                                       ChangeInfo{755f49 container=AppZoomOut:2:14@253419948 flags=0x0}
                                                                                                    ]
                                                                                                    }, caller=com.android.server.wm.ActivityStarter.handleStartResult:983 com.android.server.wm.ActivityStarter.startActivityUnchecked:124 com.android.server.wm.ActivityStarter.executeRequest:3737 com.android.server.wm.ActivityStarter.execute:1751 com.android.server.wm.ActivityTaskManagerService.startActivityAsUser:95 
2026-06-16 15:23:13.857  1520-7207  WindowManagerServiceExt system_server                        D  updateTaskbarTargetIfNeeded: cn=ComponentInfo{com.friday.assistant/com.friday.assistant.ui.screens.MainActivity} occludesParent=true isInSplitScreenMode=false
2026-06-16 15:23:13.857  1520-7207  ChangeTran...Controller system_server                        D  onTransactionReady: TransitionRecord{170e323 id=526 type=OPEN flags=0x0 parallelCollectType=NONE recentsDisplayId=-1 c=[
                                                                                                       ChangeInfo{6c52baa container=Task{1bbc978 #6 type=home I=com.sec.android.app.launcher/.activities.LauncherActivity} flags=0x0}
                                                                                                       ChangeInfo{4bd939b container=ActivityRecord{39292960 u0 com.friday.assistant/.ui.screens.MainActivity t64} flags=0x0}
                                                                                                       ChangeInfo{c934338 container=WindowedMagnification:0:31@79480339 flags=0x0}
                                                                                                       ChangeInfo{e7edf11 container=Task{5f24dd9 #64 type=standard A=10527:com.friday.assistant} flags=0x0}
                                                                                                       ChangeInfo{c225876 container=RemoteWallpaperAnim:1:1@129416433 flags=0x0}
                                                                                                       ChangeInfo{2d7ce77 container=WallpaperWindowToken{86bb5ad showWhenLocked=false}_<system> flags=0x0}
                                                                                                       ChangeInfo{dd55ae4 container=ActivityRecord{142158892 u0 com.sec.android.app.launcher/.activities.LauncherActivity t6} flags=0x0}
                                                                                                       ChangeInfo{5e15b4d container=WallpaperWindowToken{8ef7fb7 showWhenLocked=true}_<lock> flags=0x0}
                                                                                                       ChangeInfo{5538602 container=Task{a75751e #1 type=home} flags=0x0}
                                                                                                       ChangeInfo{ef0db13 container=Display{#0 state=ON size=1080x2340 ROTATION_0} flags=0x0}
                                                                                                       ChangeInfo{2ff4150 container=DefaultTaskDisplayArea_d0@192290299 flags=0x0}
                                                                                                       ChangeInfo{755f49 container=AppZoomOut:2:14@253419948 flags=0x0}
                                                                                                    ]
                                                                                                    }
2026-06-16 15:23:13.857  2339-2441  WindowManagerShell      com.android.systemui                 V  Transition requested (#526): android.os.BinderProxy@181efd5 TransitionRequestInfo { type = OPEN, triggerTask = TaskInfo{userId=0 taskId=64 effectiveUid=10527 displayId=0 isRunning=true baseIntent=Intent { act=android.intent.action.MAIN cat=[android.intent.category.LAUNCHER] flg=0x10200000 cmp=com.friday.assistant/.ui.screens.MainActivity } baseActivity=ComponentInfo{com.friday.assistant/com.friday.assistant.ui.screens.MainActivity} topActivity=ComponentInfo{com.friday.assistant/com.friday.assistant.ui.screens.MainActivity} origActivity=null realActivity=ComponentInfo{com.friday.assistant/com.friday.assistant.ui.screens.MainActivity} numActivities=1 lastActiveTime=27251707 supportsMultiWindow=true resizeMode=1 isResizeable=true minWidth=-1 minHeight=-1 maxWidth=-1 maxHeight=-1 defaultMinSize=220 desktopDefaultMinSize=304 token=WCT{android.os.BinderProxy@f2433ea} topActivityType=1 pictureInPictureParams=null shouldDockBigOverlays=false launchIntoPipHostTaskId=-1 lastParentTaskIdBeforePip=-1 displayCutoutSafeInsets=Rect(0, 103 - 0, 0) topActivityInfo=ActivityInfo{b3796db com.friday.assistant.ui.screens.MainActivity} launchCookies=[android.os.BinderProxy@f042578] positionInParent=Point(0, 0) parentTaskId=-1 isFocused=false isVisible=false isVisibleRequested=true isTopActivityNoDisplay=false isSleeping=false locusId=null displayAreaFeatureId=1 isTopActivityTransparent=false isActivityStackTransparent=false lastNonFullscreenBounds=Rect(81, 564 - 999, 1734) capturedLink=null capturedLinkTimestamp=0 requestedVisibleTypes=503 topActivityRequestOpenInBrowserEducationTimestamp=0 appCompatTaskInfo=AppCompatTaskInfo { topActivityInSizeCompat=false isLeafTask= true eligibleForLetterboxEducation= false isLetterboxEducationEnabled= false isLetterboxDoubleTapEnabled= false eligibleForUserAspectRatioButton= false topActivityBoundsLetterboxed= false isFromLetterboxDoubleTap= false topActivityLetterboxVerticalPosition= -1 topActivityLetterboxHorizontalPosition= -1 topActivityLetterboxWidth=-1 topActivityLetterboxHeight=-1 topActivityAppBounds=Rect(0, 0 - 1080, 2340) isUserFullscreenOverrideEnabled=false isSystemFullscreenOverrideEnabled=false hasMinAspectRatioOverride=false topActivityLetterboxBounds=null cameraCompatTaskInfo=CameraCompatTaskInfo { cameraCompatMode=undefinedundefined} topActivityBounds=null topActivityInDisplayCompat=false showForceRotationButton=false forceRotationButtonState=0aspectRatioToRestore0 singleTapFromLetterbox=false topNonResizableActivityAspectRatio=-1.0} topActivityMainWindowFrame=null originallySupportedMultiWindow=true hasWallpaper=false rootAffinity=10527:com.friday.assistant isTopTaskInStage=false CoverLauncherWidgetTask=false LaunchedFromAppsCoverLauncherTask=false LaunchedFromMultistarCoverLauncherTask=false isAllowedSeamlessRotation=false isTopTransparentActivity=false isAliasManaged=false hasConfigChanged=false isAiKeyRemoveAppTask=false lastDesktopWindowingBounds=null lastExternalDesktopWindowingBounds=nullisPackageNightModeActive=true safeCutoutInsets=null isAppBubble=false}, pipChange = null, remoteTransition = RemoteTransition { remoteTransition = android.window.IRemoteTransition$Stub$Proxy@afeb451, appThread = android.app.IApplicationThread$Stub$Proxy@109a4b6, debugName = QuickstepLaunchflags =NONE }, displayChange = null, requestedLocation = null, userChange = null, windowingLayerChange = null, flags = 0, debugId = 526 }
2026-06-16 15:23:13.857  1520-7207  WindowManager           system_server                        V  Start calculating TransitionInfo based on participants: {ActivityRecord{39292960 u0 com.friday.assistant/.ui.screens.MainActivity t64}, Task{5f24dd9 #64 type=standard A=10527:com.friday.assistant}, WallpaperWindowToken{86bb5ad showWhenLocked=false}_<system>, ActivityRecord{142158892 u0 com.sec.android.app.launcher/.activities.LauncherActivity t6}, WallpaperWindowToken{8ef7fb7 showWhenLocked=true}_<lock>}
2026-06-16 15:23:13.857  1520-7207  WindowManager           system_server                        V    Final targets: [ChangeInfo{e7edf11 container=Task{5f24dd9 #64 type=standard A=10527:com.friday.assistant} flags=0x10}, ChangeInfo{5538602 container=Task{a75751e #1 type=home} flags=0x10}]
2026-06-16 15:23:13.858  1520-7207  SurfaceControlRegistry  system_server                        I  show, t=StartTransaction_SyncId<526> sc=ActivityRecord{39292960 u0 com.friday.assistant/.ui.screens.MainActivity t64}#7055, caller=android.view.SurfaceControl$Transaction.show:3679 com.android.server.wm.Transition.onTransactionReady:2034 com.android.server.wm.BLASTSyncEngine$SyncGroup.finishNow:261 com.android.server.wm.BLASTSyncEngine.onSurfacePlacement:263 com.android.server.wm.Transition.playNow:101 com.android.server.wm.ActivityStarter.handleStartResult:1065 
2026-06-16 15:23:13.858  1520-7207  WindowManager           system_server                        V  Calling onTransitionReady: {id=526 t=OPEN f=0x0 trk=0 r=[0@Point(0, 0)] c=[
                                                                                                            {WCT{RemoteToken{29f227c Task{5f24dd9 #64 type=standard A=10527:com.friday.assistant}}} m=OPEN f=NONE leash=Surface(name=Task=64#7054)/@0x78004e sb=Rect(0, 0 - 1080, 2340) eb=Rect(0, 0 - 1080, 2340) epz=Point(1080, 2340) d=0 taskParent=-1 winMode=1 userId=0 inset=Rect(0, 0 - 0, 0) dim=true},
                                                                                                            {WCT{RemoteToken{93ef187 Task{a75751e #1 type=home}}} m=TO_BACK f=SHOW_WALLPAPER|EDGE_EXTENSION_RESTRICTION leash=Surface(name=Task=1#46)/@0x461934d sb=Rect(0, 0 - 1080, 2340) eb=Rect(0, 0 - 1080, 2340) epz=Point(1080, 2340) d=0 taskParent=-1 winMode=1 userId=0 inset=Rect(0, 103 - 0, 144) dim=true}
                                                                                                        ]}
2026-06-16 15:23:13.859  1520-1574  WindowManager           system_server                        V  Sent Transition (#526) createdAt=06-16 15:23:13.852 via request=TransitionRequestInfo { type = OPEN, triggerTask = TaskInfo{userId=0 taskId=64 effectiveUid=10527 displayId=0 isRunning=true baseIntent=Intent { act=android.intent.action.MAIN cat=[android.intent.category.LAUNCHER] flg=0x10200000 cmp=com.friday.assistant/.ui.screens.MainActivity } baseActivity=ComponentInfo{com.friday.assistant/com.friday.assistant.ui.screens.MainActivity} topActivity=ComponentInfo{com.friday.assistant/com.friday.assistant.ui.screens.MainActivity} origActivity=null realActivity=ComponentInfo{com.friday.assistant/com.friday.assistant.ui.screens.MainActivity} numActivities=1 lastActiveTime=27251707 supportsMultiWindow=true resizeMode=1 isResizeable=true minWidth=-1 minHeight=-1 maxWidth=-1 maxHeight=-1 defaultMinSize=220 desktopDefaultMinSize=304 token=WCT{RemoteToken{29f227c Task{5f24dd9 #64 type=standard A=10527:com.friday.assistant}}} topActivityType=1 pictureInPictureParams=null shouldDockBigOverlays=false launchIntoPipHostTaskId=-1 lastParentTaskIdBeforePip=-1 displayCutoutSafeInsets=Rect(0, 103 - 0, 0) topActivityInfo=ActivityInfo{22ba705 com.friday.assistant.ui.screens.MainActivity} launchCookies=[android.os.BinderProxy@c57d35a] positionInParent=Point(0, 0) parentTaskId=-1 isFocused=false isVisible=false isVisibleRequested=true isTopActivityNoDisplay=false isSleeping=false locusId=null displayAreaFeatureId=1 isTopActivityTransparent=false isActivityStackTransparent=false lastNonFullscreenBounds=Rect(81, 564 - 999, 1734) capturedLink=null capturedLinkTimestamp=0 requestedVisibleTypes=503 topActivityRequestOpenInBrowserEducationTimestamp=0 appCompatTaskInfo=AppCompatTaskInfo { topActivityInSizeCompat=false isLeafTask= true eligibleForLetterboxEducation= false isLetterboxEducationEnabled= false isLetterboxDoubleTapEnabled= false eligibleForUserAspectRatioButton= false topActivityBoundsLetterboxed= false isFromLetterboxDoubleTap= false topActivityLetterboxVerticalPosition= -1 topActivityLetterboxHorizontalPosition= -1 topActivityLetterboxWidth=-1 topActivityLetterboxHeight=-1 topActivityAppBounds=Rect(0, 0 - 1080, 2340) isUserFullscreenOverrideEnabled=false isSystemFullscreenOverrideEnabled=false hasMinAspectRatioOverride=false topActivityLetterboxBounds=null cameraCompatTaskInfo=CameraCompatTaskInfo { cameraCompatMode=undefinedundefined} topActivityBounds=null topActivityInDisplayCompat=false showForceRotationButton=false forceRotationButtonState=0aspectRatioToRestore0 singleTapFromLetterbox=false topNonResizableActivityAspectRatio=-1.0} topActivityMainWindowFrame=null originallySupportedMultiWindow=true hasWallpaper=false rootAffinity=10527:com.friday.assistant isTopTaskInStage=false CoverLauncherWidgetTask=false LaunchedFromAppsCoverLauncherTask=false LaunchedFromMultistarCoverLauncherTask=false isAllowedSeamlessRotation=false isTopTransparentActivity=false isAliasManaged=false hasConfigChanged=false isAiKeyRemoveAppTask=false lastDesktopWindowingBounds=null lastExternalDesktopWindowingBounds=nullisPackageNightModeActive=true safeCutoutInsets=null isAppBubble=false}, pipChange = null, remoteTransition = RemoteTransition { remoteTransition = android.window.IRemoteTransition$Stub$Proxy@566998b, appThread = android.app.IApplicationThread$Stub$Proxy@bf9ea68, debugName = QuickstepLaunchflags =NONE }, displayChange = null, requestedLocation = null, userChange = null, windowingLayerChange = null, flags = 0, debugId = 526 }
2026-06-16 15:23:13.859  1520-1574  WindowManager           system_server                        V      info={id=526 t=OPEN f=0x0 trk=0 r=[0@Point(0, 0)] c=[
                                                                                                            {WCT{RemoteToken{29f227c Task{5f24dd9 #64 type=standard A=10527:com.friday.assistant}}} m=OPEN f=NONE leash=Surface(name=Task=64#7054)/@0x78004e sb=Rect(0, 0 - 1080, 2340) eb=Rect(0, 0 - 1080, 2340) epz=Point(1080, 2340) d=0 taskParent=-1 winMode=1 userId=0 inset=Rect(0, 0 - 0, 0) dim=true},
                                                                                                            {WCT{RemoteToken{93ef187 Task{a75751e #1 type=home}}} m=TO_BACK f=SHOW_WALLPAPER|EDGE_EXTENSION_RESTRICTION leash=Surface(name=Task=1#46)/@0x461934d sb=Rect(0, 0 - 1080, 2340) eb=Rect(0, 0 - 1080, 2340) epz=Point(1080, 2340) d=0 taskParent=-1 winMode=1 userId=0 inset=Rect(0, 103 - 0, 144) dim=true}
                                                                                                        ]}
2026-06-16 15:23:13.859  1520-7207  ActivityTaskManager     system_server                        I  START u0 {act=android.intent.action.MAIN cat=[android.intent.category.LAUNCHER] flg=0x10200000 xflg=0x4 cmp=com.friday.assistant/.ui.screens.MainActivity bnds=[290,1323][539,1589]} with LAUNCH_MULTIPLE from uid 10165 (com.sec.android.app.launcher) (sr=142158892) (BAL_ALLOW_VISIBLE_WINDOW) result code=0
2026-06-16 15:23:13.860   998-998   SurfaceFlinger          surfaceflinger                       I  [ActivityRecord{39292960 u0 com.friday.assistant/.ui.screens.MainActivity t64}#7055] attach to parent LayerHierarchy{RequestedLayerState{Task=64#7054 parentId=10} 1 children}
2026-06-16 15:23:13.860   998-1052  SurfaceFlinger          surfaceflinger                       I  id=7057 createSurf, flag=84004, ba34367 Splash Screen com.friday.assistant#7057
2026-06-16 15:23:13.860  1520-3218  WindowManager           system_server                        V  addWindow: ActivityRecord{39292960 u0 com.friday.assistant/.ui.screens.MainActivity t64} startingWindow=Window{ba34367 u0 Splash Screen com.friday.assistant}
2026-06-16 15:23:13.861  1520-3218  WindowManager           system_server                        D  rotationForOrientation, orientationSource=ActivityRecord{39292960 u0 com.friday.assistant/.ui.screens.MainActivity t64}
2026-06-16 15:23:13.861  2339-2569  InsetsController        com.android.systemui                 I  onStateChanged: host=Splash Screen com.friday.assistant, from=android.view.ViewRootImpl.onInsetsStateChanged:3038, state=InsetsState: {mDisplayFrame=Rect(0, 0 - 1080, 2340), mDisplayCutout=DisplayCutout{insets=Rect(0, 103 - 0, 0) waterfall=Insets{left=0, top=0, right=0, bottom=0} boundingRect={Bounds=[Rect(0, 0 - 0, 0), Rect(511, 0 - 569, 103), Rect(0, 0 - 0, 0), Rect(0, 0 - 0, 0)]} cutoutPathParserInfo={CutoutPathParserInfo{displayWidth=1080 displayHeight=2340 physicalDisplayWidth=1080 physicalDisplayHeight=2340 density={3.0} cutoutSpec={M 0,0 H -9.666666666666667 V 34.33333333333333 H 9.666666666666667 V 0 H 0 Z @dp} rotation={0} scale={1.0} physicalPixelDisplaySizeRatio={1.0}}} sideOverrides={}}, mRoundedCorners=RoundedCorners{[RoundedCorner{position=TopLeft, radius=108, center=Point(108, 108)}, RoundedCorner{position=TopRight, radius=108, center=Point(972, 108)}, RoundedCorner{position=BottomRight, radius=108, center=Point(972, 2232)}, RoundedCorner{position=BottomLeft, radius=108, center=Point(108, 2232)}]}  mRoundedCornerFrame=Rect(0, 0 - 1080, 2340), mPrivacyIndicatorBounds=PrivacyIndicatorBounds {static bounds=Rect(948, 0 - 1080, 103) rotation=0}, mDisplayShape=DisplayShape{ spec=-311912193 displayWidth=1080 displayHeight=2340 physicalPixelDisplaySizeRatio=1.0 rotation=0 offsetX=0 offsetY=0 scale=1.0}, mSources= { InsetsSource: {da090000 mType=statusBars mFrame=[0,0][1080,103] mAttachedInsets=null mVisible=true mFlags= mSideHint=TOP mBoundingRects=null}, InsetsSource: {da090005 mType=mandatorySystemGestures mFrame=[0,0][1080,139] mAttachedInsets=null mVisible=true mFlags= mSideHint=TOP mBoundingRects=null}, InsetsSource: {da090006 mType=tappableElement mFrame=[0,0][1080,103] mAttachedInsets=null mVisible=true mFlags= mSideHint=TOP mBoundingRects=null}, InsetsSource: {f8fa0001 mType=navigationBars mFrame=[0,2196][1080,2340] mAttachedInsets=null mVisible=true mFlags= mSideHint=BOTTOM mBoundingRects=null}, InsetsSource: {f8fa0004 mType=systemGestures mFrame=[0,0][0,0] mAttachedInsets=null mVisible=true mFlags= mSideHint=NONE mBoundingRects=null}, InsetsSource: {f8fa0005 mType=mandatorySystemGestures mFrame=[0,2196][1080,2340] mAttachedInsets=null mVisible=true mFlags= mSideHint=BOTTOM mBoundingRects=null}, InsetsSource: {f8fa0006 mType=tappableElement mFrame=[0,2196][1080,2340] mAttachedInsets=null mVisible=true mFlags= mSideHint=BOTTOM mBoundingRects=null}, InsetsSource: {f8fa0024 mType=systemGestures mFrame=[0,0][0,0] mAttachedInsets=null mVisible=true mFlags= mSideHint=NONE mBoundingRects=null}, InsetsSource: {3 mType=ime mFrame=[0,0][0,0] mAttachedInsets=null mVisible=false mFlags=INVALID mSideHint=NONE mBoundingRects=null}, InsetsSource: {27 mType=displayCutout mFrame=[0,0][1080,103] mAttachedInsets=null mVisible=true mFlags= mSideHint=TOP mBoundingRects=null} }
2026-06-16 15:23:13.861   998-1052  SurfaceFlinger          surfaceflinger                       I  id=7058 createSurf, flag=84000, ccd6452 ActivityRecordInputSink com.friday.assistant/.ui.screens.MainActivity#7058
2026-06-16 15:23:13.862  3026-12356 AppIconSolution         com.sec.android.app.launcher         I  getThemeIconWithBG called with public API, pkg = com.friday.assistant, mode = 48
2026-06-16 15:23:13.862  3026-12356 AppIconSolution         com.sec.android.app.launcher         I  return adaptive icon for com.friday.assistant, isNight = true
2026-06-16 15:23:13.862  3026-12356 LauncherActivityInfo    com.sec.android.app.launcher         I  packageName: com.friday.assistant, useThemeIcon: false, height: 216, width: 216, density: 640
2026-06-16 15:23:13.863  1520-6837  WindowManager           system_server                        I  Relayout Window{ba34367 u0 Splash Screen com.friday.assistant}: viewVisibility=0 req=1080x2340 ty=3 d0
2026-06-16 15:23:13.863   998-1310  SurfaceFlinger          surfaceflinger                       I  id=7059 createSurf, flag=44004, Splash Screen com.friday.assistant$_2339#7059
2026-06-16 15:23:13.863  1520-6837  WindowManager           system_server                        D  makeSurface duration=0 name=Splash Screen com.friday.assistant$_2339
2026-06-16 15:23:13.864  1520-6837  WindowManager           system_server                        D  updateSystemBarAttributes: displayId=0, focusedCanBeNavColorWin=false, win=Window{9626064 u0 com.sec.android.app.launcher/com.sec.android.app.launcher.activities.LauncherActivity}, navColorWin=Window{ba34367 u0 Splash Screen com.friday.assistant}, caller=com.android.server.wm.DisplayPolicy.finishPostLayoutPolicyLw:17 com.android.server.wm.RootWindowContainer.applySurfaceChangesTransaction$1:188 com.android.server.wm.RootWindowContainer.performSurfacePlacement:59 
2026-06-16 15:23:13.864  1520-6837  InsetsSourceProvider    system_server                        D  updateControlForTarget: control=InsetsSourceControl: {f8fa0001 mType=navigationBars initiallyVisible mSurfacePosition=Point(0, 2196) mInsetsHint=Insets{left=0, top=0, right=0, bottom=144}}, target=Window{ba34367 u0 Splash Screen com.friday.assistant}, from=com.android.server.wm.InsetsStateController.onControlTargetChanged:82 com.android.server.wm.InsetsPolicy.updateBarControlTarget:216 com.android.server.wm.DisplayPolicy.updateSystemBarAttributes:439 com.android.server.wm.WindowManagerService.updateFocusedWindowLocked:358 com.android.server.wm.WindowManagerService.relayoutWindow:1350 
2026-06-16 15:23:13.865  1520-6837  InsetsSourceProvider    system_server                        D  updateControlForTarget: control=InsetsSourceControl: {da090000 mType=statusBars initiallyVisible mSurfacePosition=Point(0, 0) mInsetsHint=Insets{left=0, top=103, right=0, bottom=0}}, target=Window{ba34367 u0 Splash Screen com.friday.assistant}, from=com.android.server.wm.InsetsStateController.onControlTargetChanged:82 com.android.server.wm.InsetsPolicy.updateBarControlTarget:203 com.android.server.wm.DisplayPolicy.updateSystemBarAttributes:439 com.android.server.wm.WindowManagerService.updateFocusedWindowLocked:358 com.android.server.wm.WindowManagerService.relayoutWindow:1350 
2026-06-16 15:23:13.865  1520-6837  WindowManager           system_server                        D  updateSystemBarAttributes: displayId=0, focusedCanBeNavColorWin=false, win=Window{ba34367 u0 Splash Screen com.friday.assistant}, navColorWin=Window{ba34367 u0 Splash Screen com.friday.assistant}, caller=com.android.server.wm.WindowManagerService.updateFocusedWindowLocked:358 com.android.server.wm.WindowManagerService.relayoutWindow:1350 com.android.server.wm.Session.relayout:30 
2026-06-16 15:23:13.868   998-998   SurfaceFlinger          surfaceflinger                       I  RequestedLayer [ba34367 Splash Screen com.friday.assistant#7057] hidden!! flag  from(1) --> to(0)
2026-06-16 15:23:13.868   998-998   SurfaceFlinger          surfaceflinger                       I  [ba34367 Splash Screen com.friday.assistant#7057] attach to parent LayerHierarchy{RequestedLayerState{ActivityRecord{39292960 u0 com.friday.assistant/.ui.screens.MainActivity t64}#7055 parentId=7054} 1 children}
2026-06-16 15:23:13.868   998-998   SurfaceFlinger          surfaceflinger                       I  [ccd6452 ActivityRecordInputSink com.friday.assistant/.ui.screens.MainActivity#7058] attach to parent LayerHierarchy{RequestedLayerState{ActivityRecord{39292960 u0 com.friday.assistant/.ui.screens.MainActivity t64}#7055 parentId=7054} 2 children}
2026-06-16 15:23:13.868   998-998   SurfaceFlinger          surfaceflinger                       I  [Splash Screen com.friday.assistant$_2339#7059] attach to parent LayerHierarchy{RequestedLayerState{ba34367 Splash Screen com.friday.assistant#7057 parentId=7055 z=2147483647} 1 children}
2026-06-16 15:23:13.870   998-2759  SurfaceFlinger          surfaceflinger                       I  [Splash Screen com.friday.assistant$_2339#7059] setTransactionState with the first frame. bufferData(ID: 10045928507569, frameNumber: 1)
2026-06-16 15:23:13.870  3392-3478  RequestManager_FLP      com.sec.location.nsflp2              I  onOpChanged, op=0 / packageName=com.friday.assistant
2026-06-16 15:23:13.870  2339-2339  NavigationBar           com.android.systemui                 D  onSystemBarAttributesChanged() -  displayId:0, appearance:24, packageName: com.friday.assistant (APPEARANCE_LIGHT_STATUS_BARS APPEARANCE_LIGHT_NAVIGATION_BARS ), navbarColorManagedByIme:false
2026-06-16 15:23:13.871  3026-3112  HoneySpace...askUseCase com.sec.android.app.launcher         I  topTasks 64 ComponentInfo{com.friday.assistant/com.friday.assistant.ui.screens.MainActivity}[displayId=0]
2026-06-16 15:23:13.872  1520-6837  WindowManager           system_server                        D  finishDrawingWindow: Window{ba34367 u0 Splash Screen com.friday.assistant} mDrawState=DRAW_PENDING seqId=0
2026-06-16 15:23:13.872  1520-6837  WindowManager           system_server                        V  Finishing drawing window Window{ba34367 u0 Splash Screen com.friday.assistant}: mDrawState=DRAW_PENDING
2026-06-16 15:23:13.872  1520-6837  WindowManager           system_server                        V  Draw state now committed in Window{ba34367 u0 Splash Screen com.friday.assistant}
2026-06-16 15:23:13.872  1520-1578  WindowManager           system_server                        V  performShowLocked: mDrawState=HAS_DRAWN in Window{ba34367 u0 Splash Screen com.friday.assistant}
2026-06-16 15:23:13.879  2339-2569  InsetsSourceConsumer    com.android.systemui                 I  applyRequestedVisibilityToControl: visible=true, type=navigationBars, host=Splash Screen com.friday.assistant
2026-06-16 15:23:13.879  2339-2569  InsetsSourceConsumer    com.android.systemui                 I  applyRequestedVisibilityToControl: visible=true, type=statusBars, host=Splash Screen com.friday.assistant
2026-06-16 15:23:13.882 19750-19750 ApplicationLoaders      com.friday.assistant                 D  Returning zygote-cached class loader: /system_ext/framework/androidx.window.extensions.jar
2026-06-16 15:23:13.882 19750-19750 ApplicationLoaders      com.friday.assistant                 D  Returning zygote-cached class loader: /system_ext/framework/androidx.window.sidecar.jar
2026-06-16 15:23:13.885   998-998   SurfaceFlinger          surfaceflinger                       I  RequestedLayer [Splash Screen com.friday.assistant$_2339#7059] hidden!! flag  from(1) --> to(0)
2026-06-16 15:23:13.905   998-998   SurfaceFlinger          surfaceflinger                       D  Display 4633128672291736003 HWC layers:
                                                                                                           CLIENT |           10419590660097 | 00000100 | RGBA_8888    |    0.0    0.0 1080.0 2340.0 |    0    0 1080 2340 | Wallpaper BBQ wrapper 5_system#64 (78)
                                                                                                           CLIENT |           12996571038782 | 00002100 | RGBA_8888    |    0.0    0.0 1080.0 2340.0 |    0    0 1080 2340 | com.sec.android.app.launcher/com.sec[...]tivities.LauncherActivity$_3026#7045 (blurRegions) (73)
                                                                                                           CLIENT |           10045928507569 | 00002100 | RGBA_8888    |    0.0    0.0 1080.0 1671.0 |  283 1171  578 1626 | Splash Screen com.friday.assistant$_2339#7059 (1)
                                                                                                           DEVICE |           10045928507558 | 00002100 | RGBA_8888    |    0.0    0.0 1080.0  103.0 |    0    0 1080  103 | StatusBar$_2339#88 (5698)
                                                                                                           DEVICE |           12996571038776 | 00002100 | RGBA_8888    |    0.0    0.0   80.0  342.0 | 1000  863 1080 1205 | com.sec.android.app.launcher/com.sam[...]el.app.CocktailBarService$_3026#7038 (1)
                                                                                                           DEVICE |           10045928507556 | 00002100 | RGBA_8888    |    0.0    0.0 1
2026-06-16 15:23:14.111 19750-19750 nativeloader            com.friday.assistant                 D  Configuring clns-9 for other apk /data/app/~~qBqwpmLZQ0Qawf6cWVyYPw==/com.friday.assistant-cX-Lc8Y7UPDe_CaBqhpFOA==/base.apk. target_sdk_version=36, uses_libraries=, library_path=/data/app/~~qBqwpmLZQ0Qawf6cWVyYPw==/com.friday.assistant-cX-Lc8Y7UPDe_CaBqhpFOA==/lib/arm64:/data/app/~~qBqwpmLZQ0Qawf6cWVyYPw==/com.friday.assistant-cX-Lc8Y7UPDe_CaBqhpFOA==/base.apk!/lib/arm64-v8a, permitted_path=/data:/mnt/expand:/data/user/0/com.friday.assistant
2026-06-16 15:23:14.116 19750-19750 GraphicsEnvironment     com.friday.assistant                 V  Currently set values for:
2026-06-16 15:23:14.116 19750-19750 GraphicsEnvironment     com.friday.assistant                 V    angle_gl_driver_selection_pkgs=[]
2026-06-16 15:23:14.116 19750-19750 GraphicsEnvironment     com.friday.assistant                 V    angle_gl_driver_selection_values=[]
2026-06-16 15:23:14.116 19750-19750 GraphicsEnvironment     com.friday.assistant                 V  com.friday.assistant is not listed in per-application setting
2026-06-16 15:23:14.116 19750-19750 GraphicsEnvironment     com.friday.assistant                 V  ANGLE allowlist from config: com.dreamgames.royalmatch com.dts.freefiremax com.dxx.firenow com.gramgames.mergedragons com.ludo.king com.mojang.minecraftpe com.my.defense com.nintendo.zaka com.os.airforce com.playrix.fishdomdd.gplay io.teslatech.callbreak jp.konami.prospia net.peakgames.toonblast
2026-06-16 15:23:14.116 19750-19750 GraphicsEnvironment     com.friday.assistant                 V  No special selections for ANGLE, returning default driver choice
2026-06-16 15:23:14.116 19750-19750 GraphicsEnvironment     com.friday.assistant                 V  App is not on the allowlist for updatable production driver.
2026-06-16 15:23:14.137 19750-19750 FridayLogger            com.friday.assistant                 I  FridayLogger initialized. Log file path: /storage/emulated/0/Android/data/com.friday.assistant/files/friday_debug_logs.txt
2026-06-16 15:23:14.139 19750-19750 FridayApplication       com.friday.assistant                 I  Initializing Project Friday Application
2026-06-16 15:23:14.150 19750-19750 FridayApplication       com.friday.assistant                 D  Notification channel created
2026-06-16 15:23:14.151  1520-2045  SGM:FgCheckThread       system_server                        D  notifyAppCreated(), packageName: com.friday.assistant, userId: 0, sendRet: true
2026-06-16 15:23:14.151  1520-1956  SGM:FgCheckThread       system_server                        D  onLooperPrepared(), msg: MSG_APP_CREATE, pkgName: com.friday.assistant, userId: 0
2026-06-16 15:23:14.151  1520-2045  SGM:FgCheckThread       system_server                        D    sendRunningComponentFocus(), pkgName: com.friday.assistant, userId: 0
2026-06-16 15:23:14.151  1520-1956  SGM:FgCheckThread       system_server                        D  onLooperPrepared(), msg: MSG_TASK_FOCUSED, pkgName: com.friday.assistant, userId: 0
2026-06-16 15:23:14.151  1520-2045  InputDispatcher         system_server                        D  Focused application(0): ActivityRecord{39292960 u0 com.friday.assistant/.ui.screens.MainActivity t64}
2026-06-16 15:23:14.151  1520-1956  SGM:FgCheckThread       system_server                        D    handleTaskFocused(), pkgName: com.friday.assistant, userID:0
2026-06-16 15:23:14.152  1520-1956  SGM:FgCheckThread       system_server                        D    handleResume(). pkgName: com.friday.assistant, userId: 0, category: non-game
2026-06-16 15:23:14.152  1520-1956  SGM:FgCheckThread       system_server                        D  notifyFocusInOut(). of pkg: com.friday.assistant, type: 4, isSecGameFamily: false, userId: 0
2026-06-16 15:23:14.152  1520-2045  ActivityTaskManager     system_server                        D  scheduleTopResumedActivityChanged, onTop=true, r=ActivityRecord{39292960 u0 com.friday.assistant/.ui.screens.MainActivity t64}, caller=com.android.server.wm.ActivityTaskSupervisor.scheduleTopResumedActivityStateIfNeeded:18 com.android.server.wm.ActivityTaskSupervisor.updateTopResumedActivityIfNeeded:94 com.android.server.wm.TaskFragment.setResumedActivity:29 com.android.server.wm.ActivityRecord.setState:100 com.android.server.wm.ActivityTaskSupervisor.realStartActivityLocked:533 com.android.server.wm.RootWindowContainer.attachApplication:100 
2026-06-16 15:23:14.154  1520-1575  SGM:GameManager         system_server                        D  identifyForegroundApp. com.friday.assistant, mCurrentUserId: 0, callerUserId: 0
2026-06-16 15:23:14.154  1520-1575  SGM:GameManager         system_server                        D  identifyForegroundApp. com.friday.assistant, mCurrentUserId: 0, callerUserId: 0
2026-06-16 15:23:14.155  1520-1577  SGM:GameManager         system_server                        D  identifyGamePackage. com.friday.assistant, mCurrentUserId: 0, callingMethodInfo: com.samsung.android.game.SemGameManager.isGamePackage(SemGameManager.java:106)
2026-06-16 15:23:14.155  1520-1577  SGM:SemGameManager      system_server                        D  isGamePackage(), pkgName=com.friday.assistant, ret=false
2026-06-16 15:23:14.155  1520-1577  SGM:FgCheckThread       system_server                        D  noteResumeComponent(), received pkgName: com.friday.assistant, userId: 0
2026-06-16 15:23:14.156  1520-2731  GraphicsStatsService    system_server                        D  requestRenderEngineFor(com.friday.assistant)
2026-06-16 15:23:14.156  6395-6521  SDHMS:k                 com.sec.android.sdhms                I  handleResumeComponent : put = com.friday.assistant, userid = 0 instanceid =179925918
2026-06-16 15:23:14.156 19750-19750 ActivityThread          com.friday.assistant                 D  com.friday.assistant will use render engine as VK
2026-06-16 15:23:14.156 19750-19750 HWUI                    com.friday.assistant                 D  HWUI - treat SMPTE_170M as sRGB
2026-06-16 15:23:14.157 19750-19777 DisplayManager          com.friday.assistant                 I  Choreographer implicitly registered for the refresh rate.
2026-06-16 15:23:14.157 19750-19777 HWUI                    com.friday.assistant                 D  CacheManager constructor. deviceInfo=(1080, 1920)
2026-06-16 15:23:14.158 19750-19777 vulkan                  com.friday.assistant                 D  searching for layers in '/data/app/~~qBqwpmLZQ0Qawf6cWVyYPw==/com.friday.assistant-cX-Lc8Y7UPDe_CaBqhpFOA==/lib/arm64'
2026-06-16 15:23:14.158 19750-19777 vulkan                  com.friday.assistant                 D  searching for layers in '/data/app/~~qBqwpmLZQ0Qawf6cWVyYPw==/com.friday.assistant-cX-Lc8Y7UPDe_CaBqhpFOA==/base.apk!/lib/arm64-v8a'
2026-06-16 15:23:14.159  1520-6837  SGM:GameManager         system_server                        D  identifyGamePackage. com.friday.assistant, mCurrentUserId: 0, callingMethodInfo: com.samsung.android.game.IGameManagerService$Stub.onTransact(IGameManagerService.java:247)
2026-06-16 15:23:14.160  1520-1956  SGM:FgCheckThread       system_server                        D  onLooperPrepared(), msg: MSG_APP_RESUME, pkgName: com.friday.assistant, userid: 0
2026-06-16 15:23:14.160 19750-19777 XGL                     com.friday.assistant                 V  ----------------------------------------------------------------------
2026-06-16 15:23:14.160 19750-19777 XGL                     com.friday.assistant                 V  SUMD version compiled date     = 2026-01-09 09:57 - KST
2026-06-16 15:23:14.160 19750-19777 XGL                     com.friday.assistant                 V  SUMD version revision number   = 1900168dcb
2026-06-16 15:23:14.160 19750-19777 XGL                     com.friday.assistant                 V  SUMD version info              = Driver version: 24.0.534, git hash: 1900168dcb
2026-06-16 15:23:14.160 19750-19777 XGL                     com.friday.assistant                 V  ----------------------------------------------------------------------
2026-06-16 15:23:14.160 19750-19777 XGL                     com.friday.assistant                 V  Entering: Create
2026-06-16 15:23:14.162  3026-3026  HoneySpace...rViewModel com.sec.android.app.launcher         I  cocktailHostRepository.edgePanelOperation NoteResumeComponent(componentName=ComponentInfo{com.friday.assistant/com.friday.assistant.ui.screens.MainActivity})
2026-06-16 15:23:14.162  3026-3026  HoneySpace...ivityUtils com.sec.android.app.launcher         I  HomePackage : com.sec.android.app.launcher, resumePackageName : com.friday.assistant, className : com.friday.assistant.ui.screens.MainActivity
2026-06-16 15:23:14.162  3392-3478  RequestManager_FLP      com.sec.location.nsflp2              I  onOpChanged, op=0 / packageName=com.friday.assistant
2026-06-16 15:23:14.165 19750-19750 DesktopExperienceFlags  com.friday.assistant                 D  Toggle override initialized to: false
2026-06-16 15:23:14.169 19750-19750 ashmem                  com.friday.assistant                 E  Pinning is deprecated since Android Q. Please use trim or other methods.
2026-06-16 15:23:14.172 19750-19777 XGL                     com.friday.assistant                 V  Exiting: Create
2026-06-16 15:23:14.174 19750-19750 MainActivity            com.friday.assistant                 I  MainActivity onCreate
2026-06-16 15:23:14.188 19750-19750 nativeloader            com.friday.assistant                 D  Load /data/app/~~qBqwpmLZQ0Qawf6cWVyYPw==/com.friday.assistant-cX-Lc8Y7UPDe_CaBqhpFOA==/base.apk!/lib/arm64-v8a/libonnxruntime4j_jni.so using class loader ns clns-9 (caller=/data/app/~~qBqwpmLZQ0Qawf6cWVyYPw==/com.friday.assistant-cX-Lc8Y7UPDe_CaBqhpFOA==/base.apk): ok
2026-06-16 15:23:14.281 19750-19750 libc                    com.friday.assistant                 W  Access denied finding property "ro.mediatek.platform"
2026-06-16 15:23:14.284  1520-2034  MdnieScena...rolService system_server                        D   packageName : com.friday.assistant    className : com.friday.assistant.ui.screens.MainActivity
2026-06-16 15:23:14.535  1520-2731  WindowManager           system_server                        V  Finish Transition: TransitionRecord{170e323 id=526 type=OPEN flags=0x0 parallelCollectType=NONE recentsDisplayId=-1 c=[
                                                                                                       ChangeInfo{6c52baa container=Task{1bbc978 #6 type=home I=com.sec.android.app.launcher/.activities.LauncherActivity} flags=0x10}
                                                                                                       ChangeInfo{4bd939b container=ActivityRecord{39292960 u0 com.friday.assistant/.ui.screens.MainActivity t64} flags=0x0}
                                                                                                       ChangeInfo{c934338 container=WindowedMagnification:0:31@79480339 flags=0x0}
